Archive member included to satisfy reference by file (symbol)

c:/program files (x86)/atmel/studio/7.0/toolchain/avr8/avr8-gnu-toolchain/bin/../lib/gcc/avr/4.9.2/../../../../avr/lib/avr5\libm.a(divsf3.o)
                              main.o (__divsf3)
c:/program files (x86)/atmel/studio/7.0/toolchain/avr8/avr8-gnu-toolchain/bin/../lib/gcc/avr/4.9.2/../../../../avr/lib/avr5\libm.a(divsf3x.o)
                              c:/program files (x86)/atmel/studio/7.0/toolchain/avr8/avr8-gnu-toolchain/bin/../lib/gcc/avr/4.9.2/../../../../avr/lib/avr5\libm.a(divsf3.o) (__divsf3x)
c:/program files (x86)/atmel/studio/7.0/toolchain/avr8/avr8-gnu-toolchain/bin/../lib/gcc/avr/4.9.2/../../../../avr/lib/avr5\libm.a(fixunssfsi.o)
                              main.o (__fixunssfsi)
c:/program files (x86)/atmel/studio/7.0/toolchain/avr8/avr8-gnu-toolchain/bin/../lib/gcc/avr/4.9.2/../../../../avr/lib/avr5\libm.a(floatsisf.o)
                              main.o (__floatunsisf)
c:/program files (x86)/atmel/studio/7.0/toolchain/avr8/avr8-gnu-toolchain/bin/../lib/gcc/avr/4.9.2/../../../../avr/lib/avr5\libm.a(fp_inf.o)
                              c:/program files (x86)/atmel/studio/7.0/toolchain/avr8/avr8-gnu-toolchain/bin/../lib/gcc/avr/4.9.2/../../../../avr/lib/avr5\libm.a(divsf3x.o) (__fp_inf)
c:/program files (x86)/atmel/studio/7.0/toolchain/avr8/avr8-gnu-toolchain/bin/../lib/gcc/avr/4.9.2/../../../../avr/lib/avr5\libm.a(fp_nan.o)
                              c:/program files (x86)/atmel/studio/7.0/toolchain/avr8/avr8-gnu-toolchain/bin/../lib/gcc/avr/4.9.2/../../../../avr/lib/avr5\libm.a(divsf3x.o) (__fp_nan)
c:/program files (x86)/atmel/studio/7.0/toolchain/avr8/avr8-gnu-toolchain/bin/../lib/gcc/avr/4.9.2/../../../../avr/lib/avr5\libm.a(fp_pscA.o)
                              c:/program files (x86)/atmel/studio/7.0/toolchain/avr8/avr8-gnu-toolchain/bin/../lib/gcc/avr/4.9.2/../../../../avr/lib/avr5\libm.a(divsf3x.o) (__fp_pscA)
c:/program files (x86)/atmel/studio/7.0/toolchain/avr8/avr8-gnu-toolchain/bin/../lib/gcc/avr/4.9.2/../../../../avr/lib/avr5\libm.a(fp_pscB.o)
                              c:/program files (x86)/atmel/studio/7.0/toolchain/avr8/avr8-gnu-toolchain/bin/../lib/gcc/avr/4.9.2/../../../../avr/lib/avr5\libm.a(divsf3x.o) (__fp_pscB)
c:/program files (x86)/atmel/studio/7.0/toolchain/avr8/avr8-gnu-toolchain/bin/../lib/gcc/avr/4.9.2/../../../../avr/lib/avr5\libm.a(fp_round.o)
                              c:/program files (x86)/atmel/studio/7.0/toolchain/avr8/avr8-gnu-toolchain/bin/../lib/gcc/avr/4.9.2/../../../../avr/lib/avr5\libm.a(divsf3.o) (__fp_round)
c:/program files (x86)/atmel/studio/7.0/toolchain/avr8/avr8-gnu-toolchain/bin/../lib/gcc/avr/4.9.2/../../../../avr/lib/avr5\libm.a(fp_split3.o)
                              c:/program files (x86)/atmel/studio/7.0/toolchain/avr8/avr8-gnu-toolchain/bin/../lib/gcc/avr/4.9.2/../../../../avr/lib/avr5\libm.a(divsf3x.o) (__fp_split3)
c:/program files (x86)/atmel/studio/7.0/toolchain/avr8/avr8-gnu-toolchain/bin/../lib/gcc/avr/4.9.2/../../../../avr/lib/avr5\libm.a(fp_zero.o)
                              c:/program files (x86)/atmel/studio/7.0/toolchain/avr8/avr8-gnu-toolchain/bin/../lib/gcc/avr/4.9.2/../../../../avr/lib/avr5\libm.a(fixunssfsi.o) (__fp_zero)
c:/program files (x86)/atmel/studio/7.0/toolchain/avr8/avr8-gnu-toolchain/bin/../lib/gcc/avr/4.9.2/../../../../avr/lib/avr5\libm.a(mulsf3.o)
                              main.o (__mulsf3)
c:/program files (x86)/atmel/studio/7.0/toolchain/avr8/avr8-gnu-toolchain/bin/../lib/gcc/avr/4.9.2/../../../../avr/lib/avr5\libm.a(mulsf3x.o)
                              c:/program files (x86)/atmel/studio/7.0/toolchain/avr8/avr8-gnu-toolchain/bin/../lib/gcc/avr/4.9.2/../../../../avr/lib/avr5\libm.a(mulsf3.o) (__mulsf3x)
c:/program files (x86)/atmel/studio/7.0/toolchain/avr8/avr8-gnu-toolchain/bin/../lib/gcc/avr/4.9.2/avr5\libgcc.a(_exit.o)
                              C:/Program Files (x86)/Atmel/Studio/7.0/Packs/atmel/ATmega_DFP/1.0.90/gcc/dev/atmega16a/avr5/crtatmega16a.o (exit)
c:/program files (x86)/atmel/studio/7.0/toolchain/avr8/avr8-gnu-toolchain/bin/../lib/gcc/avr/4.9.2/avr5\libgcc.a(_copy_data.o)
                              main.o (__do_copy_data)
c:/program files (x86)/atmel/studio/7.0/toolchain/avr8/avr8-gnu-toolchain/bin/../lib/gcc/avr/4.9.2/avr5\libgcc.a(_clear_bss.o)
                              main.o (__do_clear_bss)
c:/program files (x86)/atmel/studio/7.0/toolchain/avr8/avr8-gnu-toolchain/bin/../lib/gcc/avr/4.9.2/avr5\libgcc.a(_ctors.o)
                              main.o (__do_global_ctors)
c:/program files (x86)/atmel/studio/7.0/toolchain/avr8/avr8-gnu-toolchain/bin/../lib/gcc/avr/4.9.2/avr5\libgcc.a(_dtors.o)
                              main.o (__do_global_dtors)
c:/program files (x86)/atmel/studio/7.0/toolchain/avr8/avr8-gnu-toolchain/bin/../lib/gcc/avr/4.9.2/avr5\libgcc.a(_tablejump2.o)
[...]
Memory Configuration

Name             Origin             Length             Attributes
text             0x00000000         0x00020000         xr
data             0x00800060         0x0000ffa0         rw !x
eeprom           0x00810000         0x00010000         rw !x
fuse             0x00820000         0x00000400         rw !x
lock             0x00830000         0x00000400         rw !x
signature        0x00840000         0x00000400         rw !x
user_signatures  0x00850000         0x00000400         rw !x
*default*        0x00000000         0xffffffff

Linker script and memory map

LOAD C:/Program Files (x86)/Atmel/Studio/7.0/Packs/atmel/ATmega_DFP/1.0.90/gcc/dev/atmega16a/avr5/crtatmega16a.o
LOAD AS5048A.o
LOAD Button.o
LOAD main.o
LOAD Sh1106Class.o
LOAD ShiftRegister.o
LOAD SPL/Atmega16A_SPL.o
LOAD SPL/Avr5Lib.o
LOAD TaskManager/MainAsyncChainedTaskManager.o
START GROUP
LOAD c:/program files (x86)/atmel/studio/7.0/toolchain/avr8/avr8-gnu-toolchain/bin/../lib/gcc/avr/4.9.2/../../../../avr/lib/avr5\libm.a
END GROUP
LOAD c:/program files (x86)/atmel/studio/7.0/toolchain/avr8/avr8-gnu-toolchain/bin/../lib/gcc/avr/4.9.2/avr5\libgcc.a
LOAD c:/program files (x86)/atmel/studio/7.0/toolchain/avr8/avr8-gnu-toolchain/bin/../lib/gcc/avr/4.9.2/../../../../avr/lib/avr5\libm.a
START GROUP
LOAD c:/program files (x86)/atmel/studio/7.0/toolchain/avr8/avr8-gnu-toolchain/bin/../lib/gcc/avr/4.9.2/avr5\libgcc.a
LOAD c:/program files (x86)/atmel/studio/7.0/toolchain/avr8/avr8-gnu-toolchain/bin/../lib/gcc/avr/4.9.2/../../../../avr/lib/avr5\libm.a
LOAD c:/program files (x86)/atmel/studio/7.0/toolchain/avr8/avr8-gnu-toolchain/bin/../lib/gcc/avr/4.9.2/../../../../avr/lib/avr5\libc.a
LOAD C:/Program Files (x86)/Atmel/Studio/7.0/Packs/atmel/ATmega_DFP/1.0.90/gcc/dev/atmega16a/avr5\libatmega16a.a
END GROUP

.hash
 *(.hash)

.dynsym
 *(.dynsym)

.dynstr
 *(.dynstr)

.gnu.version
 *(.gnu.version)

.gnu.version_d
 *(.gnu.version_d)

.gnu.version_r
 *(.gnu.version_r)

.rel.init
 *(.rel.init)

.rela.init
 *(.rela.init)

.rel.text
 *(.rel.text)
 *(.rel.text.*)
 *(.rel.gnu.linkonce.t*)

.rela.text
 *(.rela.text)
 *(.rela.text.*)
 *(.rela.gnu.linkonce.t*)

.rel.fini
 *(.rel.fini)

.rela.fini
 *(.rela.fini)

.rel.rodata
 *(.rel.rodata)
 *(.rel.rodata.*)
 *(.rel.gnu.linkonce.r*)

.rela.rodata
 *(.rela.rodata)
 *(.rela.rodata.*)
 *(.rela.gnu.linkonce.r*)

.rel.data
 *(.rel.data)
 *(.rel.data.*)
 *(.rel.gnu.linkonce.d*)

.rela.data
 *(.rela.data)
 *(.rela.data.*)
 *(.rela.gnu.linkonce.d*)

.rel.ctors
 *(.rel.ctors)

.rela.ctors
 *(.rela.ctors)

.rel.dtors
 *(.rel.dtors)

.rela.dtors
 *(.rela.dtors)

.rel.got
 *(.rel.got)

.rela.got
 *(.rela.got)

.rel.bss
 *(.rel.bss)

.rela.bss
 *(.rela.bss)

.rel.plt
 *(.rel.plt)

.rela.plt
 *(.rela.plt)

.text           0x00000000     0x1482
 *(.vectors)
 .vectors       0x00000000       0x54 C:/Program Files (x86)/Atmel/Studio/7.0/Packs/atmel/ATmega_DFP/1.0.90/gcc/dev/atmega16a/avr5/crtatmega16a.o
                0x00000000                __vector_default
                0x00000000                __vectors
 *(.vectors)
 *(.progmem.gcc*)
                0x00000054                . = ALIGN (0x2)
                0x00000054                __trampolines_start = .
 *(.trampolines)
 .trampolines   0x00000054        0x0 linker stubs
 *(.trampolines*)
                0x00000054                __trampolines_end = .
 *(.progmem*)
                0x00000054                . = ALIGN (0x2)
 *(.jumptables)
 *(.jumptables*)
 *(.lowtext)
 *(.lowtext*)
                0x00000054                __ctors_start = .
 *(.ctors)
 .ctors         0x00000054        0x2 main.o
                0x00000056                __ctors_end = .
                0x00000056                __dtors_start = .
 *(.dtors)
 .dtors         0x00000056        0x2 main.o
                0x00000058                __dtors_end = .
 SORT(*)(.ctors)
 SORT(*)(.dtors)
 *(.init0)
 .init0         0x00000058        0x0 C:/Program Files (x86)/Atmel/Studio/7.0/Packs/atmel/ATmega_DFP/1.0.90/gcc/dev/atmega16a/avr5/crtatmega16a.o
                0x00000058                __init
 *(.init0)
 *(.init1)
 *(.init1)
 *(.init2)
 .init2         0x00000058        0xc C:/Program Files (x86)/Atmel/Studio/7.0/Packs/atmel/ATmega_DFP/1.0.90/gcc/dev/atmega16a/avr5/crtatmega16a.o
 *(.init2)
 *(.init3)
 *(.init3)
 *(.init4)
 .init4         0x00000064       0x16 c:/program files (x86)/atmel/studio/7.0/toolchain/avr8/avr8-gnu-toolchain/bin/../lib/gcc/avr/4.9.2/avr5\libgcc.a(_copy_data.o)
                0x00000064                __do_copy_data
 .init4         0x0000007a       0x10 c:/program files (x86)/atmel/studio/7.0/toolchain/avr8/avr8-gnu-toolchain/bin/../lib/gcc/avr/4.9.2/avr5\libgcc.a(_clear_bss.o)
                0x0000007a                __do_clear_bss
 *(.init4)
 *(.init5)
 *(.init5)
 *(.init6)
 .init6         0x0000008a       0x16 c:/program files (x86)/atmel/studio/7.0/toolchain/avr8/avr8-gnu-toolchain/bin/../lib/gcc/avr/4.9.2/avr5\libgcc.a(_ctors.o)
                0x0000008a                __do_global_ctors
 *(.init6)
 *(.init7)
 *(.init7)
 *(.init8)
 *(.init8)
 *(.init9)
 .init9         0x000000a0        0x8 C:/Program Files (x86)/Atmel/Studio/7.0/Packs/atmel/ATmega_DFP/1.0.90/gcc/dev/atmega16a/avr5/crtatmega16a.o
 *(.init9)
 *(.text)
 .text          0x000000a8        0x4 C:/Program Files (x86)/Atmel/Studio/7.0/Packs/atmel/ATmega_DFP/1.0.90/gcc/dev/atmega16a/avr5/crtatmega16a.o
                0x000000a8                __vector_1
                0x000000a8                __vector_12
                0x000000a8                __bad_interrupt
                0x000000a8                __vector_6
                0x000000a8                __vector_3
                0x000000a8                __vector_11
                0x000000a8                __vector_13
                0x000000a8                __vector_17
                0x000000a8                __vector_7
                0x000000a8                __vector_5
                0x000000a8                __vector_4
                0x000000a8                __vector_9
                0x000000a8                __vector_2
                0x000000a8                __vector_15
                0x000000a8                __vector_8
                0x000000a8                __vector_14
                0x000000a8                __vector_10
                0x000000a8                __vector_16
                0x000000a8                __vector_18
                0x000000a8                __vector_20
 .text          0x000000ac      0x5f8 main.o
                0x000000ac                _Znwj
                0x000000b2                _ZdlPv
                0x000000b8                __vector_19
                0x00000132                _Z18NextCalibrateStagev
                0x000001b6                _Z36ShiftRegisterToMjoyButtonsTranslatorv
                0x00000240                _Z12KeyboardTaskP4Task
                0x000002e8                _Z13RegisterTasksv
                0x0000033e                _Z13PWMInitializev
                0x00000378                _Z10ComputePWMv
                0x000004ba                _Z15InitializePortsv
                0x000004d0                _Z17InitializeProgramv
                0x00000624                main
                0x000006a4                . = ALIGN (0x2)
 *(.text.*)
 .text._ZN4PinSILh53ELh51ELh52ELh6EE5ClearEv
                0x000006a4        0x4 main.o
                0x000006a4                _ZN4PinSILh53ELh51ELh52ELh6EE5ClearEv
 .text._ZN4PinSILh53ELh51ELh52ELh7EE3SetEv
                0x000006a8        0x4 main.o
                0x000006a8                _ZN4PinSILh53ELh51ELh52ELh7EE3SetEv
 .text._ZN4PinSILh53ELh51ELh52ELh7EE5ClearEv
                0x000006ac        0x4 main.o
                0x000006ac                _ZN4PinSILh53ELh51ELh52ELh7EE5ClearEv
 .text._ZN4PinSILh53ELh51ELh52ELh6EE3SetEv
                0x000006b0        0x4 main.o
                0x000006b0                _ZN4PinSILh53ELh51ELh52ELh6EE3SetEv
 .text._ZN4PinSILh53ELh51ELh52ELh0EE7FastSetEv
                0x000006b4        0x4 main.o
                0x000006b4                _ZN4PinSILh53ELh51ELh52ELh0EE7FastSetEv
 .text._ZN4PinSILh53ELh51ELh52ELh1EE7FastSetEv
                0x000006b8        0x4 main.o
                0x000006b8                _ZN4PinSILh53ELh51ELh52ELh1EE7FastSetEv
 .text._ZN4PinSILh53ELh51ELh52ELh2EE7FastSetEv
                0x000006bc        0x4 main.o
                0x000006bc                _ZN4PinSILh53ELh51ELh52ELh2EE7FastSetEv
 .text._ZN4PinSILh53ELh51ELh52ELh3EE7FastSetEv
                0x000006c0        0x4 main.o
                0x000006c0                _ZN4PinSILh53ELh51ELh52ELh3EE7FastSetEv
 .text._ZN4PinSILh53ELh51ELh52ELh4EE7FastSetEv
                0x000006c4        0x4 main.o
                0x000006c4                _ZN4PinSILh53ELh51ELh52ELh4EE7FastSetEv
 .text._ZN4PinSILh53ELh51ELh52ELh5EE7FastSetEv
                0x000006c8        0x4 main.o
                0x000006c8                _ZN4PinSILh53ELh51ELh52ELh5EE7FastSetEv
 .text._ZN4PinSILh53ELh51ELh52ELh0EE5ClearEv
                0x000006cc        0x4 main.o
                0x000006cc                _ZN4PinSILh53ELh51ELh52ELh0EE5ClearEv
 .text._ZN4PinSILh53ELh51ELh52ELh1EE5ClearEv
                0x000006d0        0x4 main.o
                0x000006d0                _ZN4PinSILh53ELh51ELh52ELh1EE5ClearEv
 .text._ZN4PinSILh53ELh51ELh52ELh2EE5ClearEv
                0x000006d4        0x4 main.o
                0x000006d4                _ZN4PinSILh53ELh51ELh52ELh2EE5ClearEv
 .text._ZN4PinSILh53ELh51ELh52ELh3EE5ClearEv
                0x000006d8        0x4 main.o
                0x000006d8                _ZN4PinSILh53ELh51ELh52ELh3EE5ClearEv
 .text._ZN4PinSILh53ELh51ELh52ELh4EE5ClearEv
                0x000006dc        0x4 main.o
                0x000006dc                _ZN4PinSILh53ELh51ELh52ELh4EE5ClearEv
 .text._ZN4PinSILh53ELh51ELh52ELh5EE5ClearEv
                0x000006e0        0x4 main.o
                0x000006e0                _ZN4PinSILh53ELh51ELh52ELh5EE5ClearEv
 .text._ZN4PinSILh50ELh48ELh49ELh5EE8AsOutputEv
                0x000006e4        0x4 main.o
                0x000006e4                _ZN4PinSILh50ELh48ELh49ELh5EE8AsOutputEv
 .text._ZN4PinSILh53ELh51ELh52ELh7EE8AsOutputEv
                0x000006e8        0x4 main.o
                0x000006e8                _ZN4PinSILh53ELh51ELh52ELh7EE8AsOutputEv
 .text._ZN4PinSILh53ELh51ELh52ELh6EE8AsOutputEv
                0x000006ec        0x4 main.o
                0x000006ec                _ZN4PinSILh53ELh51ELh52ELh6EE8AsOutputEv
 .text._ZN4PinSILh50ELh48ELh49ELh5EED2Ev
                0x000006f0        0x2 main.o
                0x000006f0                _ZN4PinSILh50ELh48ELh49ELh5EED1Ev
                0x000006f0                _ZN4PinSILh50ELh48ELh49ELh5EED2Ev
 .text._ZN4PinSILh53ELh51ELh52ELh0EED2Ev
                0x000006f2        0x2 main.o
                0x000006f2                _ZN4PinSILh53ELh51ELh52ELh0EED1Ev
                0x000006f2                _ZN4PinSILh53ELh51ELh52ELh0EED2Ev
 .text._ZN4PinSILh53ELh51ELh52ELh1EED2Ev
                0x000006f4        0x2 main.o
                0x000006f4                _ZN4PinSILh53ELh51ELh52ELh1EED1Ev
                0x000006f4                _ZN4PinSILh53ELh51ELh52ELh1EED2Ev
 .text._ZN4PinSILh53ELh51ELh52ELh2EED2Ev
                0x000006f6        0x2 main.o
                0x000006f6                _ZN4PinSILh53ELh51ELh52ELh2EED2Ev
                0x000006f6                _ZN4PinSILh53ELh51ELh52ELh2EED1Ev
 .text._ZN4PinSILh53ELh51ELh52ELh3EED2Ev
                0x000006f8        0x2 main.o
                0x000006f8                _ZN4PinSILh53ELh51ELh52ELh3EED1Ev
                0x000006f8                _ZN4PinSILh53ELh51ELh52ELh3EED2Ev
 .text._ZN4PinSILh53ELh51ELh52ELh4EED2Ev
                0x000006fa        0x2 main.o
                0x000006fa                _ZN4PinSILh53ELh51ELh52ELh4EED2Ev
                0x000006fa                _ZN4PinSILh53ELh51ELh52ELh4EED1Ev
 .text._ZN4PinSILh53ELh51ELh52ELh5EED2Ev
                0x000006fc        0x2 main.o
                0x000006fc                _ZN4PinSILh53ELh51ELh52ELh5EED2Ev
                0x000006fc                _ZN4PinSILh53ELh51ELh52ELh5EED1Ev
 .text._ZN4PinSILh53ELh51ELh52ELh6EED2Ev
                0x000006fe        0x2 main.o
                0x000006fe                _ZN4PinSILh53ELh51ELh52ELh6EED2Ev
                0x000006fe                _ZN4PinSILh53ELh51ELh52ELh6EED1Ev
 .text._ZN4PinSILh53ELh51ELh52ELh7EED2Ev
                0x00000700        0x2 main.o
                0x00000700                _ZN4PinSILh53ELh51ELh52ELh7EED1Ev
                0x00000700                _ZN4PinSILh53ELh51ELh52ELh7EED2Ev
 .text._ZN4PinSILh56ELh54ELh55ELh7EED2Ev
                0x00000702        0x2 main.o
                0x00000702                _ZN4PinSILh56ELh54ELh55ELh7EED2Ev
                0x00000702                _ZN4PinSILh56ELh54ELh55ELh7EED1Ev
 .text._ZN4PinSILh56ELh54ELh55ELh6EED2Ev
                0x00000704        0x2 main.o
                0x00000704                _ZN4PinSILh56ELh54ELh55ELh6EED1Ev
                0x00000704                _ZN4PinSILh56ELh54ELh55ELh6EED2Ev
 .text._ZN4PinSILh56ELh54ELh55ELh5EED2Ev
                0x00000706        0x2 main.o
                0x00000706                _ZN4PinSILh56ELh54ELh55ELh5EED2Ev
                0x00000706                _ZN4PinSILh56ELh54ELh55ELh5EED1Ev
 .text._ZN4PinSILh56ELh54ELh55ELh4EED2Ev
                0x00000708        0x2 main.o
                0x00000708                _ZN4PinSILh56ELh54ELh55ELh4EED2Ev
                0x00000708                _ZN4PinSILh56ELh54ELh55ELh4EED1Ev
 .text._ZN4PinSILh56ELh54ELh55ELh3EED2Ev
                0x0000070a        0x2 main.o
                0x0000070a                _ZN4PinSILh56ELh54ELh55ELh3EED1Ev
                0x0000070a                _ZN4PinSILh56ELh54ELh55ELh3EED2Ev
 .text._ZN4PinSILh56ELh54ELh55ELh2EED2Ev
                0x0000070c        0x2 main.o
                0x0000070c                _ZN4PinSILh56ELh54ELh55ELh2EED2Ev
                0x0000070c                _ZN4PinSILh56ELh54ELh55ELh2EED1Ev
 .text._ZN4PinSILh56ELh54ELh55ELh1EED2Ev
                0x0000070e        0x2 main.o
                0x0000070e                _ZN4PinSILh56ELh54ELh55ELh1EED1Ev
                0x0000070e                _ZN4PinSILh56ELh54ELh55ELh1EED2Ev
 .text._ZN4PinSILh56ELh54ELh55ELh0EED2Ev
                0x00000710        0x2 main.o
                0x00000710                _ZN4PinSILh56ELh54ELh55ELh0EED1Ev
                0x00000710                _ZN4PinSILh56ELh54ELh55ELh0EED2Ev
 .text._ZN4PinSILh59ELh57ELh58ELh2EED2Ev
                0x00000712        0x2 main.o
                0x00000712                _ZN4PinSILh59ELh57ELh58ELh2EED2Ev
                0x00000712                _ZN4PinSILh59ELh57ELh58ELh2EED1Ev
 .text._ZN4PinSILh59ELh57ELh58ELh1EED2Ev
                0x00000714        0x2 main.o
                0x00000714                _ZN4PinSILh59ELh57ELh58ELh1EED2Ev
                0x00000714                _ZN4PinSILh59ELh57ELh58ELh1EED1Ev
 .text._ZN4PinSILh59ELh57ELh58ELh0EED2Ev
                0x00000716        0x2 main.o
                0x00000716                _ZN4PinSILh59ELh57ELh58ELh0EED1Ev
                0x00000716                _ZN4PinSILh59ELh57ELh58ELh0EED2Ev
 .text._ZN4PinSILh50ELh48ELh49ELh5EE7FastSetEv
                0x00000718        0x4 main.o
                0x00000718                _ZN4PinSILh50ELh48ELh49ELh5EE7FastSetEv
 .text._ZN4PinSILh50ELh48ELh49ELh5EE9FastClearEv
                0x0000071c        0x4 main.o
                0x0000071c                _ZN4PinSILh50ELh48ELh49ELh5EE9FastClearEv
 .text._ZN4PinSILh50ELh48ELh49ELh5EE10FastToggleEv
                0x00000720        0xa main.o
                0x00000720                _ZN4PinSILh50ELh48ELh49ELh5EE10FastToggleEv
 .text._ZN4PinSILh50ELh48ELh49ELh5EE12FastAsOutputEv
                0x0000072a        0x4 main.o
                0x0000072a                _ZN4PinSILh50ELh48ELh49ELh5EE12FastAsOutputEv
 .text._ZN4PinSILh50ELh48ELh49ELh5EE11FastAsInputEv
                0x0000072e        0x4 main.o
                0x0000072e                _ZN4PinSILh50ELh48ELh49ELh5EE11FastAsInputEv
 .text._ZN4PinSILh50ELh48ELh49ELh5EE7BoolSetEb
                0x00000732       0x24 main.o
                0x00000732                _ZN4PinSILh50ELh48ELh49ELh5EE7BoolSetEb
 .text._ZN4PinSILh50ELh48ELh49ELh5EE5CheckEv
                0x00000756        0xa main.o
                0x00000756                _ZN4PinSILh50ELh48ELh49ELh5EE5CheckEv
 .text._ZN4PinSILh50ELh48ELh49ELh5EE3SetEv
                0x00000760        0x4 main.o
                0x00000760                _ZN4PinSILh50ELh48ELh49ELh5EE3SetEv
 .text._ZN4PinSILh50ELh48ELh49ELh5EE5ClearEv
                0x00000764        0x4 main.o
                0x00000764                _ZN4PinSILh50ELh48ELh49ELh5EE5ClearEv
 .text._ZN4PinSILh50ELh48ELh49ELh5EE6ToggleEv
                0x00000768        0xa main.o
                0x00000768                _ZN4PinSILh50ELh48ELh49ELh5EE6ToggleEv
 .text._ZN4PinSILh50ELh48ELh49ELh5EE7AsInputEv
                0x00000772        0x4 main.o
                0x00000772                _ZN4PinSILh50ELh48ELh49ELh5EE7AsInputEv
 .text._ZN4PinSILh53ELh51ELh52ELh0EE9FastClearEv
                0x00000776        0x4 main.o
                0x00000776                _ZN4PinSILh53ELh51ELh52ELh0EE9FastClearEv
 .text._ZN4PinSILh53ELh51ELh52ELh0EE10FastToggleEv
                0x0000077a        0xa main.o
                0x0000077a                _ZN4PinSILh53ELh51ELh52ELh0EE10FastToggleEv
 .text._ZN4PinSILh53ELh51ELh52ELh0EE12FastAsOutputEv
                0x00000784        0x4 main.o
                0x00000784                _ZN4PinSILh53ELh51ELh52ELh0EE12FastAsOutputEv
 .text._ZN4PinSILh53ELh51ELh52ELh0EE11FastAsInputEv
                0x00000788        0x4 main.o
                0x00000788                _ZN4PinSILh53ELh51ELh52ELh0EE11FastAsInputEv
 .text._ZN4PinSILh53ELh51ELh52ELh0EE7BoolSetEb
                0x0000078c       0x24 main.o
                0x0000078c                _ZN4PinSILh53ELh51ELh52ELh0EE7BoolSetEb
 .text._ZN4PinSILh53ELh51ELh52ELh0EE5CheckEv
                0x000007b0        0x6 main.o
                0x000007b0                _ZN4PinSILh53ELh51ELh52ELh0EE5CheckEv
 .text._ZN4PinSILh53ELh51ELh52ELh0EE3SetEv
                0x000007b6        0x4 main.o
                0x000007b6                _ZN4PinSILh53ELh51ELh52ELh0EE3SetEv
 .text._ZN4PinSILh53ELh51ELh52ELh0EE6ToggleEv
                0x000007ba        0xa main.o
                0x000007ba                _ZN4PinSILh53ELh51ELh52ELh0EE6ToggleEv
 .text._ZN4PinSILh53ELh51ELh52ELh0EE8AsOutputEv
                0x000007c4        0x4 main.o
                0x000007c4                _ZN4PinSILh53ELh51ELh52ELh0EE8AsOutputEv
 .text._ZN4PinSILh53ELh51ELh52ELh0EE7AsInputEv
                0x000007c8        0x4 main.o
                0x000007c8                _ZN4PinSILh53ELh51ELh52ELh0EE7AsInputEv
 .text._ZN4PinSILh53ELh51ELh52ELh1EE9FastClearEv
                0x000007cc        0x4 main.o
                0x000007cc                _ZN4PinSILh53ELh51ELh52ELh1EE9FastClearEv
 .text._ZN4PinSILh53ELh51ELh52ELh1EE10FastToggleEv
                0x000007d0        0xa main.o
                0x000007d0                _ZN4PinSILh53ELh51ELh52ELh1EE10FastToggleEv
 .text._ZN4PinSILh53ELh51ELh52ELh1EE12FastAsOutputEv
                0x000007da        0x4 main.o
                0x000007da                _ZN4PinSILh53ELh51ELh52ELh1EE12FastAsOutputEv
 .text._ZN4PinSILh53ELh51ELh52ELh1EE11FastAsInputEv
                0x000007de        0x4 main.o
                0x000007de                _ZN4PinSILh53ELh51ELh52ELh1EE11FastAsInputEv
 .text._ZN4PinSILh53ELh51ELh52ELh1EE7BoolSetEb
                0x000007e2       0x24 main.o
                0x000007e2                _ZN4PinSILh53ELh51ELh52ELh1EE7BoolSetEb
 .text._ZN4PinSILh53ELh51ELh52ELh1EE5CheckEv
                0x00000806        0x8 main.o
                0x00000806                _ZN4PinSILh53ELh51ELh52ELh1EE5CheckEv
 .text._ZN4PinSILh53ELh51ELh52ELh1EE3SetEv
                0x0000080e        0x4 main.o
                0x0000080e                _ZN4PinSILh53ELh51ELh52ELh1EE3SetEv
 .text._ZN4PinSILh53ELh51ELh52ELh1EE6ToggleEv
                0x00000812        0xa main.o
                0x00000812                _ZN4PinSILh53ELh51ELh52ELh1EE6ToggleEv
 .text._ZN4PinSILh53ELh51ELh52ELh1EE8AsOutputEv
                0x0000081c        0x4 main.o
                0x0000081c                _ZN4PinSILh53ELh51ELh52ELh1EE8AsOutputEv
 .text._ZN4PinSILh53ELh51ELh52ELh1EE7AsInputEv
                0x00000820        0x4 main.o
                0x00000820                _ZN4PinSILh53ELh51ELh52ELh1EE7AsInputEv
 .text._ZN4PinSILh53ELh51ELh52ELh2EE9FastClearEv
                0x00000824        0x4 main.o
                0x00000824                _ZN4PinSILh53ELh51ELh52ELh2EE9FastClearEv
 .text._ZN4PinSILh53ELh51ELh52ELh2EE10FastToggleEv
                0x00000828        0xa main.o
                0x00000828                _ZN4PinSILh53ELh51ELh52ELh2EE10FastToggleEv
 .text._ZN4PinSILh53ELh51ELh52ELh2EE12FastAsOutputEv
                0x00000832        0x4 main.o
                0x00000832                _ZN4PinSILh53ELh51ELh52ELh2EE12FastAsOutputEv
 .text._ZN4PinSILh53ELh51ELh52ELh2EE11FastAsInputEv
                0x00000836        0x4 main.o
                0x00000836                _ZN4PinSILh53ELh51ELh52ELh2EE11FastAsInputEv
 .text._ZN4PinSILh53ELh51ELh52ELh2EE7BoolSetEb
                0x0000083a       0x24 main.o
                0x0000083a                _ZN4PinSILh53ELh51ELh52ELh2EE7BoolSetEb
 .text._ZN4PinSILh53ELh51ELh52ELh2EE5CheckEv
                0x0000085e        0xa main.o
                0x0000085e                _ZN4PinSILh53ELh51ELh52ELh2EE5CheckEv
 .text._ZN4PinSILh53ELh51ELh52ELh2EE3SetEv
                0x00000868        0x4 main.o
                0x00000868                _ZN4PinSILh53ELh51ELh52ELh2EE3SetEv
 .text._ZN4PinSILh53ELh51ELh52ELh2EE6ToggleEv
                0x0000086c        0xa main.o
                0x0000086c                _ZN4PinSILh53ELh51ELh52ELh2EE6ToggleEv
 .text._ZN4PinSILh53ELh51ELh52ELh2EE8AsOutputEv
                0x00000876        0x4 main.o
                0x00000876                _ZN4PinSILh53ELh51ELh52ELh2EE8AsOutputEv
 .text._ZN4PinSILh53ELh51ELh52ELh2EE7AsInputEv
                0x0000087a        0x4 main.o
                0x0000087a                _ZN4PinSILh53ELh51ELh52ELh2EE7AsInputEv
 .text._ZN4PinSILh53ELh51ELh52ELh3EE9FastClearEv
                0x0000087e        0x4 main.o
                0x0000087e                _ZN4PinSILh53ELh51ELh52ELh3EE9FastClearEv
 .text._ZN4PinSILh53ELh51ELh52ELh3EE10FastToggleEv
                0x00000882        0xa main.o
                0x00000882                _ZN4PinSILh53ELh51ELh52ELh3EE10FastToggleEv
 .text._ZN4PinSILh53ELh51ELh52ELh3EE12FastAsOutputEv
                0x0000088c        0x4 main.o
                0x0000088c                _ZN4PinSILh53ELh51ELh52ELh3EE12FastAsOutputEv
 .text._ZN4PinSILh53ELh51ELh52ELh3EE11FastAsInputEv
                0x00000890        0x4 main.o
                0x00000890                _ZN4PinSILh53ELh51ELh52ELh3EE11FastAsInputEv
 .text._ZN4PinSILh53ELh51ELh52ELh3EE7BoolSetEb
                0x00000894       0x24 main.o
                0x00000894                _ZN4PinSILh53ELh51ELh52ELh3EE7BoolSetEb
 .text._ZN4PinSILh53ELh51ELh52ELh3EE5CheckEv
                0x000008b8        0xa main.o
                0x000008b8                _ZN4PinSILh53ELh51ELh52ELh3EE5CheckEv
 .text._ZN4PinSILh53ELh51ELh52ELh3EE3SetEv
                0x000008c2        0x4 main.o
                0x000008c2                _ZN4PinSILh53ELh51ELh52ELh3EE3SetEv
 .text._ZN4PinSILh53ELh51ELh52ELh3EE6ToggleEv
                0x000008c6        0xa main.o
                0x000008c6                _ZN4PinSILh53ELh51ELh52ELh3EE6ToggleEv
 .text._ZN4PinSILh53ELh51ELh52ELh3EE8AsOutputEv
                0x000008d0        0x4 main.o
                0x000008d0                _ZN4PinSILh53ELh51ELh52ELh3EE8AsOutputEv
 .text._ZN4PinSILh53ELh51ELh52ELh3EE7AsInputEv
                0x000008d4        0x4 main.o
                0x000008d4                _ZN4PinSILh53ELh51ELh52ELh3EE7AsInputEv
 .text._ZN4PinSILh53ELh51ELh52ELh4EE9FastClearEv
                0x000008d8        0x4 main.o
                0x000008d8                _ZN4PinSILh53ELh51ELh52ELh4EE9FastClearEv
 .text._ZN4PinSILh53ELh51ELh52ELh4EE10FastToggleEv
                0x000008dc        0xa main.o
                0x000008dc                _ZN4PinSILh53ELh51ELh52ELh4EE10FastToggleEv
 .text._ZN4PinSILh53ELh51ELh52ELh4EE12FastAsOutputEv
                0x000008e6        0x4 main.o
                0x000008e6                _ZN4PinSILh53ELh51ELh52ELh4EE12FastAsOutputEv
 .text._ZN4PinSILh53ELh51ELh52ELh4EE11FastAsInputEv
                0x000008ea        0x4 main.o
                0x000008ea                _ZN4PinSILh53ELh51ELh52ELh4EE11FastAsInputEv
 .text._ZN4PinSILh53ELh51ELh52ELh4EE7BoolSetEb
                0x000008ee       0x24 main.o
                0x000008ee                _ZN4PinSILh53ELh51ELh52ELh4EE7BoolSetEb
 .text._ZN4PinSILh53ELh51ELh52ELh4EE5CheckEv
                0x00000912        0x8 main.o
                0x00000912                _ZN4PinSILh53ELh51ELh52ELh4EE5CheckEv
 .text._ZN4PinSILh53ELh51ELh52ELh4EE3SetEv
                0x0000091a        0x4 main.o
                0x0000091a                _ZN4PinSILh53ELh51ELh52ELh4EE3SetEv
 .text._ZN4PinSILh53ELh51ELh52ELh4EE6ToggleEv
                0x0000091e        0xa main.o
                0x0000091e                _ZN4PinSILh53ELh51ELh52ELh4EE6ToggleEv
 .text._ZN4PinSILh53ELh51ELh52ELh4EE8AsOutputEv
                0x00000928        0x4 main.o
                0x00000928                _ZN4PinSILh53ELh51ELh52ELh4EE8AsOutputEv
 .text._ZN4PinSILh53ELh51ELh52ELh4EE7AsInputEv
                0x0000092c        0x4 main.o
                0x0000092c                _ZN4PinSILh53ELh51ELh52ELh4EE7AsInputEv
 .text._ZN4PinSILh53ELh51ELh52ELh5EE9FastClearEv
                0x00000930        0x4 main.o
                0x00000930                _ZN4PinSILh53ELh51ELh52ELh5EE9FastClearEv
 .text._ZN4PinSILh53ELh51ELh52ELh5EE10FastToggleEv
                0x00000934        0xa main.o
                0x00000934                _ZN4PinSILh53ELh51ELh52ELh5EE10FastToggleEv
 .text._ZN4PinSILh53ELh51ELh52ELh5EE12FastAsOutputEv
                0x0000093e        0x4 main.o
                0x0000093e                _ZN4PinSILh53ELh51ELh52ELh5EE12FastAsOutputEv
 .text._ZN4PinSILh53ELh51ELh52ELh5EE11FastAsInputEv
                0x00000942        0x4 main.o
                0x00000942                _ZN4PinSILh53ELh51ELh52ELh5EE11FastAsInputEv
 .text._ZN4PinSILh53ELh51ELh52ELh5EE7BoolSetEb
                0x00000946       0x24 main.o
                0x00000946                _ZN4PinSILh53ELh51ELh52ELh5EE7BoolSetEb
 .text._ZN4PinSILh53ELh51ELh52ELh5EE5CheckEv
                0x0000096a        0xa main.o
                0x0000096a                _ZN4PinSILh53ELh51ELh52ELh5EE5CheckEv
 .text._ZN4PinSILh53ELh51ELh52ELh5EE3SetEv
                0x00000974        0x4 main.o
                0x00000974                _ZN4PinSILh53ELh51ELh52ELh5EE3SetEv
 .text._ZN4PinSILh53ELh51ELh52ELh5EE6ToggleEv
                0x00000978        0xa main.o
                0x00000978                _ZN4PinSILh53ELh51ELh52ELh5EE6ToggleEv
 .text._ZN4PinSILh53ELh51ELh52ELh5EE8AsOutputEv
                0x00000982        0x4 main.o
                0x00000982                _ZN4PinSILh53ELh51ELh52ELh5EE8AsOutputEv
 .text._ZN4PinSILh53ELh51ELh52ELh5EE7AsInputEv
                0x00000986        0x4 main.o
                0x00000986                _ZN4PinSILh53ELh51ELh52ELh5EE7AsInputEv
 .text._ZN4PinSILh53ELh51ELh52ELh6EE7FastSetEv
                0x0000098a        0x4 main.o
                0x0000098a                _ZN4PinSILh53ELh51ELh52ELh6EE7FastSetEv
 .text._ZN4PinSILh53ELh51ELh52ELh6EE9FastClearEv
                0x0000098e        0x4 main.o
                0x0000098e                _ZN4PinSILh53ELh51ELh52ELh6EE9FastClearEv
 .text._ZN4PinSILh53ELh51ELh52ELh6EE10FastToggleEv
                0x00000992        0xa main.o
                0x00000992                _ZN4PinSILh53ELh51ELh52ELh6EE10FastToggleEv
 .text._ZN4PinSILh53ELh51ELh52ELh6EE12FastAsOutputEv
                0x0000099c        0x4 main.o
                0x0000099c                _ZN4PinSILh53ELh51ELh52ELh6EE12FastAsOutputEv
 .text._ZN4PinSILh53ELh51ELh52ELh6EE11FastAsInputEv
                0x000009a0        0x4 main.o
                0x000009a0                _ZN4PinSILh53ELh51ELh52ELh6EE11FastAsInputEv
 .text._ZN4PinSILh53ELh51ELh52ELh6EE7BoolSetEb
                0x000009a4       0x24 main.o
                0x000009a4                _ZN4PinSILh53ELh51ELh52ELh6EE7BoolSetEb
 .text._ZN4PinSILh53ELh51ELh52ELh6EE5CheckEv
                0x000009c8        0xa main.o
                0x000009c8                _ZN4PinSILh53ELh51ELh52ELh6EE5CheckEv
 .text._ZN4PinSILh53ELh51ELh52ELh6EE6ToggleEv
                0x000009d2        0xa main.o
                0x000009d2                _ZN4PinSILh53ELh51ELh52ELh6EE6ToggleEv
 .text._ZN4PinSILh53ELh51ELh52ELh6EE7AsInputEv
                0x000009dc        0x4 main.o
                0x000009dc                _ZN4PinSILh53ELh51ELh52ELh6EE7AsInputEv
 .text._ZN4PinSILh53ELh51ELh52ELh7EE7FastSetEv
                0x000009e0        0x4 main.o
                0x000009e0                _ZN4PinSILh53ELh51ELh52ELh7EE7FastSetEv
 .text._ZN4PinSILh53ELh51ELh52ELh7EE9FastClearEv
                0x000009e4        0x4 main.o
                0x000009e4                _ZN4PinSILh53ELh51ELh52ELh7EE9FastClearEv
 .text._ZN4PinSILh53ELh51ELh52ELh7EE10FastToggleEv
                0x000009e8        0x8 main.o
                0x000009e8                _ZN4PinSILh53ELh51ELh52ELh7EE10FastToggleEv
 .text._ZN4PinSILh53ELh51ELh52ELh7EE12FastAsOutputEv
                0x000009f0        0x4 main.o
                0x000009f0                _ZN4PinSILh53ELh51ELh52ELh7EE12FastAsOutputEv
 .text._ZN4PinSILh53ELh51ELh52ELh7EE11FastAsInputEv
                0x000009f4        0x4 main.o
                0x000009f4                _ZN4PinSILh53ELh51ELh52ELh7EE11FastAsInputEv
 .text._ZN4PinSILh53ELh51ELh52ELh7EE7BoolSetEb
                0x000009f8       0x24 main.o
                0x000009f8                _ZN4PinSILh53ELh51ELh52ELh7EE7BoolSetEb
 .text._ZN4PinSILh53ELh51ELh52ELh7EE5CheckEv
                0x00000a1c        0x8 main.o
                0x00000a1c                _ZN4PinSILh53ELh51ELh52ELh7EE5CheckEv
 .text._ZN4PinSILh53ELh51ELh52ELh7EE6ToggleEv
                0x00000a24        0x8 main.o
                0x00000a24                _ZN4PinSILh53ELh51ELh52ELh7EE6ToggleEv
 .text._ZN4PinSILh53ELh51ELh52ELh7EE7AsInputEv
                0x00000a2c        0x4 main.o
                0x00000a2c                _ZN4PinSILh53ELh51ELh52ELh7EE7AsInputEv
 .text._ZN4PinSILh56ELh54ELh55ELh7EE7FastSetEv
                0x00000a30        0x4 main.o
                0x00000a30                _ZN4PinSILh56ELh54ELh55ELh7EE7FastSetEv
 .text._ZN4PinSILh56ELh54ELh55ELh7EE9FastClearEv
                0x00000a34        0x4 main.o
                0x00000a34                _ZN4PinSILh56ELh54ELh55ELh7EE9FastClearEv
 .text._ZN4PinSILh56ELh54ELh55ELh7EE10FastToggleEv
                0x00000a38        0x8 main.o
                0x00000a38                _ZN4PinSILh56ELh54ELh55ELh7EE10FastToggleEv
 .text._ZN4PinSILh56ELh54ELh55ELh7EE12FastAsOutputEv
                0x00000a40        0x4 main.o
                0x00000a40                _ZN4PinSILh56ELh54ELh55ELh7EE12FastAsOutputEv
 .text._ZN4PinSILh56ELh54ELh55ELh7EE11FastAsInputEv
                0x00000a44        0x4 main.o
                0x00000a44                _ZN4PinSILh56ELh54ELh55ELh7EE11FastAsInputEv
 .text._ZN4PinSILh56ELh54ELh55ELh7EE7BoolSetEb
                0x00000a48       0x24 main.o
                0x00000a48                _ZN4PinSILh56ELh54ELh55ELh7EE7BoolSetEb
 .text._ZN4PinSILh56ELh54ELh55ELh7EE5CheckEv
                0x00000a6c        0x8 main.o
                0x00000a6c                _ZN4PinSILh56ELh54ELh55ELh7EE5CheckEv
 .text._ZN4PinSILh56ELh54ELh55ELh7EE3SetEv
                0x00000a74        0x4 main.o
                0x00000a74                _ZN4PinSILh56ELh54ELh55ELh7EE3SetEv
 .text._ZN4PinSILh56ELh54ELh55ELh7EE5ClearEv
                0x00000a78        0x4 main.o
                0x00000a78                _ZN4PinSILh56ELh54ELh55ELh7EE5ClearEv
 .text._ZN4PinSILh56ELh54ELh55ELh7EE6ToggleEv
                0x00000a7c        0x8 main.o
                0x00000a7c                _ZN4PinSILh56ELh54ELh55ELh7EE6ToggleEv
 .text._ZN4PinSILh56ELh54ELh55ELh7EE8AsOutputEv
                0x00000a84        0x4 main.o
                0x00000a84                _ZN4PinSILh56ELh54ELh55ELh7EE8AsOutputEv
 .text._ZN4PinSILh56ELh54ELh55ELh7EE7AsInputEv
                0x00000a88        0x4 main.o
                0x00000a88                _ZN4PinSILh56ELh54ELh55ELh7EE7AsInputEv
 .text._ZN4PinSILh56ELh54ELh55ELh6EE7FastSetEv
                0x00000a8c        0x4 main.o
                0x00000a8c                _ZN4PinSILh56ELh54ELh55ELh6EE7FastSetEv
 .text._ZN4PinSILh56ELh54ELh55ELh6EE9FastClearEv
                0x00000a90        0x4 main.o
                0x00000a90                _ZN4PinSILh56ELh54ELh55ELh6EE9FastClearEv
 .text._ZN4PinSILh56ELh54ELh55ELh6EE10FastToggleEv
                0x00000a94        0xa main.o
                0x00000a94                _ZN4PinSILh56ELh54ELh55ELh6EE10FastToggleEv
 .text._ZN4PinSILh56ELh54ELh55ELh6EE12FastAsOutputEv
                0x00000a9e        0x4 main.o
                0x00000a9e                _ZN4PinSILh56ELh54ELh55ELh6EE12FastAsOutputEv
 .text._ZN4PinSILh56ELh54ELh55ELh6EE11FastAsInputEv
                0x00000aa2        0x4 main.o
                0x00000aa2                _ZN4PinSILh56ELh54ELh55ELh6EE11FastAsInputEv
 .text._ZN4PinSILh56ELh54ELh55ELh6EE7BoolSetEb
                0x00000aa6       0x24 main.o
                0x00000aa6                _ZN4PinSILh56ELh54ELh55ELh6EE7BoolSetEb
 .text._ZN4PinSILh56ELh54ELh55ELh6EE5CheckEv
                0x00000aca        0xa main.o
                0x00000aca                _ZN4PinSILh56ELh54ELh55ELh6EE5CheckEv
 .text._ZN4PinSILh56ELh54ELh55ELh6EE3SetEv
                0x00000ad4        0x4 main.o
                0x00000ad4                _ZN4PinSILh56ELh54ELh55ELh6EE3SetEv
 .text._ZN4PinSILh56ELh54ELh55ELh6EE5ClearEv
                0x00000ad8        0x4 main.o
                0x00000ad8                _ZN4PinSILh56ELh54ELh55ELh6EE5ClearEv
 .text._ZN4PinSILh56ELh54ELh55ELh6EE6ToggleEv
                0x00000adc        0xa main.o
                0x00000adc                _ZN4PinSILh56ELh54ELh55ELh6EE6ToggleEv
 .text._ZN4PinSILh56ELh54ELh55ELh6EE8AsOutputEv
                0x00000ae6        0x4 main.o
                0x00000ae6                _ZN4PinSILh56ELh54ELh55ELh6EE8AsOutputEv
 .text._ZN4PinSILh56ELh54ELh55ELh6EE7AsInputEv
                0x00000aea        0x4 main.o
                0x00000aea                _ZN4PinSILh56ELh54ELh55ELh6EE7AsInputEv
 .text._ZN4PinSILh56ELh54ELh55ELh5EE7FastSetEv
                0x00000aee        0x4 main.o
                0x00000aee                _ZN4PinSILh56ELh54ELh55ELh5EE7FastSetEv
 .text._ZN4PinSILh56ELh54ELh55ELh5EE9FastClearEv
                0x00000af2        0x4 main.o
                0x00000af2                _ZN4PinSILh56ELh54ELh55ELh5EE9FastClearEv
 .text._ZN4PinSILh56ELh54ELh55ELh5EE10FastToggleEv
                0x00000af6        0xa main.o
                0x00000af6                _ZN4PinSILh56ELh54ELh55ELh5EE10FastToggleEv
 .text._ZN4PinSILh56ELh54ELh55ELh5EE12FastAsOutputEv
                0x00000b00        0x4 main.o
                0x00000b00                _ZN4PinSILh56ELh54ELh55ELh5EE12FastAsOutputEv
 .text._ZN4PinSILh56ELh54ELh55ELh5EE11FastAsInputEv
                0x00000b04        0x4 main.o
                0x00000b04                _ZN4PinSILh56ELh54ELh55ELh5EE11FastAsInputEv
 .text._ZN4PinSILh56ELh54ELh55ELh5EE7BoolSetEb
                0x00000b08       0x24 main.o
                0x00000b08                _ZN4PinSILh56ELh54ELh55ELh5EE7BoolSetEb
 .text._ZN4PinSILh56ELh54ELh55ELh5EE5CheckEv
                0x00000b2c        0xa main.o
                0x00000b2c                _ZN4PinSILh56ELh54ELh55ELh5EE5CheckEv
 .text._ZN4PinSILh56ELh54ELh55ELh5EE3SetEv
                0x00000b36        0x4 main.o
                0x00000b36                _ZN4PinSILh56ELh54ELh55ELh5EE3SetEv
 .text._ZN4PinSILh56ELh54ELh55ELh5EE5ClearEv
                0x00000b3a        0x4 main.o
                0x00000b3a                _ZN4PinSILh56ELh54ELh55ELh5EE5ClearEv
 .text._ZN4PinSILh56ELh54ELh55ELh5EE6ToggleEv
                0x00000b3e        0xa main.o
                0x00000b3e                _ZN4PinSILh56ELh54ELh55ELh5EE6ToggleEv
 .text._ZN4PinSILh56ELh54ELh55ELh5EE8AsOutputEv
                0x00000b48        0x4 main.o
                0x00000b48                _ZN4PinSILh56ELh54ELh55ELh5EE8AsOutputEv
 .text._ZN4PinSILh56ELh54ELh55ELh5EE7AsInputEv
                0x00000b4c        0x4 main.o
                0x00000b4c                _ZN4PinSILh56ELh54ELh55ELh5EE7AsInputEv
 .text._ZN4PinSILh56ELh54ELh55ELh4EE7FastSetEv
                0x00000b50        0x4 main.o
                0x00000b50                _ZN4PinSILh56ELh54ELh55ELh4EE7FastSetEv
 .text._ZN4PinSILh56ELh54ELh55ELh4EE9FastClearEv
                0x00000b54        0x4 main.o
                0x00000b54                _ZN4PinSILh56ELh54ELh55ELh4EE9FastClearEv
 .text._ZN4PinSILh56ELh54ELh55ELh4EE10FastToggleEv
                0x00000b58        0xa main.o
                0x00000b58                _ZN4PinSILh56ELh54ELh55ELh4EE10FastToggleEv
 .text._ZN4PinSILh56ELh54ELh55ELh4EE12FastAsOutputEv
                0x00000b62        0x4 main.o
                0x00000b62                _ZN4PinSILh56ELh54ELh55ELh4EE12FastAsOutputEv
 .text._ZN4PinSILh56ELh54ELh55ELh4EE11FastAsInputEv
                0x00000b66        0x4 main.o
                0x00000b66                _ZN4PinSILh56ELh54ELh55ELh4EE11FastAsInputEv
 .text._ZN4PinSILh56ELh54ELh55ELh4EE7BoolSetEb
                0x00000b6a       0x24 main.o
                0x00000b6a                _ZN4PinSILh56ELh54ELh55ELh4EE7BoolSetEb
 .text._ZN4PinSILh56ELh54ELh55ELh4EE5CheckEv
                0x00000b8e        0x8 main.o
                0x00000b8e                _ZN4PinSILh56ELh54ELh55ELh4EE5CheckEv
 .text._ZN4PinSILh56ELh54ELh55ELh4EE3SetEv
                0x00000b96        0x4 main.o
                0x00000b96                _ZN4PinSILh56ELh54ELh55ELh4EE3SetEv
 .text._ZN4PinSILh56ELh54ELh55ELh4EE5ClearEv
                0x00000b9a        0x4 main.o
                0x00000b9a                _ZN4PinSILh56ELh54ELh55ELh4EE5ClearEv
 .text._ZN4PinSILh56ELh54ELh55ELh4EE6ToggleEv
                0x00000b9e        0xa main.o
                0x00000b9e                _ZN4PinSILh56ELh54ELh55ELh4EE6ToggleEv
 .text._ZN4PinSILh56ELh54ELh55ELh4EE8AsOutputEv
                0x00000ba8        0x4 main.o
                0x00000ba8                _ZN4PinSILh56ELh54ELh55ELh4EE8AsOutputEv
 .text._ZN4PinSILh56ELh54ELh55ELh4EE7AsInputEv
                0x00000bac        0x4 main.o
                0x00000bac                _ZN4PinSILh56ELh54ELh55ELh4EE7AsInputEv
 .text._ZN4PinSILh56ELh54ELh55ELh3EE7FastSetEv
                0x00000bb0        0x4 main.o
                0x00000bb0                _ZN4PinSILh56ELh54ELh55ELh3EE7FastSetEv
 .text._ZN4PinSILh56ELh54ELh55ELh3EE9FastClearEv
                0x00000bb4        0x4 main.o
                0x00000bb4                _ZN4PinSILh56ELh54ELh55ELh3EE9FastClearEv
 .text._ZN4PinSILh56ELh54ELh55ELh3EE10FastToggleEv
                0x00000bb8        0xa main.o
                0x00000bb8                _ZN4PinSILh56ELh54ELh55ELh3EE10FastToggleEv
 .text._ZN4PinSILh56ELh54ELh55ELh3EE12FastAsOutputEv
                0x00000bc2        0x4 main.o
                0x00000bc2                _ZN4PinSILh56ELh54ELh55ELh3EE12FastAsOutputEv
 .text._ZN4PinSILh56ELh54ELh55ELh3EE11FastAsInputEv
                0x00000bc6        0x4 main.o
                0x00000bc6                _ZN4PinSILh56ELh54ELh55ELh3EE11FastAsInputEv
 .text._ZN4PinSILh56ELh54ELh55ELh3EE7BoolSetEb
                0x00000bca       0x24 main.o
                0x00000bca                _ZN4PinSILh56ELh54ELh55ELh3EE7BoolSetEb
 .text._ZN4PinSILh56ELh54ELh55ELh3EE5CheckEv
                0x00000bee        0xa main.o
                0x00000bee                _ZN4PinSILh56ELh54ELh55ELh3EE5CheckEv
 .text._ZN4PinSILh56ELh54ELh55ELh3EE3SetEv
                0x00000bf8        0x4 main.o
                0x00000bf8                _ZN4PinSILh56ELh54ELh55ELh3EE3SetEv
 .text._ZN4PinSILh56ELh54ELh55ELh3EE5ClearEv
                0x00000bfc        0x4 main.o
                0x00000bfc                _ZN4PinSILh56ELh54ELh55ELh3EE5ClearEv
 .text._ZN4PinSILh56ELh54ELh55ELh3EE6ToggleEv
                0x00000c00        0xa main.o
                0x00000c00                _ZN4PinSILh56ELh54ELh55ELh3EE6ToggleEv
 .text._ZN4PinSILh56ELh54ELh55ELh3EE8AsOutputEv
                0x00000c0a        0x4 main.o
                0x00000c0a                _ZN4PinSILh56ELh54ELh55ELh3EE8AsOutputEv
 .text._ZN4PinSILh56ELh54ELh55ELh3EE7AsInputEv
                0x00000c0e        0x4 main.o
                0x00000c0e                _ZN4PinSILh56ELh54ELh55ELh3EE7AsInputEv
 .text._ZN4PinSILh56ELh54ELh55ELh2EE7FastSetEv
                0x00000c12        0x4 main.o
                0x00000c12                _ZN4PinSILh56ELh54ELh55ELh2EE7FastSetEv
 .text._ZN4PinSILh56ELh54ELh55ELh2EE9FastClearEv
                0x00000c16        0x4 main.o
                0x00000c16                _ZN4PinSILh56ELh54ELh55ELh2EE9FastClearEv
 .text._ZN4PinSILh56ELh54ELh55ELh2EE10FastToggleEv
                0x00000c1a        0xa main.o
                0x00000c1a                _ZN4PinSILh56ELh54ELh55ELh2EE10FastToggleEv
 .text._ZN4PinSILh56ELh54ELh55ELh2EE12FastAsOutputEv
                0x00000c24        0x4 main.o
                0x00000c24                _ZN4PinSILh56ELh54ELh55ELh2EE12FastAsOutputEv
 .text._ZN4PinSILh56ELh54ELh55ELh2EE11FastAsInputEv
                0x00000c28        0x4 main.o
                0x00000c28                _ZN4PinSILh56ELh54ELh55ELh2EE11FastAsInputEv
 .text._ZN4PinSILh56ELh54ELh55ELh2EE7BoolSetEb
                0x00000c2c       0x24 main.o
                0x00000c2c                _ZN4PinSILh56ELh54ELh55ELh2EE7BoolSetEb
 .text._ZN4PinSILh56ELh54ELh55ELh2EE5CheckEv
                0x00000c50        0xa main.o
                0x00000c50                _ZN4PinSILh56ELh54ELh55ELh2EE5CheckEv
 .text._ZN4PinSILh56ELh54ELh55ELh2EE3SetEv
                0x00000c5a        0x4 main.o
                0x00000c5a                _ZN4PinSILh56ELh54ELh55ELh2EE3SetEv
 .text._ZN4PinSILh56ELh54ELh55ELh2EE5ClearEv
                0x00000c5e        0x4 main.o
                0x00000c5e                _ZN4PinSILh56ELh54ELh55ELh2EE5ClearEv
 .text._ZN4PinSILh56ELh54ELh55ELh2EE6ToggleEv
                0x00000c62        0xa main.o
                0x00000c62                _ZN4PinSILh56ELh54ELh55ELh2EE6ToggleEv
 .text._ZN4PinSILh56ELh54ELh55ELh2EE8AsOutputEv
                0x00000c6c        0x4 main.o
                0x00000c6c                _ZN4PinSILh56ELh54ELh55ELh2EE8AsOutputEv
 .text._ZN4PinSILh56ELh54ELh55ELh2EE7AsInputEv
                0x00000c70        0x4 main.o
                0x00000c70                _ZN4PinSILh56ELh54ELh55ELh2EE7AsInputEv
 .text._ZN4PinSILh56ELh54ELh55ELh1EE7FastSetEv
                0x00000c74        0x4 main.o
                0x00000c74                _ZN4PinSILh56ELh54ELh55ELh1EE7FastSetEv
 .text._ZN4PinSILh56ELh54ELh55ELh1EE9FastClearEv
                0x00000c78        0x4 main.o
                0x00000c78                _ZN4PinSILh56ELh54ELh55ELh1EE9FastClearEv
 .text._ZN4PinSILh56ELh54ELh55ELh1EE10FastToggleEv
                0x00000c7c        0xa main.o
                0x00000c7c                _ZN4PinSILh56ELh54ELh55ELh1EE10FastToggleEv
 .text._ZN4PinSILh56ELh54ELh55ELh1EE12FastAsOutputEv
                0x00000c86        0x4 main.o
                0x00000c86                _ZN4PinSILh56ELh54ELh55ELh1EE12FastAsOutputEv
 .text._ZN4PinSILh56ELh54ELh55ELh1EE11FastAsInputEv
                0x00000c8a        0x4 main.o
                0x00000c8a                _ZN4PinSILh56ELh54ELh55ELh1EE11FastAsInputEv
 .text._ZN4PinSILh56ELh54ELh55ELh1EE7BoolSetEb
                0x00000c8e       0x24 main.o
                0x00000c8e                _ZN4PinSILh56ELh54ELh55ELh1EE7BoolSetEb
 .text._ZN4PinSILh56ELh54ELh55ELh1EE5CheckEv
                0x00000cb2        0x8 main.o
                0x00000cb2                _ZN4PinSILh56ELh54ELh55ELh1EE5CheckEv
 .text._ZN4PinSILh56ELh54ELh55ELh1EE3SetEv
                0x00000cba        0x4 main.o
                0x00000cba                _ZN4PinSILh56ELh54ELh55ELh1EE3SetEv
 .text._ZN4PinSILh56ELh54ELh55ELh1EE5ClearEv
                0x00000cbe        0x4 main.o
                0x00000cbe                _ZN4PinSILh56ELh54ELh55ELh1EE5ClearEv
 .text._ZN4PinSILh56ELh54ELh55ELh1EE6ToggleEv
                0x00000cc2        0xa main.o
                0x00000cc2                _ZN4PinSILh56ELh54ELh55ELh1EE6ToggleEv
 .text._ZN4PinSILh56ELh54ELh55ELh1EE8AsOutputEv
                0x00000ccc        0x4 main.o
                0x00000ccc                _ZN4PinSILh56ELh54ELh55ELh1EE8AsOutputEv
 .text._ZN4PinSILh56ELh54ELh55ELh1EE7AsInputEv
                0x00000cd0        0x4 main.o
                0x00000cd0                _ZN4PinSILh56ELh54ELh55ELh1EE7AsInputEv
 .text._ZN4PinSILh56ELh54ELh55ELh0EE7FastSetEv
                0x00000cd4        0x4 main.o
                0x00000cd4                _ZN4PinSILh56ELh54ELh55ELh0EE7FastSetEv
 .text._ZN4PinSILh56ELh54ELh55ELh0EE9FastClearEv
                0x00000cd8        0x4 main.o
                0x00000cd8                _ZN4PinSILh56ELh54ELh55ELh0EE9FastClearEv
 .text._ZN4PinSILh56ELh54ELh55ELh0EE10FastToggleEv
                0x00000cdc        0xa main.o
                0x00000cdc                _ZN4PinSILh56ELh54ELh55ELh0EE10FastToggleEv
 .text._ZN4PinSILh56ELh54ELh55ELh0EE12FastAsOutputEv
                0x00000ce6        0x4 main.o
                0x00000ce6                _ZN4PinSILh56ELh54ELh55ELh0EE12FastAsOutputEv
 .text._ZN4PinSILh56ELh54ELh55ELh0EE11FastAsInputEv
                0x00000cea        0x4 main.o
                0x00000cea                _ZN4PinSILh56ELh54ELh55ELh0EE11FastAsInputEv
 .text._ZN4PinSILh56ELh54ELh55ELh0EE7BoolSetEb
                0x00000cee       0x24 main.o
                0x00000cee                _ZN4PinSILh56ELh54ELh55ELh0EE7BoolSetEb
 .text._ZN4PinSILh56ELh54ELh55ELh0EE5CheckEv
                0x00000d12        0x6 main.o
                0x00000d12                _ZN4PinSILh56ELh54ELh55ELh0EE5CheckEv
 .text._ZN4PinSILh56ELh54ELh55ELh0EE3SetEv
                0x00000d18        0x4 main.o
                0x00000d18                _ZN4PinSILh56ELh54ELh55ELh0EE3SetEv
 .text._ZN4PinSILh56ELh54ELh55ELh0EE5ClearEv
                0x00000d1c        0x4 main.o
                0x00000d1c                _ZN4PinSILh56ELh54ELh55ELh0EE5ClearEv
 .text._ZN4PinSILh56ELh54ELh55ELh0EE6ToggleEv
                0x00000d20        0xa main.o
                0x00000d20                _ZN4PinSILh56ELh54ELh55ELh0EE6ToggleEv
 .text._ZN4PinSILh56ELh54ELh55ELh0EE8AsOutputEv
                0x00000d2a        0x4 main.o
                0x00000d2a                _ZN4PinSILh56ELh54ELh55ELh0EE8AsOutputEv
 .text._ZN4PinSILh56ELh54ELh55ELh0EE7AsInputEv
                0x00000d2e        0x4 main.o
                0x00000d2e                _ZN4PinSILh56ELh54ELh55ELh0EE7AsInputEv
 .text._ZN4PinSILh59ELh57ELh58ELh2EE7FastSetEv
                0x00000d32        0x4 main.o
                0x00000d32                _ZN4PinSILh59ELh57ELh58ELh2EE7FastSetEv
 .text._ZN4PinSILh59ELh57ELh58ELh2EE9FastClearEv
                0x00000d36        0x4 main.o
                0x00000d36                _ZN4PinSILh59ELh57ELh58ELh2EE9FastClearEv
 .text._ZN4PinSILh59ELh57ELh58ELh2EE10FastToggleEv
                0x00000d3a        0xa main.o
                0x00000d3a                _ZN4PinSILh59ELh57ELh58ELh2EE10FastToggleEv
 .text._ZN4PinSILh59ELh57ELh58ELh2EE12FastAsOutputEv
                0x00000d44        0x4 main.o
                0x00000d44                _ZN4PinSILh59ELh57ELh58ELh2EE12FastAsOutputEv
 .text._ZN4PinSILh59ELh57ELh58ELh2EE11FastAsInputEv
                0x00000d48        0x4 main.o
                0x00000d48                _ZN4PinSILh59ELh57ELh58ELh2EE11FastAsInputEv
 .text._ZN4PinSILh59ELh57ELh58ELh2EE7BoolSetEb
                0x00000d4c       0x24 main.o
                0x00000d4c                _ZN4PinSILh59ELh57ELh58ELh2EE7BoolSetEb
 .text._ZN4PinSILh59ELh57ELh58ELh2EE5CheckEv
                0x00000d70        0xa main.o
                0x00000d70                _ZN4PinSILh59ELh57ELh58ELh2EE5CheckEv
 .text._ZN4PinSILh59ELh57ELh58ELh2EE3SetEv
                0x00000d7a        0x4 main.o
                0x00000d7a                _ZN4PinSILh59ELh57ELh58ELh2EE3SetEv
 .text._ZN4PinSILh59ELh57ELh58ELh2EE5ClearEv
                0x00000d7e        0x4 main.o
                0x00000d7e                _ZN4PinSILh59ELh57ELh58ELh2EE5ClearEv
 .text._ZN4PinSILh59ELh57ELh58ELh2EE6ToggleEv
                0x00000d82        0xa main.o
                0x00000d82                _ZN4PinSILh59ELh57ELh58ELh2EE6ToggleEv
 .text._ZN4PinSILh59ELh57ELh58ELh2EE8AsOutputEv
                0x00000d8c        0x4 main.o
                0x00000d8c                _ZN4PinSILh59ELh57ELh58ELh2EE8AsOutputEv
 .text._ZN4PinSILh59ELh57ELh58ELh2EE7AsInputEv
                0x00000d90        0x4 main.o
                0x00000d90                _ZN4PinSILh59ELh57ELh58ELh2EE7AsInputEv
 .text._ZN4PinSILh59ELh57ELh58ELh1EE7FastSetEv
                0x00000d94        0x4 main.o
                0x00000d94                _ZN4PinSILh59ELh57ELh58ELh1EE7FastSetEv
 .text._ZN4PinSILh59ELh57ELh58ELh1EE9FastClearEv
                0x00000d98        0x4 main.o
                0x00000d98                _ZN4PinSILh59ELh57ELh58ELh1EE9FastClearEv
 .text._ZN4PinSILh59ELh57ELh58ELh1EE10FastToggleEv
                0x00000d9c        0xa main.o
                0x00000d9c                _ZN4PinSILh59ELh57ELh58ELh1EE10FastToggleEv
 .text._ZN4PinSILh59ELh57ELh58ELh1EE12FastAsOutputEv
                0x00000da6        0x4 main.o
                0x00000da6                _ZN4PinSILh59ELh57ELh58ELh1EE12FastAsOutputEv
 .text._ZN4PinSILh59ELh57ELh58ELh1EE11FastAsInputEv
                0x00000daa        0x4 main.o
                0x00000daa                _ZN4PinSILh59ELh57ELh58ELh1EE11FastAsInputEv
 .text._ZN4PinSILh59ELh57ELh58ELh1EE7BoolSetEb
                0x00000dae       0x24 main.o
                0x00000dae                _ZN4PinSILh59ELh57ELh58ELh1EE7BoolSetEb
 .text._ZN4PinSILh59ELh57ELh58ELh1EE5CheckEv
                0x00000dd2        0x8 main.o
                0x00000dd2                _ZN4PinSILh59ELh57ELh58ELh1EE5CheckEv
 .text._ZN4PinSILh59ELh57ELh58ELh1EE3SetEv
                0x00000dda        0x4 main.o
                0x00000dda                _ZN4PinSILh59ELh57ELh58ELh1EE3SetEv
 .text._ZN4PinSILh59ELh57ELh58ELh1EE5ClearEv
                0x00000dde        0x4 main.o
                0x00000dde                _ZN4PinSILh59ELh57ELh58ELh1EE5ClearEv
 .text._ZN4PinSILh59ELh57ELh58ELh1EE6ToggleEv
                0x00000de2        0xa main.o
                0x00000de2                _ZN4PinSILh59ELh57ELh58ELh1EE6ToggleEv
 .text._ZN4PinSILh59ELh57ELh58ELh1EE8AsOutputEv
                0x00000dec        0x4 main.o
                0x00000dec                _ZN4PinSILh59ELh57ELh58ELh1EE8AsOutputEv
 .text._ZN4PinSILh59ELh57ELh58ELh1EE7AsInputEv
                0x00000df0        0x4 main.o
                0x00000df0                _ZN4PinSILh59ELh57ELh58ELh1EE7AsInputEv
 .text._ZN4PinSILh59ELh57ELh58ELh0EE7FastSetEv
                0x00000df4        0x4 main.o
                0x00000df4                _ZN4PinSILh59ELh57ELh58ELh0EE7FastSetEv
 .text._ZN4PinSILh59ELh57ELh58ELh0EE9FastClearEv
                0x00000df8        0x4 main.o
                0x00000df8                _ZN4PinSILh59ELh57ELh58ELh0EE9FastClearEv
 .text._ZN4PinSILh59ELh57ELh58ELh0EE10FastToggleEv
                0x00000dfc        0xa main.o
                0x00000dfc                _ZN4PinSILh59ELh57ELh58ELh0EE10FastToggleEv
 .text._ZN4PinSILh59ELh57ELh58ELh0EE12FastAsOutputEv
                0x00000e06        0x4 main.o
                0x00000e06                _ZN4PinSILh59ELh57ELh58ELh0EE12FastAsOutputEv
 .text._ZN4PinSILh59ELh57ELh58ELh0EE11FastAsInputEv
                0x00000e0a        0x4 main.o
                0x00000e0a                _ZN4PinSILh59ELh57ELh58ELh0EE11FastAsInputEv
 .text._ZN4PinSILh59ELh57ELh58ELh0EE7BoolSetEb
                0x00000e0e       0x24 main.o
                0x00000e0e                _ZN4PinSILh59ELh57ELh58ELh0EE7BoolSetEb
 .text._ZN4PinSILh59ELh57ELh58ELh0EE5CheckEv
                0x00000e32        0x6 main.o
                0x00000e32                _ZN4PinSILh59ELh57ELh58ELh0EE5CheckEv
 .text._ZN4PinSILh59ELh57ELh58ELh0EE3SetEv
                0x00000e38        0x4 main.o
                0x00000e38                _ZN4PinSILh59ELh57ELh58ELh0EE3SetEv
 .text._ZN4PinSILh59ELh57ELh58ELh0EE5ClearEv
                0x00000e3c        0x4 main.o
                0x00000e3c                _ZN4PinSILh59ELh57ELh58ELh0EE5ClearEv
 .text._ZN4PinSILh59ELh57ELh58ELh0EE6ToggleEv
                0x00000e40        0xa main.o
                0x00000e40                _ZN4PinSILh59ELh57ELh58ELh0EE6ToggleEv
 .text._ZN4PinSILh59ELh57ELh58ELh0EE8AsOutputEv
                0x00000e4a        0x4 main.o
                0x00000e4a                _ZN4PinSILh59ELh57ELh58ELh0EE8AsOutputEv
 .text._ZN4PinSILh59ELh57ELh58ELh0EE7AsInputEv
                0x00000e4e        0x4 main.o
                0x00000e4e                _ZN4PinSILh59ELh57ELh58ELh0EE7AsInputEv
 .text._ZN4PinSILh50ELh48ELh49ELh5EED0Ev
                0x00000e52        0x6 main.o
                0x00000e52                _ZN4PinSILh50ELh48ELh49ELh5EED0Ev
 .text._ZN4PinSILh53ELh51ELh52ELh0EED0Ev
                0x00000e58        0x6 main.o
                0x00000e58                _ZN4PinSILh53ELh51ELh52ELh0EED0Ev
 .text._ZN4PinSILh53ELh51ELh52ELh1EED0Ev
                0x00000e5e        0x6 main.o
                0x00000e5e                _ZN4PinSILh53ELh51ELh52ELh1EED0Ev
 .text._ZN4PinSILh53ELh51ELh52ELh2EED0Ev
                0x00000e64        0x6 main.o
                0x00000e64                _ZN4PinSILh53ELh51ELh52ELh2EED0Ev
 .text._ZN4PinSILh53ELh51ELh52ELh3EED0Ev
                0x00000e6a        0x6 main.o
                0x00000e6a                _ZN4PinSILh53ELh51ELh52ELh3EED0Ev
 .text._ZN4PinSILh53ELh51ELh52ELh4EED0Ev
                0x00000e70        0x6 main.o
                0x00000e70                _ZN4PinSILh53ELh51ELh52ELh4EED0Ev
 .text._ZN4PinSILh53ELh51ELh52ELh5EED0Ev
                0x00000e76        0x6 main.o
                0x00000e76                _ZN4PinSILh53ELh51ELh52ELh5EED0Ev
 .text._ZN4PinSILh53ELh51ELh52ELh6EED0Ev
                0x00000e7c        0x6 main.o
                0x00000e7c                _ZN4PinSILh53ELh51ELh52ELh6EED0Ev
 .text._ZN4PinSILh53ELh51ELh52ELh7EED0Ev
                0x00000e82        0x6 main.o
                0x00000e82                _ZN4PinSILh53ELh51ELh52ELh7EED0Ev
 .text._ZN4PinSILh56ELh54ELh55ELh7EED0Ev
                0x00000e88        0x6 main.o
                0x00000e88                _ZN4PinSILh56ELh54ELh55ELh7EED0Ev
 .text._ZN4PinSILh56ELh54ELh55ELh6EED0Ev
                0x00000e8e        0x6 main.o
                0x00000e8e                _ZN4PinSILh56ELh54ELh55ELh6EED0Ev
 .text._ZN4PinSILh56ELh54ELh55ELh5EED0Ev
                0x00000e94        0x6 main.o
                0x00000e94                _ZN4PinSILh56ELh54ELh55ELh5EED0Ev
 .text._ZN4PinSILh56ELh54ELh55ELh4EED0Ev
                0x00000e9a        0x6 main.o
                0x00000e9a                _ZN4PinSILh56ELh54ELh55ELh4EED0Ev
 .text._ZN4PinSILh56ELh54ELh55ELh3EED0Ev
                0x00000ea0        0x6 main.o
                0x00000ea0                _ZN4PinSILh56ELh54ELh55ELh3EED0Ev
 .text._ZN4PinSILh56ELh54ELh55ELh2EED0Ev
                0x00000ea6        0x6 main.o
                0x00000ea6                _ZN4PinSILh56ELh54ELh55ELh2EED0Ev
 .text._ZN4PinSILh56ELh54ELh55ELh1EED0Ev
                0x00000eac        0x6 main.o
                0x00000eac                _ZN4PinSILh56ELh54ELh55ELh1EED0Ev
 .text._ZN4PinSILh56ELh54ELh55ELh0EED0Ev
                0x00000eb2        0x6 main.o
                0x00000eb2                _ZN4PinSILh56ELh54ELh55ELh0EED0Ev
 .text._ZN4PinSILh59ELh57ELh58ELh2EED0Ev
                0x00000eb8        0x6 main.o
                0x00000eb8                _ZN4PinSILh59ELh57ELh58ELh2EED0Ev
 .text._ZN4PinSILh59ELh57ELh58ELh1EED0Ev
                0x00000ebe        0x6 main.o
                0x00000ebe                _ZN4PinSILh59ELh57ELh58ELh1EED0Ev
 .text._ZN4PinSILh59ELh57ELh58ELh0EED0Ev
                0x00000ec4        0x6 main.o
                0x00000ec4                _ZN4PinSILh59ELh57ELh58ELh0EED0Ev
 .text.avr-libc.fplib
                0x00000eca        0x8 c:/program files (x86)/atmel/studio/7.0/toolchain/avr8/avr8-gnu-toolchain/bin/../lib/gcc/avr/4.9.2/../../../../avr/lib/avr5\libm.a(divsf3.o)
                0x00000eca                __divsf3
 .text.avr-libc.fplib
                0x00000ed2       0xdc c:/program files (x86)/atmel/studio/7.0/toolchain/avr8/avr8-gnu-toolchain/bin/../lib/gcc/avr/4.9.2/../../../../avr/lib/avr5\libm.a(divsf3x.o)
                0x00000ef2                __divsf3x
                0x00000ef8                __divsf3_pse
 .text.avr-libc.fplib
                0x00000fae       0x5e c:/program files (x86)/atmel/studio/7.0/toolchain/avr8/avr8-gnu-toolchain/bin/../lib/gcc/avr/4.9.2/../../../../avr/lib/avr5\libm.a(fixunssfsi.o)
                0x00000fae                __fixunssfsi
 .text.avr-libc.fplib
                0x0000100c       0x7a c:/program files (x86)/atmel/studio/7.0/toolchain/avr8/avr8-gnu-toolchain/bin/../lib/gcc/avr/4.9.2/../../../../avr/lib/avr5\libm.a(floatsisf.o)
                0x0000100c                __floatunsisf
                0x00001010                __floatsisf
 .text.avr-libc.fplib
                0x00001086        0xc c:/program files (x86)/atmel/studio/7.0/toolchain/avr8/avr8-gnu-toolchain/bin/../lib/gcc/avr/4.9.2/../../../../avr/lib/avr5\libm.a(fp_inf.o)
                0x00001086                __fp_inf
 .text.avr-libc.fplib
                0x00001092        0x6 c:/program files (x86)/atmel/studio/7.0/toolchain/avr8/avr8-gnu-toolchain/bin/../lib/gcc/avr/4.9.2/../../../../avr/lib/avr5\libm.a(fp_nan.o)
                0x00001092                __fp_nan
 .text.avr-libc.fplib
                0x00001098        0xe c:/program files (x86)/atmel/studio/7.0/toolchain/avr8/avr8-gnu-toolchain/bin/../lib/gcc/avr/4.9.2/../../../../avr/lib/avr5\libm.a(fp_pscA.o)
                0x00001098                __fp_pscA
 .text.avr-libc.fplib
                0x000010a6        0xe c:/program files (x86)/atmel/studio/7.0/toolchain/avr8/avr8-gnu-toolchain/bin/../lib/gcc/avr/4.9.2/../../../../avr/lib/avr5\libm.a(fp_pscB.o)
                0x000010a6                __fp_pscB
 .text.avr-libc.fplib
                0x000010b4       0x22 c:/program files (x86)/atmel/studio/7.0/toolchain/avr8/avr8-gnu-toolchain/bin/../lib/gcc/avr/4.9.2/../../../../avr/lib/avr5\libm.a(fp_round.o)
                0x000010b4                __fp_round
 .text.avr-libc.fplib
                0x000010d6       0x44 c:/program files (x86)/atmel/studio/7.0/toolchain/avr8/avr8-gnu-toolchain/bin/../lib/gcc/avr/4.9.2/../../../../avr/lib/avr5\libm.a(fp_split3.o)
                0x000010d6                __fp_split3
                0x000010e6                __fp_splitA
 .text.avr-libc.fplib
                0x0000111a        0xe c:/program files (x86)/atmel/studio/7.0/toolchain/avr8/avr8-gnu-toolchain/bin/../lib/gcc/avr/4.9.2/../../../../avr/lib/avr5\libm.a(fp_zero.o)
                0x0000111a                __fp_zero
                0x0000111c                __fp_szero
 .text.avr-libc.fplib
                0x00001128        0x8 c:/program files (x86)/atmel/studio/7.0/toolchain/avr8/avr8-gnu-toolchain/bin/../lib/gcc/avr/4.9.2/../../../../avr/lib/avr5\libm.a(mulsf3.o)
                0x00001128                __mulsf3
 .text.avr-libc.fplib
                0x00001130       0xd2 c:/program files (x86)/atmel/studio/7.0/toolchain/avr8/avr8-gnu-toolchain/bin/../lib/gcc/avr/4.9.2/../../../../avr/lib/avr5\libm.a(mulsf3x.o)
                0x0000114e                __mulsf3x
                0x00001154                __mulsf3_pse
 .text.libgcc   0x00001202        0xc c:/program files (x86)/atmel/studio/7.0/toolchain/avr8/avr8-gnu-toolchain/bin/../lib/gcc/avr/4.9.2/avr5\libgcc.a(_tablejump2.o)
                0x00001202                __tablejump2__
 .text.avr-libc
                0x0000120e      0x25a c:/program files (x86)/atmel/studio/7.0/toolchain/avr8/avr8-gnu-toolchain/bin/../lib/gcc/avr/4.9.2/../../../../avr/lib/avr5\libc.a(malloc.o)
                0x0000120e                malloc
                0x00001338                free
                0x00001468                . = ALIGN (0x2)
 *(.fini9)
 .fini9         0x00001468        0x0 c:/program files (x86)/atmel/studio/7.0/toolchain/avr8/avr8-gnu-toolchain/bin/../lib/gcc/avr/4.9.2/avr5\libgcc.a(_exit.o)
                0x00001468                _exit
                0x00001468                exit
 *(.fini9)
 *(.fini8)
 *(.fini8)
 *(.fini7)
 *(.fini7)
 *(.fini6)
 .fini6         0x00001468       0x16 c:/program files (x86)/atmel/studio/7.0/toolchain/avr8/avr8-gnu-toolchain/bin/../lib/gcc/avr/4.9.2/avr5\libgcc.a(_dtors.o)
                0x00001468                __do_global_dtors
 *(.fini6)
 *(.fini5)
 *(.fini5)
 *(.fini4)
 *(.fini4)
 *(.fini3)
 *(.fini3)
 *(.fini2)
 *(.fini2)
 *(.fini1)
 *(.fini1)
 *(.fini0)
 .fini0         0x0000147e        0x4 c:/program files (x86)/atmel/studio/7.0/toolchain/avr8/avr8-gnu-toolchain/bin/../lib/gcc/avr/4.9.2/avr5\libgcc.a(_exit.o)
 *(.fini0)
                0x00001482                _etext = .

.data           0x00800060      0x2ae load address 0x00001482
                0x00800060                PROVIDE (__data_start, .)
 *(.data)
 .data          0x00800060       0x28 main.o
                0x00800060                PWMOutput
                0x00800062                MjoyButton0
                0x00800064                MjoyButton1
                0x00800066                MjoyButton2
                0x00800068                MjoyButton3
                0x0080006a                MjoyButton4
                0x0080006c                MjoyButton5
                0x0080006e                GreenLed
                0x00800070                RedLed
                0x00800072                SPISck
                0x00800074                SPIMiso
                0x00800076                SPIMosi
                0x00800078                SPISS
                0x0080007a                AngleInterfaceChipSelect
                0x0080007c                OledChipSelect
                0x0080007e                DataCommand
                0x00800080                Reset
                0x00800082                WheelCLK
                0x00800084                WheelPL
                0x00800086                WheelQ
 .data          0x00800088        0x6 c:/program files (x86)/atmel/studio/7.0/toolchain/avr8/avr8-gnu-toolchain/bin/../lib/gcc/avr/4.9.2/../../../../avr/lib/avr5\libc.a(malloc.o)
                0x00800088                __malloc_heap_end
                0x0080008a                __malloc_heap_start
                0x0080008c                __malloc_margin
 *(.data*)
 *(.rodata)
 *(.rodata*)
 .rodata._ZTV4PinSILh59ELh57ELh58ELh0EE
                0x0080008e       0x20 main.o
                0x0080008e                _ZTV4PinSILh59ELh57ELh58ELh0EE
 .rodata._ZTV4PinSILh59ELh57ELh58ELh1EE
                0x008000ae       0x20 main.o
                0x008000ae                _ZTV4PinSILh59ELh57ELh58ELh1EE
 .rodata._ZTV4PinSILh59ELh57ELh58ELh2EE
                0x008000ce       0x20 main.o
                0x008000ce                _ZTV4PinSILh59ELh57ELh58ELh2EE
 .rodata._ZTV4PinSILh56ELh54ELh55ELh0EE
                0x008000ee       0x20 main.o
                0x008000ee                _ZTV4PinSILh56ELh54ELh55ELh0EE
 .rodata._ZTV4PinSILh56ELh54ELh55ELh1EE
                0x0080010e       0x20 main.o
                0x0080010e                _ZTV4PinSILh56ELh54ELh55ELh1EE
 .rodata._ZTV4PinSILh56ELh54ELh55ELh2EE
                0x0080012e       0x20 main.o
                0x0080012e                _ZTV4PinSILh56ELh54ELh55ELh2EE
 .rodata._ZTV4PinSILh56ELh54ELh55ELh3EE
                0x0080014e       0x20 main.o
                0x0080014e                _ZTV4PinSILh56ELh54ELh55ELh3EE
 .rodata._ZTV4PinSILh56ELh54ELh55ELh4EE
                0x0080016e       0x20 main.o
                0x0080016e                _ZTV4PinSILh56ELh54ELh55ELh4EE
 .rodata._ZTV4PinSILh56ELh54ELh55ELh5EE
                0x0080018e       0x20 main.o
                0x0080018e                _ZTV4PinSILh56ELh54ELh55ELh5EE
 .rodata._ZTV4PinSILh56ELh54ELh55ELh6EE
                0x008001ae       0x20 main.o
                0x008001ae                _ZTV4PinSILh56ELh54ELh55ELh6EE
 .rodata._ZTV4PinSILh56ELh54ELh55ELh7EE
                0x008001ce       0x20 main.o
                0x008001ce                _ZTV4PinSILh56ELh54ELh55ELh7EE
 .rodata._ZTV4PinSILh53ELh51ELh52ELh7EE
                0x008001ee       0x20 main.o
                0x008001ee                _ZTV4PinSILh53ELh51ELh52ELh7EE
 .rodata._ZTV4PinSILh53ELh51ELh52ELh6EE
                0x0080020e       0x20 main.o
                0x0080020e                _ZTV4PinSILh53ELh51ELh52ELh6EE
 .rodata._ZTV4PinSILh53ELh51ELh52ELh5EE
                0x0080022e       0x20 main.o
                0x0080022e                _ZTV4PinSILh53ELh51ELh52ELh5EE
 .rodata._ZTV4PinSILh53ELh51ELh52ELh4EE
                0x0080024e       0x20 main.o
                0x0080024e                _ZTV4PinSILh53ELh51ELh52ELh4EE
 .rodata._ZTV4PinSILh53ELh51ELh52ELh3EE
                0x0080026e       0x20 main.o
                0x0080026e                _ZTV4PinSILh53ELh51ELh52ELh3EE
 .rodata._ZTV4PinSILh53ELh51ELh52ELh2EE
                0x0080028e       0x20 main.o
                0x0080028e                _ZTV4PinSILh53ELh51ELh52ELh2EE
 .rodata._ZTV4PinSILh53ELh51ELh52ELh1EE
                0x008002ae       0x20 main.o
                0x008002ae                _ZTV4PinSILh53ELh51ELh52ELh1EE
 .rodata._ZTV4PinSILh53ELh51ELh52ELh0EE
                0x008002ce       0x20 main.o
                0x008002ce                _ZTV4PinSILh53ELh51ELh52ELh0EE
 .rodata._ZTV4PinSILh50ELh48ELh49ELh5EE
                0x008002ee       0x20 main.o
                0x008002ee                _ZTV4PinSILh50ELh48ELh49ELh5EE
 *(.gnu.linkonce.d*)
                0x0080030e                . = ALIGN (0x2)
                0x0080030e                _edata = .
                0x0080030e                PROVIDE (__data_end, .)

.bss            0x0080030e       0x35
                0x0080030e                PROVIDE (__bss_start, .)
 *(.bss)
 .bss           0x0080030e       0x31 main.o
                0x0080030e                calibrateStage
                0x00800310                keyboardTask
                0x00800314                wheelButtons
                0x0080031c                AS5048AChip
 *(.bss*)
 *(COMMON)
 COMMON         0x0080033f        0x4 c:/program files (x86)/atmel/studio/7.0/toolchain/avr8/avr8-gnu-toolchain/bin/../lib/gcc/avr/4.9.2/../../../../avr/lib/avr5\libc.a(malloc.o)
                0x0080033f                __brkval
                0x00800341                __flp
                0x00800343                PROVIDE (__bss_end, .)
                0x00001482                __data_load_start = LOADADDR (.data)
                0x00001730                __data_load_end = (__data_load_start + SIZEOF (.data))

.noinit         0x00800343        0x0
                0x00800343                PROVIDE (__noinit_start, .)
 *(.noinit*)
                0x00800343                PROVIDE (__noinit_end, .)
                0x00800343                _end = .
                0x00800343                PROVIDE (__heap_start, .)

.eeprom         0x00810000        0x0
 *(.eeprom*)
                0x00810000                __eeprom_end = .

.fuse
 *(.fuse)
 *(.lfuse)
 *(.hfuse)
 *(.efuse)

.lock
 *(.lock*)

.signature
 *(.signature*)

.user_signatures
 *(.user_signatures*)

.stab
 *(.stab)

.stabstr
 *(.stabstr)

.stab.excl
 *(.stab.excl)

.stab.exclstr
 *(.stab.exclstr)

.stab.index
 *(.stab.index)

.stab.indexstr
 *(.stab.indexstr)

.comment        0x00000000       0x30
 *(.comment)
 .comment       0x00000000       0x30 main.o
                                 0x31 (size before relaxing)
 .comment       0x00000030       0x31 c:/program files (x86)/atmel/studio/7.0/toolchain/avr8/avr8-gnu-toolchain/bin/../lib/gcc/avr/4.9.2/../../../../avr/lib/avr5\libc.a(malloc.o)

.note.gnu.avr.deviceinfo
                0x00000000       0x3c
 .note.gnu.avr.deviceinfo
                0x00000000       0x3c C:/Program Files (x86)/Atmel/Studio/7.0/Packs/atmel/ATmega_DFP/1.0.90/gcc/dev/atmega16a/avr5/crtatmega16a.o

.note.gnu.build-id
 *(.note.gnu.build-id)

.debug
 *(.debug)

.line
 *(.line)

.debug_srcinfo
 *(.debug_srcinfo)

.debug_sfnames
 *(.debug_sfnames)

.debug_aranges  0x00000000      0x950
 *(.debug_aranges)
 .debug_aranges
                0x00000000      0x950 main.o

.debug_pubnames
 *(.debug_pubnames)

.debug_info     0x00000000     0x8936
 *(.debug_info .gnu.linkonce.wi.*)
 .debug_info    0x00000000     0x8936 main.o

.debug_abbrev   0x00000000      0x5e0
 *(.debug_abbrev)
 .debug_abbrev  0x00000000      0x5e0 main.o

.debug_line     0x00000000     0x1903
 *(.debug_line .debug_line.* .debug_line_end)
 .debug_line    0x00000000     0x1903 main.o

.debug_frame    0x00000000     0x13f8
 *(.debug_frame)
 .debug_frame   0x00000000     0x13f8 main.o

.debug_str      0x00000000     0xbbd5
 *(.debug_str)
 .debug_str     0x00000000     0xbbd5 main.o
                               0xbe64 (size before relaxing)

.debug_loc      0x00000000     0x1905
 *(.debug_loc)
 .debug_loc     0x00000000     0x1905 main.o

.debug_macinfo
 *(.debug_macinfo)

.debug_weaknames
 *(.debug_weaknames)

.debug_funcnames
 *(.debug_funcnames)

.debug_typenames
 *(.debug_typenames)

.debug_varnames
 *(.debug_varnames)

.debug_pubtypes
 *(.debug_pubtypes)

.debug_ranges   0x00000000      0x940
 *(.debug_ranges)
 .debug_ranges  0x00000000      0x940 main.o

.debug_macro    0x00000000      0x4c4
 *(.debug_macro)
 .debug_macro   0x00000000      0x1b0 main.o
 .debug_macro   0x000001b0       0x10 main.o
 .debug_macro   0x000001c0       0x9e main.o
 .debug_macro   0x0000025e       0x16 main.o
 .debug_macro   0x00000274       0x10 main.o
 .debug_macro   0x00000284      0x160 main.o
 .debug_macro   0x000003e4       0x10 main.o
 .debug_macro   0x000003f4       0x10 main.o
 .debug_macro   0x00000404       0x8d main.o
 .debug_macro   0x00000491       0x33 main.o
OUTPUT(WheelWrapper.elf elf32-avr)
LOAD linker stubs
