Archive member included to satisfy reference by file (symbol)

c:/program files (x86)/atmel/studio/7.0/toolchain/avr8/avr8-gnu-toolchain/bin/../lib/gcc/avr/4.9.2/avr4\libgcc.a(_exit.o)
                              C:/Program Files (x86)/Atmel/Studio/7.0/Packs/atmel/ATmega_DFP/1.0.90/gcc/dev/atmega8/avr4/crtatmega8.o (exit)
c:/program files (x86)/atmel/studio/7.0/toolchain/avr8/avr8-gnu-toolchain/bin/../lib/gcc/avr/4.9.2/avr4\libgcc.a(_clear_bss.o)
                              main.o (__do_clear_bss)

Discarded input sections

 .data          0x00000000        0x0 C:/Program Files (x86)/Atmel/Studio/7.0/Packs/atmel/ATmega_DFP/1.0.90/gcc/dev/atmega8/avr4/crtatmega8.o
 .bss           0x00000000        0x0 C:/Program Files (x86)/Atmel/Studio/7.0/Packs/atmel/ATmega_DFP/1.0.90/gcc/dev/atmega8/avr4/crtatmega8.o
 .group         0x00000000        0x8 Button.o
 .group         0x00000000        0x8 Button.o
 .group         0x00000000        0x8 Button.o
 .group         0x00000000        0x8 Button.o
 .group         0x00000000        0x8 Button.o
 .group         0x00000000        0x8 Button.o
 .group         0x00000000        0x8 Button.o
 .group         0x00000000        0x8 Button.o
 .group         0x00000000        0x8 Button.o
 .group         0x00000000        0x8 Button.o
 .group         0x00000000        0x8 Button.o
 .group         0x00000000        0x8 Button.o
 .group         0x00000000        0x8 Button.o
 .group         0x00000000        0x8 Button.o
 .group         0x00000000        0x8 Button.o
 .group         0x00000000        0x8 Button.o
 .group         0x00000000        0x8 Button.o
 .group         0x00000000        0x8 Button.o
 .group         0x00000000        0x8 Button.o
 .text          0x00000000        0x0 Button.o
 .data          0x00000000        0x0 Button.o
 .bss           0x00000000        0x0 Button.o
 .debug_info    0x00000000       0x68 Button.o
 .debug_abbrev  0x00000000       0x29 Button.o
 .debug_aranges
                0x00000000       0x18 Button.o
 .debug_macro   0x00000000       0xcd Button.o
 .debug_macro   0x00000000      0xa90 Button.o
 .debug_macro   0x00000000       0x10 Button.o
 .debug_macro   0x00000000       0x1c Button.o
 .debug_macro   0x00000000      0x1ad Button.o
 .debug_macro   0x00000000      0x293 Button.o
 .debug_macro   0x00000000       0x9e Button.o
 .debug_macro   0x00000000      0xa99 Button.o
 .debug_macro   0x00000000      0x139 Button.o
 .debug_macro   0x00000000       0xbd Button.o
 .debug_macro   0x00000000       0x34 Button.o
 .debug_macro   0x00000000       0x18 Button.o
 .debug_macro   0x00000000       0x6c Button.o
 .debug_macro   0x00000000       0x58 Button.o
 .debug_macro   0x00000000       0x10 Button.o
 .debug_macro   0x00000000       0x97 Button.o
 .debug_macro   0x00000000       0xeb Button.o
 .debug_macro   0x00000000       0x1c Button.o
 .debug_macro   0x00000000       0x97 Button.o
 .debug_macro   0x00000000       0x66 Button.o
 .debug_line    0x00000000      0x25d Button.o
 .debug_str     0x00000000     0x6246 Button.o
 .comment       0x00000000       0x31 Button.o
 .group         0x00000000        0x8 main.o
 .group         0x00000000        0x8 main.o
 .group         0x00000000        0x8 main.o
 .group         0x00000000        0x8 main.o
 .group         0x00000000        0x8 main.o
 .group         0x00000000        0x8 main.o
 .group         0x00000000        0x8 main.o
 .group         0x00000000        0x8 main.o
 .group         0x00000000        0x8 main.o
 .group         0x00000000        0x8 main.o
 .group         0x00000000        0x8 main.o
 .group         0x00000000        0x8 main.o
 .group         0x00000000        0x8 main.o
 .group         0x00000000        0x8 main.o
 .group         0x00000000        0x8 main.o
 .group         0x00000000        0x8 main.o
 .group         0x00000000        0x8 main.o
 .group         0x00000000        0x8 main.o
 .group         0x00000000        0x8 main.o
 .text          0x00000000        0x0 main.o
 .data          0x00000000        0x0 main.o
 .bss           0x00000000        0x0 main.o
 .bss.B6        0x00000000        0x1 main.o
 .bss.B5        0x00000000        0x1 main.o
 .bss.B4        0x00000000        0x1 main.o
 .bss.B3        0x00000000        0x1 main.o
 .bss.B2        0x00000000        0x1 main.o
 .bss.B1        0x00000000        0x1 main.o
 .bss.C6        0x00000000        0x1 main.o
 .bss.C5        0x00000000        0x1 main.o
 .bss.C4        0x00000000        0x1 main.o
 .bss.C3        0x00000000        0x1 main.o
 .bss.C2        0x00000000        0x1 main.o
 .bss.C1        0x00000000        0x1 main.o
 .bss.D0        0x00000000        0x1 main.o
 .bss.D7        0x00000000        0x1 main.o
 .bss.B7        0x00000000        0x1 main.o
 .bss.B0        0x00000000        0x1 main.o
 .bss.C7        0x00000000        0x1 main.o
 .bss.C0        0x00000000        0x1 main.o
 .bss.Pin_D7    0x00000000        0x1 main.o
 .bss.Pin_D6    0x00000000        0x1 main.o
 .bss.Pin_D5    0x00000000        0x1 main.o
 .bss.Pin_D4    0x00000000        0x1 main.o
 .bss.Pin_D3    0x00000000        0x1 main.o
 .bss.Pin_D2    0x00000000        0x1 main.o
 .bss.Pin_D1    0x00000000        0x1 main.o
 .bss.Pin_D0    0x00000000        0x1 main.o
 .bss.Pin_C7    0x00000000        0x1 main.o
 .bss.Pin_C6    0x00000000        0x1 main.o
 .bss.Pin_C5    0x00000000        0x1 main.o
 .bss.Pin_C4    0x00000000        0x1 main.o
 .bss.Pin_C3    0x00000000        0x1 main.o
 .bss.Pin_C2    0x00000000        0x1 main.o
 .bss.Pin_C1    0x00000000        0x1 main.o
 .bss.Pin_C0    0x00000000        0x1 main.o
 .bss.Pin_B7    0x00000000        0x1 main.o
 .bss.Pin_B6    0x00000000        0x1 main.o
 .bss.Pin_B5    0x00000000        0x1 main.o
 .bss.Pin_B4    0x00000000        0x1 main.o
 .bss.Pin_B3    0x00000000        0x1 main.o
 .bss.Pin_B2    0x00000000        0x1 main.o
 .bss.Pin_B1    0x00000000        0x1 main.o
 .bss.Pin_B0    0x00000000        0x1 main.o
 .debug_macro   0x00000000      0xa90 main.o
 .debug_macro   0x00000000       0x10 main.o
 .debug_macro   0x00000000       0x1c main.o
 .debug_macro   0x00000000      0x1ad main.o
 .debug_macro   0x00000000      0x293 main.o
 .debug_macro   0x00000000       0x9e main.o
 .debug_macro   0x00000000      0xa99 main.o
 .debug_macro   0x00000000      0x139 main.o
 .debug_macro   0x00000000       0xbd main.o
 .debug_macro   0x00000000       0x34 main.o
 .debug_macro   0x00000000       0x18 main.o
 .debug_macro   0x00000000       0x6c main.o
 .debug_macro   0x00000000       0x58 main.o
 .debug_macro   0x00000000       0x10 main.o
 .debug_macro   0x00000000       0x97 main.o
 .debug_macro   0x00000000       0xeb main.o
 .debug_macro   0x00000000       0x1c main.o
 .debug_macro   0x00000000       0x97 main.o
 .debug_macro   0x00000000       0x66 main.o
 .group         0x00000000        0x8 SPL/Atmega8_SPL.o
 .group         0x00000000        0x8 SPL/Atmega8_SPL.o
 .group         0x00000000        0x8 SPL/Atmega8_SPL.o
 .group         0x00000000        0x8 SPL/Atmega8_SPL.o
 .group         0x00000000        0x8 SPL/Atmega8_SPL.o
 .group         0x00000000        0x8 SPL/Atmega8_SPL.o
 .group         0x00000000        0x8 SPL/Atmega8_SPL.o
 .group         0x00000000        0x8 SPL/Atmega8_SPL.o
 .group         0x00000000        0x8 SPL/Atmega8_SPL.o
 .group         0x00000000        0x8 SPL/Atmega8_SPL.o
 .group         0x00000000        0x8 SPL/Atmega8_SPL.o
 .group         0x00000000        0x8 SPL/Atmega8_SPL.o
 .group         0x00000000        0x8 SPL/Atmega8_SPL.o
 .group         0x00000000        0x8 SPL/Atmega8_SPL.o
 .group         0x00000000        0x8 SPL/Atmega8_SPL.o
 .group         0x00000000        0x8 SPL/Atmega8_SPL.o
 .group         0x00000000        0x8 SPL/Atmega8_SPL.o
 .group         0x00000000        0x8 SPL/Atmega8_SPL.o
 .group         0x00000000        0x8 SPL/Atmega8_SPL.o
 .text          0x00000000        0x0 SPL/Atmega8_SPL.o
 .data          0x00000000        0x0 SPL/Atmega8_SPL.o
 .bss           0x00000000        0x0 SPL/Atmega8_SPL.o
 .debug_info    0x00000000       0x61 SPL/Atmega8_SPL.o
 .debug_abbrev  0x00000000       0x29 SPL/Atmega8_SPL.o
 .debug_aranges
                0x00000000       0x18 SPL/Atmega8_SPL.o
 .debug_macro   0x00000000       0xd3 SPL/Atmega8_SPL.o
 .debug_macro   0x00000000      0xa90 SPL/Atmega8_SPL.o
 .debug_macro   0x00000000       0x10 SPL/Atmega8_SPL.o
 .debug_macro   0x00000000       0x1c SPL/Atmega8_SPL.o
 .debug_macro   0x00000000      0x1ad SPL/Atmega8_SPL.o
 .debug_macro   0x00000000      0x293 SPL/Atmega8_SPL.o
 .debug_macro   0x00000000       0x9e SPL/Atmega8_SPL.o
 .debug_macro   0x00000000      0xa99 SPL/Atmega8_SPL.o
 .debug_macro   0x00000000      0x139 SPL/Atmega8_SPL.o
 .debug_macro   0x00000000       0xbd SPL/Atmega8_SPL.o
 .debug_macro   0x00000000       0x34 SPL/Atmega8_SPL.o
 .debug_macro   0x00000000       0x18 SPL/Atmega8_SPL.o
 .debug_macro   0x00000000       0x6c SPL/Atmega8_SPL.o
 .debug_macro   0x00000000       0x58 SPL/Atmega8_SPL.o
 .debug_macro   0x00000000       0x10 SPL/Atmega8_SPL.o
 .debug_macro   0x00000000       0x97 SPL/Atmega8_SPL.o
 .debug_macro   0x00000000       0xeb SPL/Atmega8_SPL.o
 .debug_macro   0x00000000       0x1c SPL/Atmega8_SPL.o
 .debug_macro   0x00000000       0x97 SPL/Atmega8_SPL.o
 .debug_macro   0x00000000       0x66 SPL/Atmega8_SPL.o
 .debug_line    0x00000000      0x24a SPL/Atmega8_SPL.o
 .debug_str     0x00000000     0x625c SPL/Atmega8_SPL.o
 .comment       0x00000000       0x31 SPL/Atmega8_SPL.o
 .group         0x00000000        0x8 SPL/Avr5Lib.o
 .group         0x00000000        0x8 SPL/Avr5Lib.o
 .group         0x00000000        0x8 SPL/Avr5Lib.o
 .group         0x00000000        0x8 SPL/Avr5Lib.o
 .group         0x00000000        0x8 SPL/Avr5Lib.o
 .group         0x00000000        0x8 SPL/Avr5Lib.o
 .group         0x00000000        0x8 SPL/Avr5Lib.o
 .group         0x00000000        0x8 SPL/Avr5Lib.o
 .group         0x00000000        0x8 SPL/Avr5Lib.o
 .group         0x00000000        0x8 SPL/Avr5Lib.o
 .group         0x00000000        0x8 SPL/Avr5Lib.o
 .group         0x00000000        0x8 SPL/Avr5Lib.o
 .group         0x00000000        0x8 SPL/Avr5Lib.o
 .group         0x00000000        0x8 SPL/Avr5Lib.o
 .group         0x00000000        0x8 SPL/Avr5Lib.o
 .group         0x00000000        0x8 SPL/Avr5Lib.o
 .text          0x00000000        0x0 SPL/Avr5Lib.o
 .data          0x00000000        0x0 SPL/Avr5Lib.o
 .bss           0x00000000        0x0 SPL/Avr5Lib.o
 .debug_info    0x00000000       0x68 SPL/Avr5Lib.o
 .debug_abbrev  0x00000000       0x34 SPL/Avr5Lib.o
 .debug_aranges
                0x00000000       0x18 SPL/Avr5Lib.o
 .debug_macro   0x00000000       0xbe SPL/Avr5Lib.o
 .debug_macro   0x00000000      0xa90 SPL/Avr5Lib.o
 .debug_macro   0x00000000       0x10 SPL/Avr5Lib.o
 .debug_macro   0x00000000       0x1c SPL/Avr5Lib.o
 .debug_macro   0x00000000      0x1ad SPL/Avr5Lib.o
 .debug_macro   0x00000000      0x293 SPL/Avr5Lib.o
 .debug_macro   0x00000000       0x9e SPL/Avr5Lib.o
 .debug_macro   0x00000000      0xa99 SPL/Avr5Lib.o
 .debug_macro   0x00000000      0x139 SPL/Avr5Lib.o
 .debug_macro   0x00000000       0xbd SPL/Avr5Lib.o
 .debug_macro   0x00000000       0x34 SPL/Avr5Lib.o
 .debug_macro   0x00000000       0x18 SPL/Avr5Lib.o
 .debug_macro   0x00000000       0x6c SPL/Avr5Lib.o
 .debug_macro   0x00000000       0x63 SPL/Avr5Lib.o
 .debug_macro   0x00000000       0x1c SPL/Avr5Lib.o
 .debug_macro   0x00000000      0x10e SPL/Avr5Lib.o
 .debug_macro   0x00000000       0x66 SPL/Avr5Lib.o
 .debug_line    0x00000000      0x23e SPL/Avr5Lib.o
 .debug_str     0x00000000     0x616d SPL/Avr5Lib.o
 .comment       0x00000000       0x31 SPL/Avr5Lib.o
 .group         0x00000000        0x8 TaskManager/MainAsyncChainedTaskManager.o
 .group         0x00000000        0x8 TaskManager/MainAsyncChainedTaskManager.o
 .group         0x00000000        0x8 TaskManager/MainAsyncChainedTaskManager.o
 .group         0x00000000        0x8 TaskManager/MainAsyncChainedTaskManager.o
 .group         0x00000000        0x8 TaskManager/MainAsyncChainedTaskManager.o
 .group         0x00000000        0x8 TaskManager/MainAsyncChainedTaskManager.o
 .group         0x00000000        0x8 TaskManager/MainAsyncChainedTaskManager.o
 .group         0x00000000        0x8 TaskManager/MainAsyncChainedTaskManager.o
 .group         0x00000000        0x8 TaskManager/MainAsyncChainedTaskManager.o
 .group         0x00000000        0x8 TaskManager/MainAsyncChainedTaskManager.o
 .group         0x00000000        0x8 TaskManager/MainAsyncChainedTaskManager.o
 .group         0x00000000        0x8 TaskManager/MainAsyncChainedTaskManager.o
 .group         0x00000000        0x8 TaskManager/MainAsyncChainedTaskManager.o
 .group         0x00000000        0x8 TaskManager/MainAsyncChainedTaskManager.o
 .group         0x00000000        0x8 TaskManager/MainAsyncChainedTaskManager.o
 .group         0x00000000        0x8 TaskManager/MainAsyncChainedTaskManager.o
 .text          0x00000000        0x0 TaskManager/MainAsyncChainedTaskManager.o
 .data          0x00000000        0x0 TaskManager/MainAsyncChainedTaskManager.o
 .bss           0x00000000        0x0 TaskManager/MainAsyncChainedTaskManager.o
 .debug_info    0x00000000       0x61 TaskManager/MainAsyncChainedTaskManager.o
 .debug_abbrev  0x00000000       0x29 TaskManager/MainAsyncChainedTaskManager.o
 .debug_aranges
                0x00000000       0x18 TaskManager/MainAsyncChainedTaskManager.o
 .debug_macro   0x00000000       0xb2 TaskManager/MainAsyncChainedTaskManager.o
 .debug_macro   0x00000000      0xa90 TaskManager/MainAsyncChainedTaskManager.o
 .debug_macro   0x00000000       0x10 TaskManager/MainAsyncChainedTaskManager.o
 .debug_macro   0x00000000       0x1c TaskManager/MainAsyncChainedTaskManager.o
 .debug_macro   0x00000000      0x1ad TaskManager/MainAsyncChainedTaskManager.o
 .debug_macro   0x00000000      0x293 TaskManager/MainAsyncChainedTaskManager.o
 .debug_macro   0x00000000       0x9e TaskManager/MainAsyncChainedTaskManager.o
 .debug_macro   0x00000000      0xa99 TaskManager/MainAsyncChainedTaskManager.o
 .debug_macro   0x00000000      0x139 TaskManager/MainAsyncChainedTaskManager.o
 .debug_macro   0x00000000       0xbd TaskManager/MainAsyncChainedTaskManager.o
 .debug_macro   0x00000000       0x34 TaskManager/MainAsyncChainedTaskManager.o
 .debug_macro   0x00000000       0x18 TaskManager/MainAsyncChainedTaskManager.o
 .debug_macro   0x00000000       0x6c TaskManager/MainAsyncChainedTaskManager.o
 .debug_macro   0x00000000       0x63 TaskManager/MainAsyncChainedTaskManager.o
 .debug_macro   0x00000000       0x1c TaskManager/MainAsyncChainedTaskManager.o
 .debug_macro   0x00000000      0x10e TaskManager/MainAsyncChainedTaskManager.o
 .debug_macro   0x00000000       0x66 TaskManager/MainAsyncChainedTaskManager.o
 .debug_line    0x00000000      0x25a TaskManager/MainAsyncChainedTaskManager.o
 .debug_str     0x00000000     0x612e TaskManager/MainAsyncChainedTaskManager.o
 .comment       0x00000000       0x31 TaskManager/MainAsyncChainedTaskManager.o
 .text          0x00000000        0x0 c:/program files (x86)/atmel/studio/7.0/toolchain/avr8/avr8-gnu-toolchain/bin/../lib/gcc/avr/4.9.2/avr4\libgcc.a(_exit.o)
 .data          0x00000000        0x0 c:/program files (x86)/atmel/studio/7.0/toolchain/avr8/avr8-gnu-toolchain/bin/../lib/gcc/avr/4.9.2/avr4\libgcc.a(_exit.o)
 .bss           0x00000000        0x0 c:/program files (x86)/atmel/studio/7.0/toolchain/avr8/avr8-gnu-toolchain/bin/../lib/gcc/avr/4.9.2/avr4\libgcc.a(_exit.o)
 .text.libgcc.mul
                0x00000000        0x0 c:/program files (x86)/atmel/studio/7.0/toolchain/avr8/avr8-gnu-toolchain/bin/../lib/gcc/avr/4.9.2/avr4\libgcc.a(_exit.o)
 .text.libgcc.div
                0x00000000        0x0 c:/program files (x86)/atmel/studio/7.0/toolchain/avr8/avr8-gnu-toolchain/bin/../lib/gcc/avr/4.9.2/avr4\libgcc.a(_exit.o)
 .text.libgcc   0x00000000        0x0 c:/program files (x86)/atmel/studio/7.0/toolchain/avr8/avr8-gnu-toolchain/bin/../lib/gcc/avr/4.9.2/avr4\libgcc.a(_exit.o)
 .text.libgcc.prologue
                0x00000000        0x0 c:/program files (x86)/atmel/studio/7.0/toolchain/avr8/avr8-gnu-toolchain/bin/../lib/gcc/avr/4.9.2/avr4\libgcc.a(_exit.o)
 .text.libgcc.builtins
                0x00000000        0x0 c:/program files (x86)/atmel/studio/7.0/toolchain/avr8/avr8-gnu-toolchain/bin/../lib/gcc/avr/4.9.2/avr4\libgcc.a(_exit.o)
 .text.libgcc.fmul
                0x00000000        0x0 c:/program files (x86)/atmel/studio/7.0/toolchain/avr8/avr8-gnu-toolchain/bin/../lib/gcc/avr/4.9.2/avr4\libgcc.a(_exit.o)
 .text.libgcc.fixed
                0x00000000        0x0 c:/program files (x86)/atmel/studio/7.0/toolchain/avr8/avr8-gnu-toolchain/bin/../lib/gcc/avr/4.9.2/avr4\libgcc.a(_exit.o)
 .text          0x00000000        0x0 c:/program files (x86)/atmel/studio/7.0/toolchain/avr8/avr8-gnu-toolchain/bin/../lib/gcc/avr/4.9.2/avr4\libgcc.a(_clear_bss.o)
 .data          0x00000000        0x0 c:/program files (x86)/atmel/studio/7.0/toolchain/avr8/avr8-gnu-toolchain/bin/../lib/gcc/avr/4.9.2/avr4\libgcc.a(_clear_bss.o)
 .bss           0x00000000        0x0 c:/program files (x86)/atmel/studio/7.0/toolchain/avr8/avr8-gnu-toolchain/bin/../lib/gcc/avr/4.9.2/avr4\libgcc.a(_clear_bss.o)
 .text.libgcc.mul
                0x00000000        0x0 c:/program files (x86)/atmel/studio/7.0/toolchain/avr8/avr8-gnu-toolchain/bin/../lib/gcc/avr/4.9.2/avr4\libgcc.a(_clear_bss.o)
 .text.libgcc.div
                0x00000000        0x0 c:/program files (x86)/atmel/studio/7.0/toolchain/avr8/avr8-gnu-toolchain/bin/../lib/gcc/avr/4.9.2/avr4\libgcc.a(_clear_bss.o)
 .text.libgcc   0x00000000        0x0 c:/program files (x86)/atmel/studio/7.0/toolchain/avr8/avr8-gnu-toolchain/bin/../lib/gcc/avr/4.9.2/avr4\libgcc.a(_clear_bss.o)
 .text.libgcc.prologue
                0x00000000        0x0 c:/program files (x86)/atmel/studio/7.0/toolchain/avr8/avr8-gnu-toolchain/bin/../lib/gcc/avr/4.9.2/avr4\libgcc.a(_clear_bss.o)
 .text.libgcc.builtins
                0x00000000        0x0 c:/program files (x86)/atmel/studio/7.0/toolchain/avr8/avr8-gnu-toolchain/bin/../lib/gcc/avr/4.9.2/avr4\libgcc.a(_clear_bss.o)
 .text.libgcc.fmul
                0x00000000        0x0 c:/program files (x86)/atmel/studio/7.0/toolchain/avr8/avr8-gnu-toolchain/bin/../lib/gcc/avr/4.9.2/avr4\libgcc.a(_clear_bss.o)
 .text.libgcc.fixed
                0x00000000        0x0 c:/program files (x86)/atmel/studio/7.0/toolchain/avr8/avr8-gnu-toolchain/bin/../lib/gcc/avr/4.9.2/avr4\libgcc.a(_clear_bss.o)

Memory Configuration

Name             Origin             Length             Attributes
text             0x00000000         0x00002000         xr
data             0x00800060         0x0000ffa0         rw !x
eeprom           0x00810000         0x00010000         rw !x
fuse             0x00820000         0x00000400         rw !x
lock             0x00830000         0x00000400         rw !x
signature        0x00840000         0x00000400         rw !x
user_signatures  0x00850000         0x00000400         rw !x
*default*        0x00000000         0xffffffff

Linker script and memory map

LOAD C:/Program Files (x86)/Atmel/Studio/7.0/Packs/atmel/ATmega_DFP/1.0.90/gcc/dev/atmega8/avr4/crtatmega8.o
LOAD Button.o
LOAD main.o
LOAD SPL/Atmega8_SPL.o
LOAD SPL/Avr5Lib.o
LOAD TaskManager/MainAsyncChainedTaskManager.o
START GROUP
LOAD c:/program files (x86)/atmel/studio/7.0/toolchain/avr8/avr8-gnu-toolchain/bin/../lib/gcc/avr/4.9.2/../../../../avr/lib/avr4\libm.a
END GROUP
LOAD c:/program files (x86)/atmel/studio/7.0/toolchain/avr8/avr8-gnu-toolchain/bin/../lib/gcc/avr/4.9.2/avr4\libgcc.a
LOAD c:/program files (x86)/atmel/studio/7.0/toolchain/avr8/avr8-gnu-toolchain/bin/../lib/gcc/avr/4.9.2/../../../../avr/lib/avr4\libm.a
START GROUP
LOAD c:/program files (x86)/atmel/studio/7.0/toolchain/avr8/avr8-gnu-toolchain/bin/../lib/gcc/avr/4.9.2/avr4\libgcc.a
LOAD c:/program files (x86)/atmel/studio/7.0/toolchain/avr8/avr8-gnu-toolchain/bin/../lib/gcc/avr/4.9.2/../../../../avr/lib/avr4\libm.a
LOAD c:/program files (x86)/atmel/studio/7.0/toolchain/avr8/avr8-gnu-toolchain/bin/../lib/gcc/avr/4.9.2/../../../../avr/lib/avr4\libc.a
LOAD C:/Program Files (x86)/Atmel/Studio/7.0/Packs/atmel/ATmega_DFP/1.0.90/gcc/dev/atmega8/avr4\libatmega8.a
END GROUP

.hash
 *(.hash)

.dynsym
 *(.dynsym)

.dynstr
 *(.dynstr)

.gnu.version
 *(.gnu.version)

.gnu.version_d
 *(.gnu.version_d)

.gnu.version_r
 *(.gnu.version_r)

.rel.init
 *(.rel.init)

.rela.init
 *(.rela.init)

.rel.text
 *(.rel.text)
 *(.rel.text.*)
 *(.rel.gnu.linkonce.t*)

.rela.text
 *(.rela.text)
 *(.rela.text.*)
 *(.rela.gnu.linkonce.t*)

.rel.fini
 *(.rel.fini)

.rela.fini
 *(.rela.fini)

.rel.rodata
 *(.rel.rodata)
 *(.rel.rodata.*)
 *(.rel.gnu.linkonce.r*)

.rela.rodata
 *(.rela.rodata)
 *(.rela.rodata.*)
 *(.rela.gnu.linkonce.r*)

.rel.data
 *(.rel.data)
 *(.rel.data.*)
 *(.rel.gnu.linkonce.d*)

.rela.data
 *(.rela.data)
 *(.rela.data.*)
 *(.rela.gnu.linkonce.d*)

.rel.ctors
 *(.rel.ctors)

.rela.ctors
 *(.rela.ctors)

.rel.dtors
 *(.rel.dtors)

.rela.dtors
 *(.rela.dtors)

.rel.got
 *(.rel.got)

.rela.got
 *(.rela.got)

.rel.bss
 *(.rel.bss)

.rela.bss
 *(.rela.bss)

.rel.plt
 *(.rel.plt)

.rela.plt
 *(.rela.plt)

.text           0x00000000       0x84
 *(.vectors)
 .vectors       0x00000000       0x26 C:/Program Files (x86)/Atmel/Studio/7.0/Packs/atmel/ATmega_DFP/1.0.90/gcc/dev/atmega8/avr4/crtatmega8.o
                0x00000000                __vector_default
                0x00000000                __vectors
 *(.vectors)
 *(.progmem.gcc*)
                0x00000026                . = ALIGN (0x2)
                0x00000026                __trampolines_start = .
 *(.trampolines)
 .trampolines   0x00000026        0x0 linker stubs
 *(.trampolines*)
                0x00000026                __trampolines_end = .
 *(.progmem*)
                0x00000026                . = ALIGN (0x2)
 *(.jumptables)
 *(.jumptables*)
 *(.lowtext)
 *(.lowtext*)
                0x00000026                __ctors_start = .
 *(.ctors)
                0x00000026                __ctors_end = .
                0x00000026                __dtors_start = .
 *(.dtors)
                0x00000026                __dtors_end = .
 SORT(*)(.ctors)
 SORT(*)(.dtors)
 *(.init0)
 .init0         0x00000026        0x0 C:/Program Files (x86)/Atmel/Studio/7.0/Packs/atmel/ATmega_DFP/1.0.90/gcc/dev/atmega8/avr4/crtatmega8.o
                0x00000026                __init
 *(.init0)
 *(.init1)
 *(.init1)
 *(.init2)
 .init2         0x00000026        0xc C:/Program Files (x86)/Atmel/Studio/7.0/Packs/atmel/ATmega_DFP/1.0.90/gcc/dev/atmega8/avr4/crtatmega8.o
 *(.init2)
 *(.init3)
 *(.init3)
 *(.init4)
 .init4         0x00000032       0x10 c:/program files (x86)/atmel/studio/7.0/toolchain/avr8/avr8-gnu-toolchain/bin/../lib/gcc/avr/4.9.2/avr4\libgcc.a(_clear_bss.o)
                0x00000032                __do_clear_bss
 *(.init4)
 *(.init5)
 *(.init5)
 *(.init6)
 *(.init6)
 *(.init7)
 *(.init7)
 *(.init8)
 *(.init8)
 *(.init9)
 .init9         0x00000042        0x4 C:/Program Files (x86)/Atmel/Studio/7.0/Packs/atmel/ATmega_DFP/1.0.90/gcc/dev/atmega8/avr4/crtatmega8.o
 *(.init9)
 *(.text)
 .text          0x00000046        0x2 C:/Program Files (x86)/Atmel/Studio/7.0/Packs/atmel/ATmega_DFP/1.0.90/gcc/dev/atmega8/avr4/crtatmega8.o
                0x00000046                __vector_1
                0x00000046                __vector_12
                0x00000046                __bad_interrupt
                0x00000046                __vector_6
                0x00000046                __vector_3
                0x00000046                __vector_11
                0x00000046                __vector_13
                0x00000046                __vector_17
                0x00000046                __vector_7
                0x00000046                __vector_5
                0x00000046                __vector_4
                0x00000046                __vector_9
                0x00000046                __vector_2
                0x00000046                __vector_15
                0x00000046                __vector_8
                0x00000046                __vector_14
                0x00000046                __vector_10
                0x00000046                __vector_16
                0x00000046                __vector_18
                0x00000048                . = ALIGN (0x2)
 *(.text.*)
 .text.main     0x00000048       0x38 main.o
                0x00000048                main
                0x00000080                . = ALIGN (0x2)
 *(.fini9)
 .fini9         0x00000080        0x0 c:/program files (x86)/atmel/studio/7.0/toolchain/avr8/avr8-gnu-toolchain/bin/../lib/gcc/avr/4.9.2/avr4\libgcc.a(_exit.o)
                0x00000080                _exit
                0x00000080                exit
 *(.fini9)
 *(.fini8)
 *(.fini8)
 *(.fini7)
 *(.fini7)
 *(.fini6)
 *(.fini6)
 *(.fini5)
 *(.fini5)
 *(.fini4)
 *(.fini4)
 *(.fini3)
 *(.fini3)
 *(.fini2)
 *(.fini2)
 *(.fini1)
 *(.fini1)
 *(.fini0)
 .fini0         0x00000080        0x4 c:/program files (x86)/atmel/studio/7.0/toolchain/avr8/avr8-gnu-toolchain/bin/../lib/gcc/avr/4.9.2/avr4\libgcc.a(_exit.o)
 *(.fini0)
                0x00000084                _etext = .

.data           0x00800060        0x0 load address 0x00000084
                0x00800060                PROVIDE (__data_start, .)
 *(.data)
 *(.data*)
 *(.rodata)
 *(.rodata*)
 *(.gnu.linkonce.d*)
                0x00800060                . = ALIGN (0x2)
                0x00800060                _edata = .
                0x00800060                PROVIDE (__data_end, .)

.bss            0x00800060        0x0
                0x00800060                PROVIDE (__bss_start, .)
 *(.bss)
 *(.bss*)
 *(COMMON)
                0x00800060                PROVIDE (__bss_end, .)
                0x00000084                __data_load_start = LOADADDR (.data)
                0x00000084                __data_load_end = (__data_load_start + SIZEOF (.data))

.noinit         0x00800060        0x0
                0x00800060                PROVIDE (__noinit_start, .)
 *(.noinit*)
                0x00800060                PROVIDE (__noinit_end, .)
                0x00800060                _end = .
                0x00800060                PROVIDE (__heap_start, .)

.eeprom         0x00810000        0x0
 *(.eeprom*)
                0x00810000                __eeprom_end = .

.fuse
 *(.fuse)
 *(.lfuse)
 *(.hfuse)
 *(.efuse)

.lock
 *(.lock*)

.signature
 *(.signature*)

.user_signatures
 *(.user_signatures*)

.stab
 *(.stab)

.stabstr
 *(.stabstr)

.stab.excl
 *(.stab.excl)

.stab.exclstr
 *(.stab.exclstr)

.stab.index
 *(.stab.index)

.stab.indexstr
 *(.stab.indexstr)

.comment        0x00000000       0x30
 *(.comment)
 .comment       0x00000000       0x30 main.o
                                 0x31 (size before relaxing)

.note.gnu.avr.deviceinfo
                0x00000000       0x3c
 .note.gnu.avr.deviceinfo
                0x00000000       0x3c C:/Program Files (x86)/Atmel/Studio/7.0/Packs/atmel/ATmega_DFP/1.0.90/gcc/dev/atmega8/avr4/crtatmega8.o

.note.gnu.build-id
 *(.note.gnu.build-id)

.debug
 *(.debug)

.line
 *(.line)

.debug_srcinfo
 *(.debug_srcinfo)

.debug_sfnames
 *(.debug_sfnames)

.debug_aranges  0x00000000       0x20
 *(.debug_aranges)
 .debug_aranges
                0x00000000       0x20 main.o

.debug_pubnames
 *(.debug_pubnames)

.debug_info     0x00000000     0x2d1d
 *(.debug_info .gnu.linkonce.wi.*)
 .debug_info    0x00000000     0x2d1d main.o

.debug_abbrev   0x00000000      0x137
 *(.debug_abbrev)
 .debug_abbrev  0x00000000      0x137 main.o

.debug_line     0x00000000      0x270
 *(.debug_line .debug_line.* .debug_line_end)
 .debug_line    0x00000000      0x270 main.o

.debug_frame    0x00000000       0x24
 *(.debug_frame)
 .debug_frame   0x00000000       0x24 main.o

.debug_str      0x00000000     0x8f6e
 *(.debug_str)
 .debug_str     0x00000000     0x8f6e main.o
                               0x90a1 (size before relaxing)

.debug_loc
 *(.debug_loc)

.debug_macinfo
 *(.debug_macinfo)

.debug_weaknames
 *(.debug_weaknames)

.debug_funcnames
 *(.debug_funcnames)

.debug_typenames
 *(.debug_typenames)

.debug_varnames
 *(.debug_varnames)

.debug_pubtypes
 *(.debug_pubtypes)

.debug_ranges   0x00000000       0x10
 *(.debug_ranges)
 .debug_ranges  0x00000000       0x10 main.o

.debug_macro    0x00000000       0xd3
 *(.debug_macro)
 .debug_macro   0x00000000       0xd3 main.o
OUTPUT(Atmega8.elf elf32-avr)
LOAD linker stubs
