Archive member included to satisfy reference by file (symbol)

c:/program files (x86)/atmel/studio/7.0/toolchain/avr8/avr8-gnu-toolchain/bin/../lib/gcc/avr/4.9.2/avr5\libgcc.a(_exit.o)
                              C:/Program Files (x86)/Atmel/Studio/7.0/Packs/atmel/ATmega_DFP/1.0.90/gcc/dev/atmega16a/avr5/crtatmega16a.o (exit)
c:/program files (x86)/atmel/studio/7.0/toolchain/avr8/avr8-gnu-toolchain/bin/../lib/gcc/avr/4.9.2/avr5\libgcc.a(_copy_data.o)
                              main.o (__do_copy_data)
c:/program files (x86)/atmel/studio/7.0/toolchain/avr8/avr8-gnu-toolchain/bin/../lib/gcc/avr/4.9.2/avr5\libgcc.a(_clear_bss.o)
                              main.o (__do_clear_bss)
c:/program files (x86)/atmel/studio/7.0/toolchain/avr8/avr8-gnu-toolchain/bin/../lib/gcc/avr/4.9.2/avr5\libgcc.a(_ctors.o)
                              main.o (__do_global_ctors)
c:/program files (x86)/atmel/studio/7.0/toolchain/avr8/avr8-gnu-toolchain/bin/../lib/gcc/avr/4.9.2/avr5\libgcc.a(_dtors.o)
                              main.o (__do_global_dtors)
c:/program files (x86)/atmel/studio/7.0/toolchain/avr8/avr8-gnu-toolchain/bin/../lib/gcc/avr/4.9.2/avr5\libgcc.a(_tablejump2.o)
                              c:/program files (x86)/atmel/studio/7.0/toolchain/avr8/avr8-gnu-toolchain/bin/../lib/gcc/avr/4.9.2/avr5\libgcc.a(_ctors.o) (__tablejump2__)
c:/program files (x86)/atmel/studio/7.0/toolchain/avr8/avr8-gnu-toolchain/bin/../lib/gcc/avr/4.9.2/../../../../avr/lib/avr5\libc.a(malloc.o)
                              main.o (malloc)
C:/Program Files (x86)/Atmel/Studio/7.0/Packs/atmel/ATmega_DFP/1.0.90/gcc/dev/atmega16a/avr5\libatmega16a.a(eerd_block.o)
                              main.o (eeprom_read_block)
C:/Program Files (x86)/Atmel/Studio/7.0/Packs/atmel/ATmega_DFP/1.0.90/gcc/dev/atmega16a/avr5\libatmega16a.a(eerd_byte.o)
                              main.o (eeprom_read_byte)

Allocating common symbols
Common symbol       size              file

__brkval            0x2               c:/program files (x86)/atmel/studio/7.0/toolchain/avr8/avr8-gnu-toolchain/bin/../lib/gcc/avr/4.9.2/../../../../avr/lib/avr5\libc.a(malloc.o)
__flp               0x2               c:/program files (x86)/atmel/studio/7.0/toolchain/avr8/avr8-gnu-toolchain/bin/../lib/gcc/avr/4.9.2/../../../../avr/lib/avr5\libc.a(malloc.o)

Discarded input sections

 .data          0x00000000        0x0 C:/Program Files (x86)/Atmel/Studio/7.0/Packs/atmel/ATmega_DFP/1.0.90/gcc/dev/atmega16a/avr5/crtatmega16a.o
 .bss           0x00000000        0x0 C:/Program Files (x86)/Atmel/Studio/7.0/Packs/atmel/ATmega_DFP/1.0.90/gcc/dev/atmega16a/avr5/crtatmega16a.o
 .group         0x00000000        0x8 main.o
 .group         0x00000000        0x8 main.o
 .group         0x00000000        0x8 main.o
 .group         0x00000000        0x8 main.o
 .group         0x00000000        0x8 main.o
 .group         0x00000000        0x8 main.o
 .group         0x00000000        0x8 main.o
 .group         0x00000000        0x8 main.o
 .group         0x00000000        0x8 main.o
 .group         0x00000000        0x8 main.o
 .group         0x00000000        0x8 main.o
 .group         0x00000000        0x8 main.o
 .group         0x00000000        0xc main.o
 .group         0x00000000        0x8 main.o
 .group         0x00000000        0x8 main.o
 .group         0x00000000        0x8 main.o
 .group         0x00000000        0x8 main.o
 .group         0x00000000        0x8 main.o
 .group         0x00000000        0x8 main.o
 .group         0x00000000        0x8 main.o
 .group         0x00000000        0x8 main.o
 .group         0x00000000        0x8 main.o
 .group         0x00000000        0xc main.o
 .group         0x00000000        0xc main.o
 .group         0x00000000        0xc main.o
 .group         0x00000000        0xc main.o
 .group         0x00000000        0xc main.o
 .group         0x00000000        0xc main.o
 .group         0x00000000        0xc main.o
 .group         0x00000000        0xc main.o
 .group         0x00000000        0xc main.o
 .group         0x00000000        0xc main.o
 .group         0x00000000        0xc main.o
 .group         0x00000000        0xc main.o
 .group         0x00000000        0x8 main.o
 .group         0x00000000        0x8 main.o
 .group         0x00000000        0x8 main.o
 .group         0x00000000        0x8 main.o
 .group         0x00000000        0x8 main.o
 .group         0x00000000        0x8 main.o
 .group         0x00000000        0x8 main.o
 .group         0x00000000        0x8 main.o
 .group         0x00000000        0x8 main.o
 .group         0x00000000        0x8 main.o
 .group         0x00000000        0x8 main.o
 .group         0x00000000        0x8 main.o
 .group         0x00000000        0x8 main.o
 .group         0x00000000        0x8 main.o
 .group         0x00000000        0x8 main.o
 .group         0x00000000        0x8 main.o
 .group         0x00000000        0x8 main.o
 .group         0x00000000        0x8 main.o
 .group         0x00000000        0x8 main.o
 .group         0x00000000        0x8 main.o
 .group         0x00000000        0x8 main.o
 .group         0x00000000        0x8 main.o
 .group         0x00000000        0x8 main.o
 .group         0x00000000        0x8 main.o
 .group         0x00000000        0x8 main.o
 .group         0x00000000        0x8 main.o
 .group         0x00000000        0x8 main.o
 .group         0x00000000        0x8 main.o
 .group         0x00000000        0x8 main.o
 .group         0x00000000        0x8 main.o
 .group         0x00000000        0x8 main.o
 .group         0x00000000        0x8 main.o
 .group         0x00000000        0x8 main.o
 .group         0x00000000        0x8 main.o
 .group         0x00000000        0x8 main.o
 .group         0x00000000        0x8 main.o
 .group         0x00000000        0x8 main.o
 .group         0x00000000        0x8 main.o
 .group         0x00000000        0x8 main.o
 .group         0x00000000        0x8 main.o
 .group         0x00000000        0x8 main.o
 .group         0x00000000        0x8 main.o
 .group         0x00000000        0x8 main.o
 .group         0x00000000        0x8 main.o
 .group         0x00000000        0x8 main.o
 .group         0x00000000        0x8 main.o
 .group         0x00000000        0x8 main.o
 .group         0x00000000        0x8 main.o
 .group         0x00000000        0x8 main.o
 .group         0x00000000        0x8 main.o
 .group         0x00000000        0x8 main.o
 .group         0x00000000        0x8 main.o
 .group         0x00000000        0x8 main.o
 .group         0x00000000        0x8 main.o
 .group         0x00000000        0x8 main.o
 .group         0x00000000        0x8 main.o
 .group         0x00000000        0x8 main.o
 .group         0x00000000        0x8 main.o
 .group         0x00000000        0x8 main.o
 .group         0x00000000        0x8 main.o
 .group         0x00000000        0x8 main.o
 .group         0x00000000        0x8 main.o
 .group         0x00000000        0x8 main.o
 .group         0x00000000        0x8 main.o
 .group         0x00000000        0x8 main.o
 .group         0x00000000        0x8 main.o
 .group         0x00000000        0x8 main.o
 .group         0x00000000        0x8 main.o
 .group         0x00000000        0x8 main.o
 .group         0x00000000        0x8 main.o
 .group         0x00000000        0x8 main.o
 .group         0x00000000        0x8 main.o
 .group         0x00000000        0x8 main.o
 .group         0x00000000        0x8 main.o
 .group         0x00000000        0x8 main.o
 .group         0x00000000        0x8 main.o
 .group         0x00000000        0x8 main.o
 .group         0x00000000        0x8 main.o
 .group         0x00000000        0x8 main.o
 .group         0x00000000        0x8 main.o
 .group         0x00000000        0x8 main.o
 .group         0x00000000        0x8 main.o
 .group         0x00000000        0x8 main.o
 .group         0x00000000        0x8 main.o
 .group         0x00000000        0x8 main.o
 .group         0x00000000        0x8 main.o
 .group         0x00000000        0x8 main.o
 .group         0x00000000        0x8 main.o
 .group         0x00000000        0x8 main.o
 .group         0x00000000        0x8 main.o
 .group         0x00000000        0x8 main.o
 .group         0x00000000        0x8 main.o
 .group         0x00000000        0x8 main.o
 .group         0x00000000        0x8 main.o
 .group         0x00000000        0x8 main.o
 .group         0x00000000        0x8 main.o
 .group         0x00000000        0x8 main.o
 .group         0x00000000        0x8 main.o
 .group         0x00000000        0x8 main.o
 .group         0x00000000        0x8 main.o
 .group         0x00000000        0x8 main.o
 .group         0x00000000        0x8 main.o
 .group         0x00000000        0x8 main.o
 .group         0x00000000        0x8 main.o
 .group         0x00000000        0x8 main.o
 .group         0x00000000        0x8 main.o
 .group         0x00000000        0x8 main.o
 .group         0x00000000        0x8 main.o
 .group         0x00000000        0x8 main.o
 .group         0x00000000        0x8 main.o
 .group         0x00000000        0x8 main.o
 .group         0x00000000        0x8 main.o
 .group         0x00000000        0x8 main.o
 .group         0x00000000        0x8 main.o
 .group         0x00000000        0x8 main.o
 .group         0x00000000        0x8 main.o
 .group         0x00000000        0x8 main.o
 .group         0x00000000        0x8 main.o
 .group         0x00000000        0x8 main.o
 .group         0x00000000        0x8 main.o
 .group         0x00000000        0x8 main.o
 .group         0x00000000        0x8 main.o
 .group         0x00000000        0x8 main.o
 .group         0x00000000        0x8 main.o
 .group         0x00000000        0x8 main.o
 .group         0x00000000        0x8 main.o
 .group         0x00000000        0x8 main.o
 .group         0x00000000        0x8 main.o
 .group         0x00000000        0x8 main.o
 .group         0x00000000        0x8 main.o
 .group         0x00000000        0x8 main.o
 .group         0x00000000        0x8 main.o
 .group         0x00000000        0x8 main.o
 .group         0x00000000        0x8 main.o
 .group         0x00000000        0x8 main.o
 .group         0x00000000        0x8 main.o
 .group         0x00000000        0x8 main.o
 .group         0x00000000        0x8 main.o
 .group         0x00000000        0x8 main.o
 .group         0x00000000        0x8 main.o
 .group         0x00000000        0x8 main.o
 .group         0x00000000        0x8 main.o
 .group         0x00000000        0x8 main.o
 .group         0x00000000        0x8 main.o
 .group         0x00000000        0x8 main.o
 .group         0x00000000        0x8 main.o
 .group         0x00000000        0x8 main.o
 .group         0x00000000        0x8 main.o
 .group         0x00000000        0x8 main.o
 .group         0x00000000        0x8 main.o
 .group         0x00000000        0x8 main.o
 .group         0x00000000        0x8 main.o
 .group         0x00000000        0x8 main.o
 .group         0x00000000        0x8 main.o
 .group         0x00000000        0x8 main.o
 .group         0x00000000        0x8 main.o
 .group         0x00000000        0x8 main.o
 .group         0x00000000        0x8 main.o
 .group         0x00000000        0x8 main.o
 .group         0x00000000        0x8 main.o
 .group         0x00000000        0x8 main.o
 .group         0x00000000        0x8 main.o
 .group         0x00000000        0x8 main.o
 .group         0x00000000        0x8 main.o
 .group         0x00000000        0x8 main.o
 .group         0x00000000        0x8 main.o
 .group         0x00000000        0x8 main.o
 .group         0x00000000        0x8 main.o
 .group         0x00000000        0x8 main.o
 .group         0x00000000        0x8 main.o
 .group         0x00000000        0x8 main.o
 .group         0x00000000        0x8 main.o
 .group         0x00000000        0x8 main.o
 .group         0x00000000        0x8 main.o
 .group         0x00000000        0x8 main.o
 .group         0x00000000        0x8 main.o
 .text._ZN8PinSBase7FastSetEv
                0x00000000        0x2 main.o
 .text._ZN8PinSBase9FastClearEv
                0x00000000        0x2 main.o
 .text._ZN8PinSBase10FastToggleEv
                0x00000000        0x2 main.o
 .text._ZN8PinSBase12FastAsOutputEv
                0x00000000        0x2 main.o
 .text._ZN8PinSBase11FastAsInputEv
                0x00000000        0x2 main.o
 .text._ZN8PinSBase7BoolSetEb
                0x00000000        0x2 main.o
 .text._ZN8PinSBase5CheckEv
                0x00000000        0x2 main.o
 .text._ZN8PinSBase3SetEv
                0x00000000        0x2 main.o
 .text._ZN8PinSBase5ClearEv
                0x00000000        0x2 main.o
 .text._ZN8PinSBase6ToggleEv
                0x00000000        0x2 main.o
 .text._ZN8PinSBase8AsOutputEv
                0x00000000        0x2 main.o
 .text._ZN8PinSBase7AsInputEv
                0x00000000        0x2 main.o
 .text._ZN8PinSBaseD2Ev
                0x00000000        0x2 main.o
 .text._ZN8PinSBaseD0Ev
                0x00000000        0x6 main.o
 .group         0x00000000        0x8 Sh1106Class.o
 .group         0x00000000        0x8 Sh1106Class.o
 .group         0x00000000        0x8 Sh1106Class.o
 .group         0x00000000        0x8 Sh1106Class.o
 .group         0x00000000        0x8 Sh1106Class.o
 .group         0x00000000        0x8 Sh1106Class.o
 .group         0x00000000        0x8 Sh1106Class.o
 .group         0x00000000        0x8 Sh1106Class.o
 .group         0x00000000        0x8 Sh1106Class.o
 .group         0x00000000        0x8 Sh1106Class.o
 .group         0x00000000        0x8 Sh1106Class.o
 .group         0x00000000        0x8 Sh1106Class.o
 .group         0x00000000        0x8 Sh1106Class.o
 .group         0x00000000        0x8 Sh1106Class.o
 .group         0x00000000        0x8 Sh1106Class.o
 .group         0x00000000        0x8 Sh1106Class.o
 .group         0x00000000        0x8 Sh1106Class.o
 .group         0x00000000        0x8 Sh1106Class.o
 .group         0x00000000        0x8 Sh1106Class.o
 .group         0x00000000        0x8 Sh1106Class.o
 .group         0x00000000        0x8 Sh1106Class.o
 .group         0x00000000        0x8 Sh1106Class.o
 .group         0x00000000        0x8 Sh1106Class.o
 .group         0x00000000        0x8 Sh1106Class.o
 .group         0x00000000        0x8 Sh1106Class.o
 .text          0x00000000        0x0 Sh1106Class.o
 .data          0x00000000        0x0 Sh1106Class.o
 .bss           0x00000000        0x0 Sh1106Class.o
 .debug_info    0x00000000      0x2b4 Sh1106Class.o
 .debug_abbrev  0x00000000       0x84 Sh1106Class.o
 .debug_aranges
                0x00000000       0x18 Sh1106Class.o
 .debug_macro   0x00000000      0x127 Sh1106Class.o
 .debug_macro   0x00000000      0xaa2 Sh1106Class.o
 .debug_macro   0x00000000       0x1c Sh1106Class.o
 .debug_macro   0x00000000      0x10e Sh1106Class.o
 .debug_macro   0x00000000       0x66 Sh1106Class.o
 .debug_macro   0x00000000       0x1c Sh1106Class.o
 .debug_macro   0x00000000      0x1ad Sh1106Class.o
 .debug_macro   0x00000000      0x293 Sh1106Class.o
 .debug_macro   0x00000000       0xaa Sh1106Class.o
 .debug_macro   0x00000000     0x13fe Sh1106Class.o
 .debug_macro   0x00000000      0x171 Sh1106Class.o
 .debug_macro   0x00000000       0xbd Sh1106Class.o
 .debug_macro   0x00000000       0x34 Sh1106Class.o
 .debug_macro   0x00000000       0x18 Sh1106Class.o
 .debug_macro   0x00000000       0x6c Sh1106Class.o
 .debug_macro   0x00000000       0x58 Sh1106Class.o
 .debug_macro   0x00000000       0x10 Sh1106Class.o
 .debug_macro   0x00000000       0x20 Sh1106Class.o
 .debug_macro   0x00000000       0xeb Sh1106Class.o
 .debug_macro   0x00000000       0x69 Sh1106Class.o
 .debug_macro   0x00000000       0x16 Sh1106Class.o
 .debug_macro   0x00000000       0x10 Sh1106Class.o
 .debug_macro   0x00000000       0x10 Sh1106Class.o
 .debug_macro   0x00000000      0x160 Sh1106Class.o
 .debug_macro   0x00000000       0x8d Sh1106Class.o
 .debug_macro   0x00000000       0x33 Sh1106Class.o
 .debug_line    0x00000000      0x337 Sh1106Class.o
 .debug_str     0x00000000     0x7bdd Sh1106Class.o
 .comment       0x00000000       0x31 Sh1106Class.o
 .group         0x00000000        0x8 SPL/Atmega16A_SPL.o
 .group         0x00000000        0x8 SPL/Atmega16A_SPL.o
 .group         0x00000000        0x8 SPL/Atmega16A_SPL.o
 .group         0x00000000        0x8 SPL/Atmega16A_SPL.o
 .group         0x00000000        0x8 SPL/Atmega16A_SPL.o
 .group         0x00000000        0x8 SPL/Atmega16A_SPL.o
 .group         0x00000000        0x8 SPL/Atmega16A_SPL.o
 .group         0x00000000        0x8 SPL/Atmega16A_SPL.o
 .group         0x00000000        0x8 SPL/Atmega16A_SPL.o
 .group         0x00000000        0x8 SPL/Atmega16A_SPL.o
 .group         0x00000000        0x8 SPL/Atmega16A_SPL.o
 .group         0x00000000        0x8 SPL/Atmega16A_SPL.o
 .group         0x00000000        0x8 SPL/Atmega16A_SPL.o
 .group         0x00000000        0x8 SPL/Atmega16A_SPL.o
 .group         0x00000000        0x8 SPL/Atmega16A_SPL.o
 .group         0x00000000        0x8 SPL/Atmega16A_SPL.o
 .group         0x00000000        0x8 SPL/Atmega16A_SPL.o
 .group         0x00000000        0x8 SPL/Atmega16A_SPL.o
 .group         0x00000000        0x8 SPL/Atmega16A_SPL.o
 .text          0x00000000        0x0 SPL/Atmega16A_SPL.o
 .data          0x00000000        0x0 SPL/Atmega16A_SPL.o
 .bss           0x00000000        0x0 SPL/Atmega16A_SPL.o
 .debug_info    0x00000000       0x68 SPL/Atmega16A_SPL.o
 .debug_abbrev  0x00000000       0x29 SPL/Atmega16A_SPL.o
 .debug_aranges
                0x00000000       0x18 SPL/Atmega16A_SPL.o
 .debug_macro   0x00000000       0xcf SPL/Atmega16A_SPL.o
 .debug_macro   0x00000000      0xaa2 SPL/Atmega16A_SPL.o
 .debug_macro   0x00000000       0x10 SPL/Atmega16A_SPL.o
 .debug_macro   0x00000000       0x1c SPL/Atmega16A_SPL.o
 .debug_macro   0x00000000      0x1ad SPL/Atmega16A_SPL.o
 .debug_macro   0x00000000      0x293 SPL/Atmega16A_SPL.o
 .debug_macro   0x00000000       0x9e SPL/Atmega16A_SPL.o
 .debug_macro   0x00000000     0x13fe SPL/Atmega16A_SPL.o
 .debug_macro   0x00000000      0x171 SPL/Atmega16A_SPL.o
 .debug_macro   0x00000000       0xbd SPL/Atmega16A_SPL.o
 .debug_macro   0x00000000       0x34 SPL/Atmega16A_SPL.o
 .debug_macro   0x00000000       0x18 SPL/Atmega16A_SPL.o
 .debug_macro   0x00000000       0x6c SPL/Atmega16A_SPL.o
 .debug_macro   0x00000000       0x58 SPL/Atmega16A_SPL.o
 .debug_macro   0x00000000       0x10 SPL/Atmega16A_SPL.o
 .debug_macro   0x00000000       0x97 SPL/Atmega16A_SPL.o
 .debug_macro   0x00000000       0xeb SPL/Atmega16A_SPL.o
 .debug_macro   0x00000000       0x1c SPL/Atmega16A_SPL.o
 .debug_macro   0x00000000       0x97 SPL/Atmega16A_SPL.o
 .debug_macro   0x00000000       0x66 SPL/Atmega16A_SPL.o
 .debug_line    0x00000000      0x24e SPL/Atmega16A_SPL.o
 .debug_str     0x00000000     0x7106 SPL/Atmega16A_SPL.o
 .comment       0x00000000       0x31 SPL/Atmega16A_SPL.o
 .group         0x00000000        0x8 SPL/Avr5Lib.o
 .group         0x00000000        0x8 SPL/Avr5Lib.o
 .group         0x00000000        0x8 SPL/Avr5Lib.o
 .group         0x00000000        0x8 SPL/Avr5Lib.o
 .group         0x00000000        0x8 SPL/Avr5Lib.o
 .group         0x00000000        0x8 SPL/Avr5Lib.o
 .group         0x00000000        0x8 SPL/Avr5Lib.o
 .group         0x00000000        0x8 SPL/Avr5Lib.o
 .group         0x00000000        0x8 SPL/Avr5Lib.o
 .group         0x00000000        0x8 SPL/Avr5Lib.o
 .group         0x00000000        0x8 SPL/Avr5Lib.o
 .group         0x00000000        0x8 SPL/Avr5Lib.o
 .group         0x00000000        0x8 SPL/Avr5Lib.o
 .group         0x00000000        0x8 SPL/Avr5Lib.o
 .group         0x00000000        0x8 SPL/Avr5Lib.o
 .group         0x00000000        0x8 SPL/Avr5Lib.o
 .text          0x00000000        0x0 SPL/Avr5Lib.o
 .data          0x00000000        0x0 SPL/Avr5Lib.o
 .bss           0x00000000        0x0 SPL/Avr5Lib.o
 .debug_info    0x00000000       0x68 SPL/Avr5Lib.o
 .debug_abbrev  0x00000000       0x34 SPL/Avr5Lib.o
 .debug_aranges
                0x00000000       0x18 SPL/Avr5Lib.o
 .debug_macro   0x00000000       0xbe SPL/Avr5Lib.o
 .debug_macro   0x00000000      0xaa2 SPL/Avr5Lib.o
 .debug_macro   0x00000000       0x10 SPL/Avr5Lib.o
 .debug_macro   0x00000000       0x1c SPL/Avr5Lib.o
 .debug_macro   0x00000000      0x1ad SPL/Avr5Lib.o
 .debug_macro   0x00000000      0x293 SPL/Avr5Lib.o
 .debug_macro   0x00000000       0x9e SPL/Avr5Lib.o
 .debug_macro   0x00000000     0x13fe SPL/Avr5Lib.o
 .debug_macro   0x00000000      0x171 SPL/Avr5Lib.o
 .debug_macro   0x00000000       0xbd SPL/Avr5Lib.o
 .debug_macro   0x00000000       0x34 SPL/Avr5Lib.o
 .debug_macro   0x00000000       0x18 SPL/Avr5Lib.o
 .debug_macro   0x00000000       0x6c SPL/Avr5Lib.o
 .debug_macro   0x00000000       0x63 SPL/Avr5Lib.o
 .debug_macro   0x00000000       0x1c SPL/Avr5Lib.o
 .debug_macro   0x00000000      0x10e SPL/Avr5Lib.o
 .debug_macro   0x00000000       0x66 SPL/Avr5Lib.o
 .debug_line    0x00000000      0x242 SPL/Avr5Lib.o
 .debug_str     0x00000000     0x7004 SPL/Avr5Lib.o
 .comment       0x00000000       0x31 SPL/Avr5Lib.o
 .group         0x00000000        0x8 TaskManager/MainAsyncChainedTaskManager.o
 .group         0x00000000        0x8 TaskManager/MainAsyncChainedTaskManager.o
 .group         0x00000000        0x8 TaskManager/MainAsyncChainedTaskManager.o
 .group         0x00000000        0x8 TaskManager/MainAsyncChainedTaskManager.o
 .group         0x00000000        0x8 TaskManager/MainAsyncChainedTaskManager.o
 .group         0x00000000        0x8 TaskManager/MainAsyncChainedTaskManager.o
 .group         0x00000000        0x8 TaskManager/MainAsyncChainedTaskManager.o
 .group         0x00000000        0x8 TaskManager/MainAsyncChainedTaskManager.o
 .group         0x00000000        0x8 TaskManager/MainAsyncChainedTaskManager.o
 .group         0x00000000        0x8 TaskManager/MainAsyncChainedTaskManager.o
 .group         0x00000000        0x8 TaskManager/MainAsyncChainedTaskManager.o
 .group         0x00000000        0x8 TaskManager/MainAsyncChainedTaskManager.o
 .group         0x00000000        0x8 TaskManager/MainAsyncChainedTaskManager.o
 .group         0x00000000        0x8 TaskManager/MainAsyncChainedTaskManager.o
 .group         0x00000000        0x8 TaskManager/MainAsyncChainedTaskManager.o
 .group         0x00000000        0x8 TaskManager/MainAsyncChainedTaskManager.o
 .text          0x00000000        0x0 TaskManager/MainAsyncChainedTaskManager.o
 .data          0x00000000        0x0 TaskManager/MainAsyncChainedTaskManager.o
 .bss           0x00000000        0x0 TaskManager/MainAsyncChainedTaskManager.o
 .debug_info    0x00000000       0x61 TaskManager/MainAsyncChainedTaskManager.o
 .debug_abbrev  0x00000000       0x29 TaskManager/MainAsyncChainedTaskManager.o
 .debug_aranges
                0x00000000       0x18 TaskManager/MainAsyncChainedTaskManager.o
 .debug_macro   0x00000000       0xb2 TaskManager/MainAsyncChainedTaskManager.o
 .debug_macro   0x00000000      0xaa2 TaskManager/MainAsyncChainedTaskManager.o
 .debug_macro   0x00000000       0x10 TaskManager/MainAsyncChainedTaskManager.o
 .debug_macro   0x00000000       0x1c TaskManager/MainAsyncChainedTaskManager.o
 .debug_macro   0x00000000      0x1ad TaskManager/MainAsyncChainedTaskManager.o
 .debug_macro   0x00000000      0x293 TaskManager/MainAsyncChainedTaskManager.o
 .debug_macro   0x00000000       0x9e TaskManager/MainAsyncChainedTaskManager.o
 .debug_macro   0x00000000     0x13fe TaskManager/MainAsyncChainedTaskManager.o
 .debug_macro   0x00000000      0x171 TaskManager/MainAsyncChainedTaskManager.o
 .debug_macro   0x00000000       0xbd TaskManager/MainAsyncChainedTaskManager.o
 .debug_macro   0x00000000       0x34 TaskManager/MainAsyncChainedTaskManager.o
 .debug_macro   0x00000000       0x18 TaskManager/MainAsyncChainedTaskManager.o
 .debug_macro   0x00000000       0x6c TaskManager/MainAsyncChainedTaskManager.o
 .debug_macro   0x00000000       0x63 TaskManager/MainAsyncChainedTaskManager.o
 .debug_macro   0x00000000       0x1c TaskManager/MainAsyncChainedTaskManager.o
 .debug_macro   0x00000000      0x10e TaskManager/MainAsyncChainedTaskManager.o
 .debug_macro   0x00000000       0x66 TaskManager/MainAsyncChainedTaskManager.o
 .debug_line    0x00000000      0x25e TaskManager/MainAsyncChainedTaskManager.o
 .debug_str     0x00000000     0x6fc5 TaskManager/MainAsyncChainedTaskManager.o
 .comment       0x00000000       0x31 TaskManager/MainAsyncChainedTaskManager.o
 .text          0x00000000        0x0 c:/program files (x86)/atmel/studio/7.0/toolchain/avr8/avr8-gnu-toolchain/bin/../lib/gcc/avr/4.9.2/avr5\libgcc.a(_exit.o)
 .data          0x00000000        0x0 c:/program files (x86)/atmel/studio/7.0/toolchain/avr8/avr8-gnu-toolchain/bin/../lib/gcc/avr/4.9.2/avr5\libgcc.a(_exit.o)
 .bss           0x00000000        0x0 c:/program files (x86)/atmel/studio/7.0/toolchain/avr8/avr8-gnu-toolchain/bin/../lib/gcc/avr/4.9.2/avr5\libgcc.a(_exit.o)
 .text.libgcc.mul
                0x00000000        0x0 c:/program files (x86)/atmel/studio/7.0/toolchain/avr8/avr8-gnu-toolchain/bin/../lib/gcc/avr/4.9.2/avr5\libgcc.a(_exit.o)
 .text.libgcc.div
                0x00000000        0x0 c:/program files (x86)/atmel/studio/7.0/toolchain/avr8/avr8-gnu-toolchain/bin/../lib/gcc/avr/4.9.2/avr5\libgcc.a(_exit.o)
 .text.libgcc   0x00000000        0x0 c:/program files (x86)/atmel/studio/7.0/toolchain/avr8/avr8-gnu-toolchain/bin/../lib/gcc/avr/4.9.2/avr5\libgcc.a(_exit.o)
 .text.libgcc.prologue
                0x00000000        0x0 c:/program files (x86)/atmel/studio/7.0/toolchain/avr8/avr8-gnu-toolchain/bin/../lib/gcc/avr/4.9.2/avr5\libgcc.a(_exit.o)
 .text.libgcc.builtins
                0x00000000        0x0 c:/program files (x86)/atmel/studio/7.0/toolchain/avr8/avr8-gnu-toolchain/bin/../lib/gcc/avr/4.9.2/avr5\libgcc.a(_exit.o)
 .text.libgcc.fmul
                0x00000000        0x0 c:/program files (x86)/atmel/studio/7.0/toolchain/avr8/avr8-gnu-toolchain/bin/../lib/gcc/avr/4.9.2/avr5\libgcc.a(_exit.o)
 .text.libgcc.fixed
                0x00000000        0x0 c:/program files (x86)/atmel/studio/7.0/toolchain/avr8/avr8-gnu-toolchain/bin/../lib/gcc/avr/4.9.2/avr5\libgcc.a(_exit.o)
 .text          0x00000000        0x0 c:/program files (x86)/atmel/studio/7.0/toolchain/avr8/avr8-gnu-toolchain/bin/../lib/gcc/avr/4.9.2/avr5\libgcc.a(_copy_data.o)
 .data          0x00000000        0x0 c:/program files (x86)/atmel/studio/7.0/toolchain/avr8/avr8-gnu-toolchain/bin/../lib/gcc/avr/4.9.2/avr5\libgcc.a(_copy_data.o)
 .bss           0x00000000        0x0 c:/program files (x86)/atmel/studio/7.0/toolchain/avr8/avr8-gnu-toolchain/bin/../lib/gcc/avr/4.9.2/avr5\libgcc.a(_copy_data.o)
 .text.libgcc.mul
                0x00000000        0x0 c:/program files (x86)/atmel/studio/7.0/toolchain/avr8/avr8-gnu-toolchain/bin/../lib/gcc/avr/4.9.2/avr5\libgcc.a(_copy_data.o)
 .text.libgcc.div
                0x00000000        0x0 c:/program files (x86)/atmel/studio/7.0/toolchain/avr8/avr8-gnu-toolchain/bin/../lib/gcc/avr/4.9.2/avr5\libgcc.a(_copy_data.o)
 .text.libgcc   0x00000000        0x0 c:/program files (x86)/atmel/studio/7.0/toolchain/avr8/avr8-gnu-toolchain/bin/../lib/gcc/avr/4.9.2/avr5\libgcc.a(_copy_data.o)
 .text.libgcc.prologue
                0x00000000        0x0 c:/program files (x86)/atmel/studio/7.0/toolchain/avr8/avr8-gnu-toolchain/bin/../lib/gcc/avr/4.9.2/avr5\libgcc.a(_copy_data.o)
 .text.libgcc.builtins
                0x00000000        0x0 c:/program files (x86)/atmel/studio/7.0/toolchain/avr8/avr8-gnu-toolchain/bin/../lib/gcc/avr/4.9.2/avr5\libgcc.a(_copy_data.o)
 .text.libgcc.fmul
                0x00000000        0x0 c:/program files (x86)/atmel/studio/7.0/toolchain/avr8/avr8-gnu-toolchain/bin/../lib/gcc/avr/4.9.2/avr5\libgcc.a(_copy_data.o)
 .text.libgcc.fixed
                0x00000000        0x0 c:/program files (x86)/atmel/studio/7.0/toolchain/avr8/avr8-gnu-toolchain/bin/../lib/gcc/avr/4.9.2/avr5\libgcc.a(_copy_data.o)
 .text          0x00000000        0x0 c:/program files (x86)/atmel/studio/7.0/toolchain/avr8/avr8-gnu-toolchain/bin/../lib/gcc/avr/4.9.2/avr5\libgcc.a(_clear_bss.o)
 .data          0x00000000        0x0 c:/program files (x86)/atmel/studio/7.0/toolchain/avr8/avr8-gnu-toolchain/bin/../lib/gcc/avr/4.9.2/avr5\libgcc.a(_clear_bss.o)
 .bss           0x00000000        0x0 c:/program files (x86)/atmel/studio/7.0/toolchain/avr8/avr8-gnu-toolchain/bin/../lib/gcc/avr/4.9.2/avr5\libgcc.a(_clear_bss.o)
 .text.libgcc.mul
                0x00000000        0x0 c:/program files (x86)/atmel/studio/7.0/toolchain/avr8/avr8-gnu-toolchain/bin/../lib/gcc/avr/4.9.2/avr5\libgcc.a(_clear_bss.o)
 .text.libgcc.div
                0x00000000        0x0 c:/program files (x86)/atmel/studio/7.0/toolchain/avr8/avr8-gnu-toolchain/bin/../lib/gcc/avr/4.9.2/avr5\libgcc.a(_clear_bss.o)
 .text.libgcc   0x00000000        0x0 c:/program files (x86)/atmel/studio/7.0/toolchain/avr8/avr8-gnu-toolchain/bin/../lib/gcc/avr/4.9.2/avr5\libgcc.a(_clear_bss.o)
 .text.libgcc.prologue
                0x00000000        0x0 c:/program files (x86)/atmel/studio/7.0/toolchain/avr8/avr8-gnu-toolchain/bin/../lib/gcc/avr/4.9.2/avr5\libgcc.a(_clear_bss.o)
 .text.libgcc.builtins
                0x00000000        0x0 c:/program files (x86)/atmel/studio/7.0/toolchain/avr8/avr8-gnu-toolchain/bin/../lib/gcc/avr/4.9.2/avr5\libgcc.a(_clear_bss.o)
 .text.libgcc.fmul
                0x00000000        0x0 c:/program files (x86)/atmel/studio/7.0/toolchain/avr8/avr8-gnu-toolchain/bin/../lib/gcc/avr/4.9.2/avr5\libgcc.a(_clear_bss.o)
 .text.libgcc.fixed
                0x00000000        0x0 c:/program files (x86)/atmel/studio/7.0/toolchain/avr8/avr8-gnu-toolchain/bin/../lib/gcc/avr/4.9.2/avr5\libgcc.a(_clear_bss.o)
 .text          0x00000000        0x0 c:/program files (x86)/atmel/studio/7.0/toolchain/avr8/avr8-gnu-toolchain/bin/../lib/gcc/avr/4.9.2/avr5\libgcc.a(_ctors.o)
 .data          0x00000000        0x0 c:/program files (x86)/atmel/studio/7.0/toolchain/avr8/avr8-gnu-toolchain/bin/../lib/gcc/avr/4.9.2/avr5\libgcc.a(_ctors.o)
 .bss           0x00000000        0x0 c:/program files (x86)/atmel/studio/7.0/toolchain/avr8/avr8-gnu-toolchain/bin/../lib/gcc/avr/4.9.2/avr5\libgcc.a(_ctors.o)
 .text.libgcc.mul
                0x00000000        0x0 c:/program files (x86)/atmel/studio/7.0/toolchain/avr8/avr8-gnu-toolchain/bin/../lib/gcc/avr/4.9.2/avr5\libgcc.a(_ctors.o)
 .text.libgcc.div
                0x00000000        0x0 c:/program files (x86)/atmel/studio/7.0/toolchain/avr8/avr8-gnu-toolchain/bin/../lib/gcc/avr/4.9.2/avr5\libgcc.a(_ctors.o)
 .text.libgcc   0x00000000        0x0 c:/program files (x86)/atmel/studio/7.0/toolchain/avr8/avr8-gnu-toolchain/bin/../lib/gcc/avr/4.9.2/avr5\libgcc.a(_ctors.o)
 .text.libgcc.prologue
                0x00000000        0x0 c:/program files (x86)/atmel/studio/7.0/toolchain/avr8/avr8-gnu-toolchain/bin/../lib/gcc/avr/4.9.2/avr5\libgcc.a(_ctors.o)
 .text.libgcc.builtins
                0x00000000        0x0 c:/program files (x86)/atmel/studio/7.0/toolchain/avr8/avr8-gnu-toolchain/bin/../lib/gcc/avr/4.9.2/avr5\libgcc.a(_ctors.o)
 .text.libgcc.fmul
                0x00000000        0x0 c:/program files (x86)/atmel/studio/7.0/toolchain/avr8/avr8-gnu-toolchain/bin/../lib/gcc/avr/4.9.2/avr5\libgcc.a(_ctors.o)
 .text.libgcc.fixed
                0x00000000        0x0 c:/program files (x86)/atmel/studio/7.0/toolchain/avr8/avr8-gnu-toolchain/bin/../lib/gcc/avr/4.9.2/avr5\libgcc.a(_ctors.o)
 .text          0x00000000        0x0 c:/program files (x86)/atmel/studio/7.0/toolchain/avr8/avr8-gnu-toolchain/bin/../lib/gcc/avr/4.9.2/avr5\libgcc.a(_dtors.o)
 .data          0x00000000        0x0 c:/program files (x86)/atmel/studio/7.0/toolchain/avr8/avr8-gnu-toolchain/bin/../lib/gcc/avr/4.9.2/avr5\libgcc.a(_dtors.o)
 .bss           0x00000000        0x0 c:/program files (x86)/atmel/studio/7.0/toolchain/avr8/avr8-gnu-toolchain/bin/../lib/gcc/avr/4.9.2/avr5\libgcc.a(_dtors.o)
 .text.libgcc.mul
                0x00000000        0x0 c:/program files (x86)/atmel/studio/7.0/toolchain/avr8/avr8-gnu-toolchain/bin/../lib/gcc/avr/4.9.2/avr5\libgcc.a(_dtors.o)
 .text.libgcc.div
                0x00000000        0x0 c:/program files (x86)/atmel/studio/7.0/toolchain/avr8/avr8-gnu-toolchain/bin/../lib/gcc/avr/4.9.2/avr5\libgcc.a(_dtors.o)
 .text.libgcc   0x00000000        0x0 c:/program files (x86)/atmel/studio/7.0/toolchain/avr8/avr8-gnu-toolchain/bin/../lib/gcc/avr/4.9.2/avr5\libgcc.a(_dtors.o)
 .text.libgcc.prologue
                0x00000000        0x0 c:/program files (x86)/atmel/studio/7.0/toolchain/avr8/avr8-gnu-toolchain/bin/../lib/gcc/avr/4.9.2/avr5\libgcc.a(_dtors.o)
 .text.libgcc.builtins
                0x00000000        0x0 c:/program files (x86)/atmel/studio/7.0/toolchain/avr8/avr8-gnu-toolchain/bin/../lib/gcc/avr/4.9.2/avr5\libgcc.a(_dtors.o)
 .text.libgcc.fmul
                0x00000000        0x0 c:/program files (x86)/atmel/studio/7.0/toolchain/avr8/avr8-gnu-toolchain/bin/../lib/gcc/avr/4.9.2/avr5\libgcc.a(_dtors.o)
 .text.libgcc.fixed
                0x00000000        0x0 c:/program files (x86)/atmel/studio/7.0/toolchain/avr8/avr8-gnu-toolchain/bin/../lib/gcc/avr/4.9.2/avr5\libgcc.a(_dtors.o)
 .text          0x00000000        0x0 c:/program files (x86)/atmel/studio/7.0/toolchain/avr8/avr8-gnu-toolchain/bin/../lib/gcc/avr/4.9.2/avr5\libgcc.a(_tablejump2.o)
 .data          0x00000000        0x0 c:/program files (x86)/atmel/studio/7.0/toolchain/avr8/avr8-gnu-toolchain/bin/../lib/gcc/avr/4.9.2/avr5\libgcc.a(_tablejump2.o)
 .bss           0x00000000        0x0 c:/program files (x86)/atmel/studio/7.0/toolchain/avr8/avr8-gnu-toolchain/bin/../lib/gcc/avr/4.9.2/avr5\libgcc.a(_tablejump2.o)
 .text.libgcc.mul
                0x00000000        0x0 c:/program files (x86)/atmel/studio/7.0/toolchain/avr8/avr8-gnu-toolchain/bin/../lib/gcc/avr/4.9.2/avr5\libgcc.a(_tablejump2.o)
 .text.libgcc.div
                0x00000000        0x0 c:/program files (x86)/atmel/studio/7.0/toolchain/avr8/avr8-gnu-toolchain/bin/../lib/gcc/avr/4.9.2/avr5\libgcc.a(_tablejump2.o)
 .text.libgcc.prologue
                0x00000000        0x0 c:/program files (x86)/atmel/studio/7.0/toolchain/avr8/avr8-gnu-toolchain/bin/../lib/gcc/avr/4.9.2/avr5\libgcc.a(_tablejump2.o)
 .text.libgcc.builtins
                0x00000000        0x0 c:/program files (x86)/atmel/studio/7.0/toolchain/avr8/avr8-gnu-toolchain/bin/../lib/gcc/avr/4.9.2/avr5\libgcc.a(_tablejump2.o)
 .text.libgcc.fmul
                0x00000000        0x0 c:/program files (x86)/atmel/studio/7.0/toolchain/avr8/avr8-gnu-toolchain/bin/../lib/gcc/avr/4.9.2/avr5\libgcc.a(_tablejump2.o)
 .text.libgcc.fixed
                0x00000000        0x0 c:/program files (x86)/atmel/studio/7.0/toolchain/avr8/avr8-gnu-toolchain/bin/../lib/gcc/avr/4.9.2/avr5\libgcc.a(_tablejump2.o)
 .text          0x00000000        0x0 c:/program files (x86)/atmel/studio/7.0/toolchain/avr8/avr8-gnu-toolchain/bin/../lib/gcc/avr/4.9.2/../../../../avr/lib/avr5\libc.a(malloc.o)
 .bss           0x00000000        0x0 c:/program files (x86)/atmel/studio/7.0/toolchain/avr8/avr8-gnu-toolchain/bin/../lib/gcc/avr/4.9.2/../../../../avr/lib/avr5\libc.a(malloc.o)
 .text          0x00000000        0x0 C:/Program Files (x86)/Atmel/Studio/7.0/Packs/atmel/ATmega_DFP/1.0.90/gcc/dev/atmega16a/avr5\libatmega16a.a(eerd_block.o)
 .data          0x00000000        0x0 C:/Program Files (x86)/Atmel/Studio/7.0/Packs/atmel/ATmega_DFP/1.0.90/gcc/dev/atmega16a/avr5\libatmega16a.a(eerd_block.o)
 .bss           0x00000000        0x0 C:/Program Files (x86)/Atmel/Studio/7.0/Packs/atmel/ATmega_DFP/1.0.90/gcc/dev/atmega16a/avr5\libatmega16a.a(eerd_block.o)
 .text          0x00000000        0x0 C:/Program Files (x86)/Atmel/Studio/7.0/Packs/atmel/ATmega_DFP/1.0.90/gcc/dev/atmega16a/avr5\libatmega16a.a(eerd_byte.o)
 .data          0x00000000        0x0 C:/Program Files (x86)/Atmel/Studio/7.0/Packs/atmel/ATmega_DFP/1.0.90/gcc/dev/atmega16a/avr5\libatmega16a.a(eerd_byte.o)
 .bss           0x00000000        0x0 C:/Program Files (x86)/Atmel/Studio/7.0/Packs/atmel/ATmega_DFP/1.0.90/gcc/dev/atmega16a/avr5\libatmega16a.a(eerd_byte.o)

Memory Configuration

Name             Origin             Length             Attributes
text             0x00000000         0x00020000         xr
data             0x00800060         0x0000ffa0         rw !x
eeprom           0x00810000         0x00010000         rw !x
fuse             0x00820000         0x00000400         rw !x
lock             0x00830000         0x00000400         rw !x
signature        0x00840000         0x00000400         rw !x
user_signatures  0x00850000         0x00000400         rw !x
*default*        0x00000000         0xffffffff

Linker script and memory map

LOAD C:/Program Files (x86)/Atmel/Studio/7.0/Packs/atmel/ATmega_DFP/1.0.90/gcc/dev/atmega16a/avr5/crtatmega16a.o
LOAD main.o
LOAD Sh1106Class.o
LOAD SPL/Atmega16A_SPL.o
LOAD SPL/Avr5Lib.o
LOAD TaskManager/MainAsyncChainedTaskManager.o
START GROUP
LOAD c:/program files (x86)/atmel/studio/7.0/toolchain/avr8/avr8-gnu-toolchain/bin/../lib/gcc/avr/4.9.2/../../../../avr/lib/avr5\libm.a
END GROUP
LOAD c:/program files (x86)/atmel/studio/7.0/toolchain/avr8/avr8-gnu-toolchain/bin/../lib/gcc/avr/4.9.2/avr5\libgcc.a
LOAD c:/program files (x86)/atmel/studio/7.0/toolchain/avr8/avr8-gnu-toolchain/bin/../lib/gcc/avr/4.9.2/../../../../avr/lib/avr5\libm.a
START GROUP
LOAD c:/program files (x86)/atmel/studio/7.0/toolchain/avr8/avr8-gnu-toolchain/bin/../lib/gcc/avr/4.9.2/avr5\libgcc.a
LOAD c:/program files (x86)/atmel/studio/7.0/toolchain/avr8/avr8-gnu-toolchain/bin/../lib/gcc/avr/4.9.2/../../../../avr/lib/avr5\libm.a
LOAD c:/program files (x86)/atmel/studio/7.0/toolchain/avr8/avr8-gnu-toolchain/bin/../lib/gcc/avr/4.9.2/../../../../avr/lib/avr5\libc.a
LOAD C:/Program Files (x86)/Atmel/Studio/7.0/Packs/atmel/ATmega_DFP/1.0.90/gcc/dev/atmega16a/avr5\libatmega16a.a
END GROUP

.hash
 *(.hash)

.dynsym
 *(.dynsym)

.dynstr
 *(.dynstr)

.gnu.version
 *(.gnu.version)

.gnu.version_d
 *(.gnu.version_d)

.gnu.version_r
 *(.gnu.version_r)

.rel.init
 *(.rel.init)

.rela.init
 *(.rela.init)

.rel.text
 *(.rel.text)
 *(.rel.text.*)
 *(.rel.gnu.linkonce.t*)

.rela.text
 *(.rela.text)
 *(.rela.text.*)
 *(.rela.gnu.linkonce.t*)

.rel.fini
 *(.rel.fini)

.rela.fini
 *(.rela.fini)

.rel.rodata
 *(.rel.rodata)
 *(.rel.rodata.*)
 *(.rel.gnu.linkonce.r*)

.rela.rodata
 *(.rela.rodata)
 *(.rela.rodata.*)
 *(.rela.gnu.linkonce.r*)

.rel.data
 *(.rel.data)
 *(.rel.data.*)
 *(.rel.gnu.linkonce.d*)

.rela.data
 *(.rela.data)
 *(.rela.data.*)
 *(.rela.gnu.linkonce.d*)

.rel.ctors
 *(.rel.ctors)

.rela.ctors
 *(.rela.ctors)

.rel.dtors
 *(.rel.dtors)

.rela.dtors
 *(.rela.dtors)

.rel.got
 *(.rel.got)

.rela.got
 *(.rela.got)

.rel.bss
 *(.rel.bss)

.rela.bss
 *(.rela.bss)

.rel.plt
 *(.rel.plt)

.rela.plt
 *(.rela.plt)

.text           0x00000000     0x1a78
 *(.vectors)
 .vectors       0x00000000       0x54 C:/Program Files (x86)/Atmel/Studio/7.0/Packs/atmel/ATmega_DFP/1.0.90/gcc/dev/atmega16a/avr5/crtatmega16a.o
                0x00000000                __vector_default
                0x00000000                __vectors
 *(.vectors)
 *(.progmem.gcc*)
                0x00000054                . = ALIGN (0x2)
                0x00000054                __trampolines_start = .
 *(.trampolines)
 .trampolines   0x00000054        0x0 linker stubs
 *(.trampolines*)
                0x00000054                __trampolines_end = .
 *(.progmem*)
                0x00000054                . = ALIGN (0x2)
 *(.jumptables)
 *(.jumptables*)
 *(.lowtext)
 *(.lowtext*)
                0x00000054                __ctors_start = .
 *(.ctors)
 .ctors         0x00000054        0x2 main.o
                0x00000056                __ctors_end = .
                0x00000056                __dtors_start = .
 *(.dtors)
 .dtors         0x00000056        0x2 main.o
                0x00000058                __dtors_end = .
 SORT(*)(.ctors)
 SORT(*)(.dtors)
 *(.init0)
 .init0         0x00000058        0x0 C:/Program Files (x86)/Atmel/Studio/7.0/Packs/atmel/ATmega_DFP/1.0.90/gcc/dev/atmega16a/avr5/crtatmega16a.o
                0x00000058                __init
 *(.init0)
 *(.init1)
 *(.init1)
 *(.init2)
 .init2         0x00000058        0xc C:/Program Files (x86)/Atmel/Studio/7.0/Packs/atmel/ATmega_DFP/1.0.90/gcc/dev/atmega16a/avr5/crtatmega16a.o
 *(.init2)
 *(.init3)
 *(.init3)
 *(.init4)
 .init4         0x00000064       0x16 c:/program files (x86)/atmel/studio/7.0/toolchain/avr8/avr8-gnu-toolchain/bin/../lib/gcc/avr/4.9.2/avr5\libgcc.a(_copy_data.o)
                0x00000064                __do_copy_data
 .init4         0x0000007a       0x10 c:/program files (x86)/atmel/studio/7.0/toolchain/avr8/avr8-gnu-toolchain/bin/../lib/gcc/avr/4.9.2/avr5\libgcc.a(_clear_bss.o)
                0x0000007a                __do_clear_bss
 *(.init4)
 *(.init5)
 *(.init5)
 *(.init6)
 .init6         0x0000008a       0x16 c:/program files (x86)/atmel/studio/7.0/toolchain/avr8/avr8-gnu-toolchain/bin/../lib/gcc/avr/4.9.2/avr5\libgcc.a(_ctors.o)
                0x0000008a                __do_global_ctors
 *(.init6)
 *(.init7)
 *(.init7)
 *(.init8)
 *(.init8)
 *(.init9)
 .init9         0x000000a0        0x8 C:/Program Files (x86)/Atmel/Studio/7.0/Packs/atmel/ATmega_DFP/1.0.90/gcc/dev/atmega16a/avr5/crtatmega16a.o
 *(.init9)
 *(.text)
 .text          0x000000a8        0x4 C:/Program Files (x86)/Atmel/Studio/7.0/Packs/atmel/ATmega_DFP/1.0.90/gcc/dev/atmega16a/avr5/crtatmega16a.o
                0x000000a8                __vector_1
                0x000000a8                __vector_12
                0x000000a8                __bad_interrupt
                0x000000a8                __vector_6
                0x000000a8                __vector_3
                0x000000a8                __vector_11
                0x000000a8                __vector_13
                0x000000a8                __vector_17
                0x000000a8                __vector_7
                0x000000a8                __vector_5
                0x000000a8                __vector_4
                0x000000a8                __vector_9
                0x000000a8                __vector_2
                0x000000a8                __vector_15
                0x000000a8                __vector_8
                0x000000a8                __vector_14
                0x000000a8                __vector_10
                0x000000a8                __vector_16
                0x000000a8                __vector_18
                0x000000a8                __vector_20
 .text          0x000000ac     0x1222 main.o
                0x000000ac                _Z16firstButtonClickv
                0x000000b6                _Z15firstButtonHoldv
                0x000000c4                _Z17secondButtonClickv
                0x000000ea                _Z16secondButtonHoldv
                0x00000104                _Z26LedBlinkPerDelayVariableMsP4Task
                0x00000142                _Z15KeyboardHandlerP4Task
                0x0000021c                _Znwj
                0x00000222                _ZdlPv
                0x00000228                __vector_19
                0x000002a2                _Z13RegisterTasksv
                0x0000034c                _Z15InitializePortsv
                0x0000035a                _Z17InitializeProgramv
                0x000005ca                main
                0x000012ce                . = ALIGN (0x2)
 *(.text.*)
 .text._ZN4PinSILh59ELh57ELh58ELh0EE6ToggleEv
                0x000012ce        0xa main.o
                0x000012ce                _ZN4PinSILh59ELh57ELh58ELh0EE6ToggleEv
 .text._ZN4PinSILh59ELh57ELh58ELh1EE3SetEv
                0x000012d8        0x4 main.o
                0x000012d8                _ZN4PinSILh59ELh57ELh58ELh1EE3SetEv
 .text._ZN4PinSILh59ELh57ELh58ELh1EE5ClearEv
                0x000012dc        0x4 main.o
                0x000012dc                _ZN4PinSILh59ELh57ELh58ELh1EE5ClearEv
 .text._ZN4PinSILh59ELh57ELh58ELh2EE6ToggleEv
                0x000012e0        0xa main.o
                0x000012e0                _ZN4PinSILh59ELh57ELh58ELh2EE6ToggleEv
 .text._ZN4PinSILh59ELh57ELh58ELh2EE3SetEv
                0x000012ea        0x4 main.o
                0x000012ea                _ZN4PinSILh59ELh57ELh58ELh2EE3SetEv
 .text._ZN4PinSILh59ELh57ELh58ELh0EE8AsOutputEv
                0x000012ee        0x4 main.o
                0x000012ee                _ZN4PinSILh59ELh57ELh58ELh0EE8AsOutputEv
 .text._ZN4PinSILh59ELh57ELh58ELh1EE8AsOutputEv
                0x000012f2        0x4 main.o
                0x000012f2                _ZN4PinSILh59ELh57ELh58ELh1EE8AsOutputEv
 .text._ZN4PinSILh59ELh57ELh58ELh2EE8AsOutputEv
                0x000012f6        0x4 main.o
                0x000012f6                _ZN4PinSILh59ELh57ELh58ELh2EE8AsOutputEv
 .text._ZN4PinSILh59ELh57ELh58ELh0EE3SetEv
                0x000012fa        0x4 main.o
                0x000012fa                _ZN4PinSILh59ELh57ELh58ELh0EE3SetEv
 .text._ZN4PinSILh56ELh54ELh55ELh4EED2Ev
                0x000012fe        0x2 main.o
                0x000012fe                _ZN4PinSILh56ELh54ELh55ELh4EED2Ev
                0x000012fe                _ZN4PinSILh56ELh54ELh55ELh4EED1Ev
 .text._ZN4PinSILh59ELh57ELh58ELh5EED2Ev
                0x00001300        0x2 main.o
                0x00001300                _ZN4PinSILh59ELh57ELh58ELh5EED1Ev
                0x00001300                _ZN4PinSILh59ELh57ELh58ELh5EED2Ev
 .text._ZN4PinSILh59ELh57ELh58ELh4EED2Ev
                0x00001302        0x2 main.o
                0x00001302                _ZN4PinSILh59ELh57ELh58ELh4EED2Ev
                0x00001302                _ZN4PinSILh59ELh57ELh58ELh4EED1Ev
 .text._ZN4PinSILh59ELh57ELh58ELh3EED2Ev
                0x00001304        0x2 main.o
                0x00001304                _ZN4PinSILh59ELh57ELh58ELh3EED1Ev
                0x00001304                _ZN4PinSILh59ELh57ELh58ELh3EED2Ev
 .text._ZN4PinSILh59ELh57ELh58ELh2EED2Ev
                0x00001306        0x2 main.o
                0x00001306                _ZN4PinSILh59ELh57ELh58ELh2EED2Ev
                0x00001306                _ZN4PinSILh59ELh57ELh58ELh2EED1Ev
 .text._ZN4PinSILh59ELh57ELh58ELh1EED2Ev
                0x00001308        0x2 main.o
                0x00001308                _ZN4PinSILh59ELh57ELh58ELh1EED2Ev
                0x00001308                _ZN4PinSILh59ELh57ELh58ELh1EED1Ev
 .text._ZN4PinSILh59ELh57ELh58ELh0EED2Ev
                0x0000130a        0x2 main.o
                0x0000130a                _ZN4PinSILh59ELh57ELh58ELh0EED1Ev
                0x0000130a                _ZN4PinSILh59ELh57ELh58ELh0EED2Ev
 .text._ZN4PinSILh56ELh54ELh55ELh5EED2Ev
                0x0000130c        0x2 main.o
                0x0000130c                _ZN4PinSILh56ELh54ELh55ELh5EED2Ev
                0x0000130c                _ZN4PinSILh56ELh54ELh55ELh5EED1Ev
 .text._ZN4PinSILh56ELh54ELh55ELh6EED2Ev
                0x0000130e        0x2 main.o
                0x0000130e                _ZN4PinSILh56ELh54ELh55ELh6EED1Ev
                0x0000130e                _ZN4PinSILh56ELh54ELh55ELh6EED2Ev
 .text._ZN4PinSILh56ELh54ELh55ELh7EED2Ev
                0x00001310        0x2 main.o
                0x00001310                _ZN4PinSILh56ELh54ELh55ELh7EED2Ev
                0x00001310                _ZN4PinSILh56ELh54ELh55ELh7EED1Ev
 .text._ZN4PinSILh50ELh48ELh49ELh7EED2Ev
                0x00001312        0x2 main.o
                0x00001312                _ZN4PinSILh50ELh48ELh49ELh7EED2Ev
                0x00001312                _ZN4PinSILh50ELh48ELh49ELh7EED1Ev
 .text._ZN4PinSILh50ELh48ELh49ELh6EED2Ev
                0x00001314        0x2 main.o
                0x00001314                _ZN4PinSILh50ELh48ELh49ELh6EED2Ev
                0x00001314                _ZN4PinSILh50ELh48ELh49ELh6EED1Ev
 .text._ZN4PinSILh56ELh54ELh55ELh4EE7FastSetEv
                0x00001316        0x4 main.o
                0x00001316                _ZN4PinSILh56ELh54ELh55ELh4EE7FastSetEv
 .text._ZN4PinSILh56ELh54ELh55ELh4EE9FastClearEv
                0x0000131a        0x4 main.o
                0x0000131a                _ZN4PinSILh56ELh54ELh55ELh4EE9FastClearEv
 .text._ZN4PinSILh56ELh54ELh55ELh4EE10FastToggleEv
                0x0000131e        0xa main.o
                0x0000131e                _ZN4PinSILh56ELh54ELh55ELh4EE10FastToggleEv
 .text._ZN4PinSILh56ELh54ELh55ELh4EE12FastAsOutputEv
                0x00001328        0x4 main.o
                0x00001328                _ZN4PinSILh56ELh54ELh55ELh4EE12FastAsOutputEv
 .text._ZN4PinSILh56ELh54ELh55ELh4EE11FastAsInputEv
                0x0000132c        0x4 main.o
                0x0000132c                _ZN4PinSILh56ELh54ELh55ELh4EE11FastAsInputEv
 .text._ZN4PinSILh56ELh54ELh55ELh4EE7BoolSetEb
                0x00001330       0x24 main.o
                0x00001330                _ZN4PinSILh56ELh54ELh55ELh4EE7BoolSetEb
 .text._ZN4PinSILh56ELh54ELh55ELh4EE5CheckEv
                0x00001354        0x8 main.o
                0x00001354                _ZN4PinSILh56ELh54ELh55ELh4EE5CheckEv
 .text._ZN4PinSILh56ELh54ELh55ELh4EE3SetEv
                0x0000135c        0x4 main.o
                0x0000135c                _ZN4PinSILh56ELh54ELh55ELh4EE3SetEv
 .text._ZN4PinSILh56ELh54ELh55ELh4EE5ClearEv
                0x00001360        0x4 main.o
                0x00001360                _ZN4PinSILh56ELh54ELh55ELh4EE5ClearEv
 .text._ZN4PinSILh56ELh54ELh55ELh4EE6ToggleEv
                0x00001364        0xa main.o
                0x00001364                _ZN4PinSILh56ELh54ELh55ELh4EE6ToggleEv
 .text._ZN4PinSILh56ELh54ELh55ELh4EE8AsOutputEv
                0x0000136e        0x4 main.o
                0x0000136e                _ZN4PinSILh56ELh54ELh55ELh4EE8AsOutputEv
 .text._ZN4PinSILh56ELh54ELh55ELh4EE7AsInputEv
                0x00001372        0x6 main.o
                0x00001372                _ZN4PinSILh56ELh54ELh55ELh4EE7AsInputEv
 .text._ZN4PinSILh59ELh57ELh58ELh5EE7FastSetEv
                0x00001378        0x4 main.o
                0x00001378                _ZN4PinSILh59ELh57ELh58ELh5EE7FastSetEv
 .text._ZN4PinSILh59ELh57ELh58ELh5EE9FastClearEv
                0x0000137c        0x4 main.o
                0x0000137c                _ZN4PinSILh59ELh57ELh58ELh5EE9FastClearEv
 .text._ZN4PinSILh59ELh57ELh58ELh5EE10FastToggleEv
                0x00001380        0xa main.o
                0x00001380                _ZN4PinSILh59ELh57ELh58ELh5EE10FastToggleEv
 .text._ZN4PinSILh59ELh57ELh58ELh5EE12FastAsOutputEv
                0x0000138a        0x4 main.o
                0x0000138a                _ZN4PinSILh59ELh57ELh58ELh5EE12FastAsOutputEv
 .text._ZN4PinSILh59ELh57ELh58ELh5EE11FastAsInputEv
                0x0000138e        0x4 main.o
                0x0000138e                _ZN4PinSILh59ELh57ELh58ELh5EE11FastAsInputEv
 .text._ZN4PinSILh59ELh57ELh58ELh5EE7BoolSetEb
                0x00001392       0x24 main.o
                0x00001392                _ZN4PinSILh59ELh57ELh58ELh5EE7BoolSetEb
 .text._ZN4PinSILh59ELh57ELh58ELh5EE5CheckEv
                0x000013b6        0xa main.o
                0x000013b6                _ZN4PinSILh59ELh57ELh58ELh5EE5CheckEv
 .text._ZN4PinSILh59ELh57ELh58ELh5EE3SetEv
                0x000013c0        0x4 main.o
                0x000013c0                _ZN4PinSILh59ELh57ELh58ELh5EE3SetEv
 .text._ZN4PinSILh59ELh57ELh58ELh5EE5ClearEv
                0x000013c4        0x4 main.o
                0x000013c4                _ZN4PinSILh59ELh57ELh58ELh5EE5ClearEv
 .text._ZN4PinSILh59ELh57ELh58ELh5EE6ToggleEv
                0x000013c8        0xa main.o
                0x000013c8                _ZN4PinSILh59ELh57ELh58ELh5EE6ToggleEv
 .text._ZN4PinSILh59ELh57ELh58ELh5EE8AsOutputEv
                0x000013d2        0x4 main.o
                0x000013d2                _ZN4PinSILh59ELh57ELh58ELh5EE8AsOutputEv
 .text._ZN4PinSILh59ELh57ELh58ELh5EE7AsInputEv
                0x000013d6        0x6 main.o
                0x000013d6                _ZN4PinSILh59ELh57ELh58ELh5EE7AsInputEv
 .text._ZN4PinSILh59ELh57ELh58ELh4EE7FastSetEv
                0x000013dc        0x4 main.o
                0x000013dc                _ZN4PinSILh59ELh57ELh58ELh4EE7FastSetEv
 .text._ZN4PinSILh59ELh57ELh58ELh4EE9FastClearEv
                0x000013e0        0x4 main.o
                0x000013e0                _ZN4PinSILh59ELh57ELh58ELh4EE9FastClearEv
 .text._ZN4PinSILh59ELh57ELh58ELh4EE10FastToggleEv
                0x000013e4        0xa main.o
                0x000013e4                _ZN4PinSILh59ELh57ELh58ELh4EE10FastToggleEv
 .text._ZN4PinSILh59ELh57ELh58ELh4EE12FastAsOutputEv
                0x000013ee        0x4 main.o
                0x000013ee                _ZN4PinSILh59ELh57ELh58ELh4EE12FastAsOutputEv
 .text._ZN4PinSILh59ELh57ELh58ELh4EE11FastAsInputEv
                0x000013f2        0x4 main.o
                0x000013f2                _ZN4PinSILh59ELh57ELh58ELh4EE11FastAsInputEv
 .text._ZN4PinSILh59ELh57ELh58ELh4EE7BoolSetEb
                0x000013f6       0x24 main.o
                0x000013f6                _ZN4PinSILh59ELh57ELh58ELh4EE7BoolSetEb
 .text._ZN4PinSILh59ELh57ELh58ELh4EE5CheckEv
                0x0000141a        0x8 main.o
                0x0000141a                _ZN4PinSILh59ELh57ELh58ELh4EE5CheckEv
 .text._ZN4PinSILh59ELh57ELh58ELh4EE3SetEv
                0x00001422        0x4 main.o
                0x00001422                _ZN4PinSILh59ELh57ELh58ELh4EE3SetEv
 .text._ZN4PinSILh59ELh57ELh58ELh4EE5ClearEv
                0x00001426        0x4 main.o
                0x00001426                _ZN4PinSILh59ELh57ELh58ELh4EE5ClearEv
 .text._ZN4PinSILh59ELh57ELh58ELh4EE6ToggleEv
                0x0000142a        0xa main.o
                0x0000142a                _ZN4PinSILh59ELh57ELh58ELh4EE6ToggleEv
 .text._ZN4PinSILh59ELh57ELh58ELh4EE8AsOutputEv
                0x00001434        0x4 main.o
                0x00001434                _ZN4PinSILh59ELh57ELh58ELh4EE8AsOutputEv
 .text._ZN4PinSILh59ELh57ELh58ELh4EE7AsInputEv
                0x00001438        0x6 main.o
                0x00001438                _ZN4PinSILh59ELh57ELh58ELh4EE7AsInputEv
 .text._ZN4PinSILh59ELh57ELh58ELh3EE7FastSetEv
                0x0000143e        0x4 main.o
                0x0000143e                _ZN4PinSILh59ELh57ELh58ELh3EE7FastSetEv
 .text._ZN4PinSILh59ELh57ELh58ELh3EE9FastClearEv
                0x00001442        0x4 main.o
                0x00001442                _ZN4PinSILh59ELh57ELh58ELh3EE9FastClearEv
 .text._ZN4PinSILh59ELh57ELh58ELh3EE10FastToggleEv
                0x00001446        0xa main.o
                0x00001446                _ZN4PinSILh59ELh57ELh58ELh3EE10FastToggleEv
 .text._ZN4PinSILh59ELh57ELh58ELh3EE12FastAsOutputEv
                0x00001450        0x4 main.o
                0x00001450                _ZN4PinSILh59ELh57ELh58ELh3EE12FastAsOutputEv
 .text._ZN4PinSILh59ELh57ELh58ELh3EE11FastAsInputEv
                0x00001454        0x4 main.o
                0x00001454                _ZN4PinSILh59ELh57ELh58ELh3EE11FastAsInputEv
 .text._ZN4PinSILh59ELh57ELh58ELh3EE7BoolSetEb
                0x00001458       0x24 main.o
                0x00001458                _ZN4PinSILh59ELh57ELh58ELh3EE7BoolSetEb
 .text._ZN4PinSILh59ELh57ELh58ELh3EE5CheckEv
                0x0000147c        0xa main.o
                0x0000147c                _ZN4PinSILh59ELh57ELh58ELh3EE5CheckEv
 .text._ZN4PinSILh59ELh57ELh58ELh3EE3SetEv
                0x00001486        0x4 main.o
                0x00001486                _ZN4PinSILh59ELh57ELh58ELh3EE3SetEv
 .text._ZN4PinSILh59ELh57ELh58ELh3EE5ClearEv
                0x0000148a        0x4 main.o
                0x0000148a                _ZN4PinSILh59ELh57ELh58ELh3EE5ClearEv
 .text._ZN4PinSILh59ELh57ELh58ELh3EE6ToggleEv
                0x0000148e        0xa main.o
                0x0000148e                _ZN4PinSILh59ELh57ELh58ELh3EE6ToggleEv
 .text._ZN4PinSILh59ELh57ELh58ELh3EE8AsOutputEv
                0x00001498        0x4 main.o
                0x00001498                _ZN4PinSILh59ELh57ELh58ELh3EE8AsOutputEv
 .text._ZN4PinSILh59ELh57ELh58ELh3EE7AsInputEv
                0x0000149c        0x6 main.o
                0x0000149c                _ZN4PinSILh59ELh57ELh58ELh3EE7AsInputEv
 .text._ZN4PinSILh59ELh57ELh58ELh2EE7FastSetEv
                0x000014a2        0x4 main.o
                0x000014a2                _ZN4PinSILh59ELh57ELh58ELh2EE7FastSetEv
 .text._ZN4PinSILh59ELh57ELh58ELh2EE9FastClearEv
                0x000014a6        0x4 main.o
                0x000014a6                _ZN4PinSILh59ELh57ELh58ELh2EE9FastClearEv
 .text._ZN4PinSILh59ELh57ELh58ELh2EE10FastToggleEv
                0x000014aa        0xa main.o
                0x000014aa                _ZN4PinSILh59ELh57ELh58ELh2EE10FastToggleEv
 .text._ZN4PinSILh59ELh57ELh58ELh2EE12FastAsOutputEv
                0x000014b4        0x4 main.o
                0x000014b4                _ZN4PinSILh59ELh57ELh58ELh2EE12FastAsOutputEv
 .text._ZN4PinSILh59ELh57ELh58ELh2EE11FastAsInputEv
                0x000014b8        0x4 main.o
                0x000014b8                _ZN4PinSILh59ELh57ELh58ELh2EE11FastAsInputEv
 .text._ZN4PinSILh59ELh57ELh58ELh2EE7BoolSetEb
                0x000014bc       0x24 main.o
                0x000014bc                _ZN4PinSILh59ELh57ELh58ELh2EE7BoolSetEb
 .text._ZN4PinSILh59ELh57ELh58ELh2EE5CheckEv
                0x000014e0        0xa main.o
                0x000014e0                _ZN4PinSILh59ELh57ELh58ELh2EE5CheckEv
 .text._ZN4PinSILh59ELh57ELh58ELh2EE5ClearEv
                0x000014ea        0x4 main.o
                0x000014ea                _ZN4PinSILh59ELh57ELh58ELh2EE5ClearEv
 .text._ZN4PinSILh59ELh57ELh58ELh2EE7AsInputEv
                0x000014ee        0x6 main.o
                0x000014ee                _ZN4PinSILh59ELh57ELh58ELh2EE7AsInputEv
 .text._ZN4PinSILh59ELh57ELh58ELh1EE7FastSetEv
                0x000014f4        0x4 main.o
                0x000014f4                _ZN4PinSILh59ELh57ELh58ELh1EE7FastSetEv
 .text._ZN4PinSILh59ELh57ELh58ELh1EE9FastClearEv
                0x000014f8        0x4 main.o
                0x000014f8                _ZN4PinSILh59ELh57ELh58ELh1EE9FastClearEv
 .text._ZN4PinSILh59ELh57ELh58ELh1EE10FastToggleEv
                0x000014fc        0xa main.o
                0x000014fc                _ZN4PinSILh59ELh57ELh58ELh1EE10FastToggleEv
 .text._ZN4PinSILh59ELh57ELh58ELh1EE12FastAsOutputEv
                0x00001506        0x4 main.o
                0x00001506                _ZN4PinSILh59ELh57ELh58ELh1EE12FastAsOutputEv
 .text._ZN4PinSILh59ELh57ELh58ELh1EE11FastAsInputEv
                0x0000150a        0x4 main.o
                0x0000150a                _ZN4PinSILh59ELh57ELh58ELh1EE11FastAsInputEv
 .text._ZN4PinSILh59ELh57ELh58ELh1EE7BoolSetEb
                0x0000150e       0x24 main.o
                0x0000150e                _ZN4PinSILh59ELh57ELh58ELh1EE7BoolSetEb
 .text._ZN4PinSILh59ELh57ELh58ELh1EE5CheckEv
                0x00001532        0x8 main.o
                0x00001532                _ZN4PinSILh59ELh57ELh58ELh1EE5CheckEv
 .text._ZN4PinSILh59ELh57ELh58ELh1EE6ToggleEv
                0x0000153a        0xa main.o
                0x0000153a                _ZN4PinSILh59ELh57ELh58ELh1EE6ToggleEv
 .text._ZN4PinSILh59ELh57ELh58ELh1EE7AsInputEv
                0x00001544        0x6 main.o
                0x00001544                _ZN4PinSILh59ELh57ELh58ELh1EE7AsInputEv
 .text._ZN4PinSILh59ELh57ELh58ELh0EE7FastSetEv
                0x0000154a        0x4 main.o
                0x0000154a                _ZN4PinSILh59ELh57ELh58ELh0EE7FastSetEv
 .text._ZN4PinSILh59ELh57ELh58ELh0EE9FastClearEv
                0x0000154e        0x4 main.o
                0x0000154e                _ZN4PinSILh59ELh57ELh58ELh0EE9FastClearEv
 .text._ZN4PinSILh59ELh57ELh58ELh0EE10FastToggleEv
                0x00001552        0xa main.o
                0x00001552                _ZN4PinSILh59ELh57ELh58ELh0EE10FastToggleEv
 .text._ZN4PinSILh59ELh57ELh58ELh0EE12FastAsOutputEv
                0x0000155c        0x4 main.o
                0x0000155c                _ZN4PinSILh59ELh57ELh58ELh0EE12FastAsOutputEv
 .text._ZN4PinSILh59ELh57ELh58ELh0EE11FastAsInputEv
                0x00001560        0x4 main.o
                0x00001560                _ZN4PinSILh59ELh57ELh58ELh0EE11FastAsInputEv
 .text._ZN4PinSILh59ELh57ELh58ELh0EE7BoolSetEb
                0x00001564       0x24 main.o
                0x00001564                _ZN4PinSILh59ELh57ELh58ELh0EE7BoolSetEb
 .text._ZN4PinSILh59ELh57ELh58ELh0EE5CheckEv
                0x00001588        0x6 main.o
                0x00001588                _ZN4PinSILh59ELh57ELh58ELh0EE5CheckEv
 .text._ZN4PinSILh59ELh57ELh58ELh0EE5ClearEv
                0x0000158e        0x4 main.o
                0x0000158e                _ZN4PinSILh59ELh57ELh58ELh0EE5ClearEv
 .text._ZN4PinSILh59ELh57ELh58ELh0EE7AsInputEv
                0x00001592        0x6 main.o
                0x00001592                _ZN4PinSILh59ELh57ELh58ELh0EE7AsInputEv
 .text._ZN4PinSILh56ELh54ELh55ELh5EE7FastSetEv
                0x00001598        0x4 main.o
                0x00001598                _ZN4PinSILh56ELh54ELh55ELh5EE7FastSetEv
 .text._ZN4PinSILh56ELh54ELh55ELh5EE9FastClearEv
                0x0000159c        0x4 main.o
                0x0000159c                _ZN4PinSILh56ELh54ELh55ELh5EE9FastClearEv
 .text._ZN4PinSILh56ELh54ELh55ELh5EE10FastToggleEv
                0x000015a0        0xa main.o
                0x000015a0                _ZN4PinSILh56ELh54ELh55ELh5EE10FastToggleEv
 .text._ZN4PinSILh56ELh54ELh55ELh5EE12FastAsOutputEv
                0x000015aa        0x4 main.o
                0x000015aa                _ZN4PinSILh56ELh54ELh55ELh5EE12FastAsOutputEv
 .text._ZN4PinSILh56ELh54ELh55ELh5EE11FastAsInputEv
                0x000015ae        0x4 main.o
                0x000015ae                _ZN4PinSILh56ELh54ELh55ELh5EE11FastAsInputEv
 .text._ZN4PinSILh56ELh54ELh55ELh5EE7BoolSetEb
                0x000015b2       0x24 main.o
                0x000015b2                _ZN4PinSILh56ELh54ELh55ELh5EE7BoolSetEb
 .text._ZN4PinSILh56ELh54ELh55ELh5EE5CheckEv
                0x000015d6        0xa main.o
                0x000015d6                _ZN4PinSILh56ELh54ELh55ELh5EE5CheckEv
 .text._ZN4PinSILh56ELh54ELh55ELh5EE3SetEv
                0x000015e0        0x4 main.o
                0x000015e0                _ZN4PinSILh56ELh54ELh55ELh5EE3SetEv
 .text._ZN4PinSILh56ELh54ELh55ELh5EE5ClearEv
                0x000015e4        0x4 main.o
                0x000015e4                _ZN4PinSILh56ELh54ELh55ELh5EE5ClearEv
 .text._ZN4PinSILh56ELh54ELh55ELh5EE6ToggleEv
                0x000015e8        0xa main.o
                0x000015e8                _ZN4PinSILh56ELh54ELh55ELh5EE6ToggleEv
 .text._ZN4PinSILh56ELh54ELh55ELh5EE8AsOutputEv
                0x000015f2        0x4 main.o
                0x000015f2                _ZN4PinSILh56ELh54ELh55ELh5EE8AsOutputEv
 .text._ZN4PinSILh56ELh54ELh55ELh5EE7AsInputEv
                0x000015f6        0x6 main.o
                0x000015f6                _ZN4PinSILh56ELh54ELh55ELh5EE7AsInputEv
 .text._ZN4PinSILh56ELh54ELh55ELh6EE7FastSetEv
                0x000015fc        0x4 main.o
                0x000015fc                _ZN4PinSILh56ELh54ELh55ELh6EE7FastSetEv
 .text._ZN4PinSILh56ELh54ELh55ELh6EE9FastClearEv
                0x00001600        0x4 main.o
                0x00001600                _ZN4PinSILh56ELh54ELh55ELh6EE9FastClearEv
 .text._ZN4PinSILh56ELh54ELh55ELh6EE10FastToggleEv
                0x00001604        0xa main.o
                0x00001604                _ZN4PinSILh56ELh54ELh55ELh6EE10FastToggleEv
 .text._ZN4PinSILh56ELh54ELh55ELh6EE12FastAsOutputEv
                0x0000160e        0x4 main.o
                0x0000160e                _ZN4PinSILh56ELh54ELh55ELh6EE12FastAsOutputEv
 .text._ZN4PinSILh56ELh54ELh55ELh6EE11FastAsInputEv
                0x00001612        0x4 main.o
                0x00001612                _ZN4PinSILh56ELh54ELh55ELh6EE11FastAsInputEv
 .text._ZN4PinSILh56ELh54ELh55ELh6EE7BoolSetEb
                0x00001616       0x24 main.o
                0x00001616                _ZN4PinSILh56ELh54ELh55ELh6EE7BoolSetEb
 .text._ZN4PinSILh56ELh54ELh55ELh6EE5CheckEv
                0x0000163a        0xa main.o
                0x0000163a                _ZN4PinSILh56ELh54ELh55ELh6EE5CheckEv
 .text._ZN4PinSILh56ELh54ELh55ELh6EE3SetEv
                0x00001644        0x4 main.o
                0x00001644                _ZN4PinSILh56ELh54ELh55ELh6EE3SetEv
 .text._ZN4PinSILh56ELh54ELh55ELh6EE5ClearEv
                0x00001648        0x4 main.o
                0x00001648                _ZN4PinSILh56ELh54ELh55ELh6EE5ClearEv
 .text._ZN4PinSILh56ELh54ELh55ELh6EE6ToggleEv
                0x0000164c        0xa main.o
                0x0000164c                _ZN4PinSILh56ELh54ELh55ELh6EE6ToggleEv
 .text._ZN4PinSILh56ELh54ELh55ELh6EE8AsOutputEv
                0x00001656        0x4 main.o
                0x00001656                _ZN4PinSILh56ELh54ELh55ELh6EE8AsOutputEv
 .text._ZN4PinSILh56ELh54ELh55ELh6EE7AsInputEv
                0x0000165a        0x6 main.o
                0x0000165a                _ZN4PinSILh56ELh54ELh55ELh6EE7AsInputEv
 .text._ZN4PinSILh56ELh54ELh55ELh7EE7FastSetEv
                0x00001660        0x4 main.o
                0x00001660                _ZN4PinSILh56ELh54ELh55ELh7EE7FastSetEv
 .text._ZN4PinSILh56ELh54ELh55ELh7EE9FastClearEv
                0x00001664        0x4 main.o
                0x00001664                _ZN4PinSILh56ELh54ELh55ELh7EE9FastClearEv
 .text._ZN4PinSILh56ELh54ELh55ELh7EE10FastToggleEv
                0x00001668        0x8 main.o
                0x00001668                _ZN4PinSILh56ELh54ELh55ELh7EE10FastToggleEv
 .text._ZN4PinSILh56ELh54ELh55ELh7EE12FastAsOutputEv
                0x00001670        0x4 main.o
                0x00001670                _ZN4PinSILh56ELh54ELh55ELh7EE12FastAsOutputEv
 .text._ZN4PinSILh56ELh54ELh55ELh7EE11FastAsInputEv
                0x00001674        0x4 main.o
                0x00001674                _ZN4PinSILh56ELh54ELh55ELh7EE11FastAsInputEv
 .text._ZN4PinSILh56ELh54ELh55ELh7EE7BoolSetEb
                0x00001678       0x24 main.o
                0x00001678                _ZN4PinSILh56ELh54ELh55ELh7EE7BoolSetEb
 .text._ZN4PinSILh56ELh54ELh55ELh7EE5CheckEv
                0x0000169c        0x8 main.o
                0x0000169c                _ZN4PinSILh56ELh54ELh55ELh7EE5CheckEv
 .text._ZN4PinSILh56ELh54ELh55ELh7EE3SetEv
                0x000016a4        0x4 main.o
                0x000016a4                _ZN4PinSILh56ELh54ELh55ELh7EE3SetEv
 .text._ZN4PinSILh56ELh54ELh55ELh7EE5ClearEv
                0x000016a8        0x4 main.o
                0x000016a8                _ZN4PinSILh56ELh54ELh55ELh7EE5ClearEv
 .text._ZN4PinSILh56ELh54ELh55ELh7EE6ToggleEv
                0x000016ac        0x8 main.o
                0x000016ac                _ZN4PinSILh56ELh54ELh55ELh7EE6ToggleEv
 .text._ZN4PinSILh56ELh54ELh55ELh7EE8AsOutputEv
                0x000016b4        0x4 main.o
                0x000016b4                _ZN4PinSILh56ELh54ELh55ELh7EE8AsOutputEv
 .text._ZN4PinSILh56ELh54ELh55ELh7EE7AsInputEv
                0x000016b8        0x6 main.o
                0x000016b8                _ZN4PinSILh56ELh54ELh55ELh7EE7AsInputEv
 .text._ZN4PinSILh50ELh48ELh49ELh7EE7FastSetEv
                0x000016be        0x4 main.o
                0x000016be                _ZN4PinSILh50ELh48ELh49ELh7EE7FastSetEv
 .text._ZN4PinSILh50ELh48ELh49ELh7EE9FastClearEv
                0x000016c2        0x4 main.o
                0x000016c2                _ZN4PinSILh50ELh48ELh49ELh7EE9FastClearEv
 .text._ZN4PinSILh50ELh48ELh49ELh7EE10FastToggleEv
                0x000016c6        0x8 main.o
                0x000016c6                _ZN4PinSILh50ELh48ELh49ELh7EE10FastToggleEv
 .text._ZN4PinSILh50ELh48ELh49ELh7EE12FastAsOutputEv
                0x000016ce        0x4 main.o
                0x000016ce                _ZN4PinSILh50ELh48ELh49ELh7EE12FastAsOutputEv
 .text._ZN4PinSILh50ELh48ELh49ELh7EE11FastAsInputEv
                0x000016d2        0x4 main.o
                0x000016d2                _ZN4PinSILh50ELh48ELh49ELh7EE11FastAsInputEv
 .text._ZN4PinSILh50ELh48ELh49ELh7EE7BoolSetEb
                0x000016d6       0x24 main.o
                0x000016d6                _ZN4PinSILh50ELh48ELh49ELh7EE7BoolSetEb
 .text._ZN4PinSILh50ELh48ELh49ELh7EE5CheckEv
                0x000016fa        0x8 main.o
                0x000016fa                _ZN4PinSILh50ELh48ELh49ELh7EE5CheckEv
 .text._ZN4PinSILh50ELh48ELh49ELh7EE3SetEv
                0x00001702        0x4 main.o
                0x00001702                _ZN4PinSILh50ELh48ELh49ELh7EE3SetEv
 .text._ZN4PinSILh50ELh48ELh49ELh7EE5ClearEv
                0x00001706        0x4 main.o
                0x00001706                _ZN4PinSILh50ELh48ELh49ELh7EE5ClearEv
 .text._ZN4PinSILh50ELh48ELh49ELh7EE6ToggleEv
                0x0000170a        0x8 main.o
                0x0000170a                _ZN4PinSILh50ELh48ELh49ELh7EE6ToggleEv
 .text._ZN4PinSILh50ELh48ELh49ELh7EE8AsOutputEv
                0x00001712        0x4 main.o
                0x00001712                _ZN4PinSILh50ELh48ELh49ELh7EE8AsOutputEv
 .text._ZN4PinSILh50ELh48ELh49ELh7EE7AsInputEv
                0x00001716        0x6 main.o
                0x00001716                _ZN4PinSILh50ELh48ELh49ELh7EE7AsInputEv
 .text._ZN4PinSILh50ELh48ELh49ELh6EE7FastSetEv
                0x0000171c        0x4 main.o
                0x0000171c                _ZN4PinSILh50ELh48ELh49ELh6EE7FastSetEv
 .text._ZN4PinSILh50ELh48ELh49ELh6EE9FastClearEv
                0x00001720        0x4 main.o
                0x00001720                _ZN4PinSILh50ELh48ELh49ELh6EE9FastClearEv
 .text._ZN4PinSILh50ELh48ELh49ELh6EE10FastToggleEv
                0x00001724        0xa main.o
                0x00001724                _ZN4PinSILh50ELh48ELh49ELh6EE10FastToggleEv
 .text._ZN4PinSILh50ELh48ELh49ELh6EE12FastAsOutputEv
                0x0000172e        0x4 main.o
                0x0000172e                _ZN4PinSILh50ELh48ELh49ELh6EE12FastAsOutputEv
 .text._ZN4PinSILh50ELh48ELh49ELh6EE11FastAsInputEv
                0x00001732        0x4 main.o
                0x00001732                _ZN4PinSILh50ELh48ELh49ELh6EE11FastAsInputEv
 .text._ZN4PinSILh50ELh48ELh49ELh6EE7BoolSetEb
                0x00001736       0x24 main.o
                0x00001736                _ZN4PinSILh50ELh48ELh49ELh6EE7BoolSetEb
 .text._ZN4PinSILh50ELh48ELh49ELh6EE5CheckEv
                0x0000175a        0xa main.o
                0x0000175a                _ZN4PinSILh50ELh48ELh49ELh6EE5CheckEv
 .text._ZN4PinSILh50ELh48ELh49ELh6EE3SetEv
                0x00001764        0x4 main.o
                0x00001764                _ZN4PinSILh50ELh48ELh49ELh6EE3SetEv
 .text._ZN4PinSILh50ELh48ELh49ELh6EE5ClearEv
                0x00001768        0x4 main.o
                0x00001768                _ZN4PinSILh50ELh48ELh49ELh6EE5ClearEv
 .text._ZN4PinSILh50ELh48ELh49ELh6EE6ToggleEv
                0x0000176c        0xa main.o
                0x0000176c                _ZN4PinSILh50ELh48ELh49ELh6EE6ToggleEv
 .text._ZN4PinSILh50ELh48ELh49ELh6EE8AsOutputEv
                0x00001776        0x4 main.o
                0x00001776                _ZN4PinSILh50ELh48ELh49ELh6EE8AsOutputEv
 .text._ZN4PinSILh50ELh48ELh49ELh6EE7AsInputEv
                0x0000177a        0x6 main.o
                0x0000177a                _ZN4PinSILh50ELh48ELh49ELh6EE7AsInputEv
 .text._ZN4PinSILh56ELh54ELh55ELh4EED0Ev
                0x00001780        0x6 main.o
                0x00001780                _ZN4PinSILh56ELh54ELh55ELh4EED0Ev
 .text._ZN4PinSILh59ELh57ELh58ELh5EED0Ev
                0x00001786        0x6 main.o
                0x00001786                _ZN4PinSILh59ELh57ELh58ELh5EED0Ev
 .text._ZN4PinSILh59ELh57ELh58ELh4EED0Ev
                0x0000178c        0x6 main.o
                0x0000178c                _ZN4PinSILh59ELh57ELh58ELh4EED0Ev
 .text._ZN4PinSILh59ELh57ELh58ELh3EED0Ev
                0x00001792        0x6 main.o
                0x00001792                _ZN4PinSILh59ELh57ELh58ELh3EED0Ev
 .text._ZN4PinSILh59ELh57ELh58ELh2EED0Ev
                0x00001798        0x6 main.o
                0x00001798                _ZN4PinSILh59ELh57ELh58ELh2EED0Ev
 .text._ZN4PinSILh59ELh57ELh58ELh1EED0Ev
                0x0000179e        0x6 main.o
                0x0000179e                _ZN4PinSILh59ELh57ELh58ELh1EED0Ev
 .text._ZN4PinSILh59ELh57ELh58ELh0EED0Ev
                0x000017a4        0x6 main.o
                0x000017a4                _ZN4PinSILh59ELh57ELh58ELh0EED0Ev
 .text._ZN4PinSILh56ELh54ELh55ELh5EED0Ev
                0x000017aa        0x6 main.o
                0x000017aa                _ZN4PinSILh56ELh54ELh55ELh5EED0Ev
 .text._ZN4PinSILh56ELh54ELh55ELh6EED0Ev
                0x000017b0        0x6 main.o
                0x000017b0                _ZN4PinSILh56ELh54ELh55ELh6EED0Ev
 .text._ZN4PinSILh56ELh54ELh55ELh7EED0Ev
                0x000017b6        0x6 main.o
                0x000017b6                _ZN4PinSILh56ELh54ELh55ELh7EED0Ev
 .text._ZN4PinSILh50ELh48ELh49ELh7EED0Ev
                0x000017bc        0x6 main.o
                0x000017bc                _ZN4PinSILh50ELh48ELh49ELh7EED0Ev
 .text._ZN4PinSILh50ELh48ELh49ELh6EED0Ev
                0x000017c2        0x6 main.o
                0x000017c2                _ZN4PinSILh50ELh48ELh49ELh6EED0Ev
 .text.libgcc   0x000017c8        0xc c:/program files (x86)/atmel/studio/7.0/toolchain/avr8/avr8-gnu-toolchain/bin/../lib/gcc/avr/4.9.2/avr5\libgcc.a(_tablejump2.o)
                0x000017c8                __tablejump2__
 .text.avr-libc
                0x000017d4      0x25a c:/program files (x86)/atmel/studio/7.0/toolchain/avr8/avr8-gnu-toolchain/bin/../lib/gcc/avr/4.9.2/../../../../avr/lib/avr5\libc.a(malloc.o)
                0x000017d4                malloc
                0x000018fe                free
 .text.avr-libc
                0x00001a2e       0x20 C:/Program Files (x86)/Atmel/Studio/7.0/Packs/atmel/ATmega_DFP/1.0.90/gcc/dev/atmega16a/avr5\libatmega16a.a(eerd_block.o)
                0x00001a2e                eeprom_read_block
                0x00001a32                eeprom_read_blraw
 .text.avr-libc
                0x00001a4e       0x10 C:/Program Files (x86)/Atmel/Studio/7.0/Packs/atmel/ATmega_DFP/1.0.90/gcc/dev/atmega16a/avr5\libatmega16a.a(eerd_byte.o)
                0x00001a4e                eeprom_read_byte
                0x00001a5e                . = ALIGN (0x2)
 *(.fini9)
 .fini9         0x00001a5e        0x0 c:/program files (x86)/atmel/studio/7.0/toolchain/avr8/avr8-gnu-toolchain/bin/../lib/gcc/avr/4.9.2/avr5\libgcc.a(_exit.o)
                0x00001a5e                _exit
                0x00001a5e                exit
 *(.fini9)
 *(.fini8)
 *(.fini8)
 *(.fini7)
 *(.fini7)
 *(.fini6)
 .fini6         0x00001a5e       0x16 c:/program files (x86)/atmel/studio/7.0/toolchain/avr8/avr8-gnu-toolchain/bin/../lib/gcc/avr/4.9.2/avr5\libgcc.a(_dtors.o)
                0x00001a5e                __do_global_dtors
 *(.fini6)
 *(.fini5)
 *(.fini5)
 *(.fini4)
 *(.fini4)
 *(.fini3)
 *(.fini3)
 *(.fini2)
 *(.fini2)
 *(.fini1)
 *(.fini1)
 *(.fini0)
 .fini0         0x00001a74        0x4 c:/program files (x86)/atmel/studio/7.0/toolchain/avr8/avr8-gnu-toolchain/bin/../lib/gcc/avr/4.9.2/avr5\libgcc.a(_exit.o)
 *(.fini0)
                0x00001a78                _etext = .

.data           0x00800060      0x19e load address 0x00001a78
                0x00800060                PROVIDE (__data_start, .)
 *(.data)
 .data          0x00800060       0x18 main.o
                0x00800060                SPISS
                0x00800062                OledChipSelect
                0x00800064                Reset
                0x00800066                DataCommand
                0x00800068                YellowLed
                0x0080006a                RedLed
                0x0080006c                GreenLed
                0x0080006e                SPIMosi
                0x00800070                SPIMiso
                0x00800072                SPISck
                0x00800074                Button
                0x00800076                OtherButton
 .data          0x00800078        0x6 c:/program files (x86)/atmel/studio/7.0/toolchain/avr8/avr8-gnu-toolchain/bin/../lib/gcc/avr/4.9.2/../../../../avr/lib/avr5\libc.a(malloc.o)
                0x00800078                __malloc_heap_end
                0x0080007a                __malloc_heap_start
                0x0080007c                __malloc_margin
 *(.data*)
 *(.rodata)
 *(.rodata*)
 .rodata._ZTV4PinSILh50ELh48ELh49ELh6EE
                0x0080007e       0x20 main.o
                0x0080007e                _ZTV4PinSILh50ELh48ELh49ELh6EE
 .rodata._ZTV4PinSILh50ELh48ELh49ELh7EE
                0x0080009e       0x20 main.o
                0x0080009e                _ZTV4PinSILh50ELh48ELh49ELh7EE
 .rodata._ZTV4PinSILh56ELh54ELh55ELh7EE
                0x008000be       0x20 main.o
                0x008000be                _ZTV4PinSILh56ELh54ELh55ELh7EE
 .rodata._ZTV4PinSILh56ELh54ELh55ELh6EE
                0x008000de       0x20 main.o
                0x008000de                _ZTV4PinSILh56ELh54ELh55ELh6EE
 .rodata._ZTV4PinSILh56ELh54ELh55ELh5EE
                0x008000fe       0x20 main.o
                0x008000fe                _ZTV4PinSILh56ELh54ELh55ELh5EE
 .rodata._ZTV4PinSILh59ELh57ELh58ELh0EE
                0x0080011e       0x20 main.o
                0x0080011e                _ZTV4PinSILh59ELh57ELh58ELh0EE
 .rodata._ZTV4PinSILh59ELh57ELh58ELh1EE
                0x0080013e       0x20 main.o
                0x0080013e                _ZTV4PinSILh59ELh57ELh58ELh1EE
 .rodata._ZTV4PinSILh59ELh57ELh58ELh2EE
                0x0080015e       0x20 main.o
                0x0080015e                _ZTV4PinSILh59ELh57ELh58ELh2EE
 .rodata._ZTV4PinSILh59ELh57ELh58ELh3EE
                0x0080017e       0x20 main.o
                0x0080017e                _ZTV4PinSILh59ELh57ELh58ELh3EE
 .rodata._ZTV4PinSILh59ELh57ELh58ELh4EE
                0x0080019e       0x20 main.o
                0x0080019e                _ZTV4PinSILh59ELh57ELh58ELh4EE
 .rodata._ZTV4PinSILh59ELh57ELh58ELh5EE
                0x008001be       0x20 main.o
                0x008001be                _ZTV4PinSILh59ELh57ELh58ELh5EE
 .rodata._ZTV4PinSILh56ELh54ELh55ELh4EE
                0x008001de       0x20 main.o
                0x008001de                _ZTV4PinSILh56ELh54ELh55ELh4EE
 *(.gnu.linkonce.d*)
                0x008001fe                . = ALIGN (0x2)
                0x008001fe                _edata = .
                0x008001fe                PROVIDE (__data_end, .)

.bss            0x008001fe       0x7a
                0x008001fe                PROVIDE (__bss_start, .)
 *(.bss)
 .bss           0x008001fe       0x76 main.o
                0x008001fe                secondButton
                0x00800208                firstButton
                0x00800212                debugDisplay
                0x0080024f                OtherButtonPressTime
                0x00800251                ButtonPressTime
                0x00800253                elapsedTime
                0x00800254                Leds
                0x00800258                keyboardTask
                0x0080025c                taskName
 *(.bss*)
 *(COMMON)
 COMMON         0x00800274        0x4 c:/program files (x86)/atmel/studio/7.0/toolchain/avr8/avr8-gnu-toolchain/bin/../lib/gcc/avr/4.9.2/../../../../avr/lib/avr5\libc.a(malloc.o)
                0x00800274                __brkval
                0x00800276                __flp
                0x00800278                PROVIDE (__bss_end, .)
                0x00001a78                __data_load_start = LOADADDR (.data)
                0x00001c16                __data_load_end = (__data_load_start + SIZEOF (.data))

.noinit         0x00800278        0x0
                0x00800278                PROVIDE (__noinit_start, .)
 *(.noinit*)
                0x00800278                PROVIDE (__noinit_end, .)
                0x00800278                _end = .
                0x00800278                PROVIDE (__heap_start, .)

.eeprom         0x00810000      0x1d0
 *(.eeprom*)
 .eeprom        0x00810000      0x1d0 main.o
                0x008101d0                __eeprom_end = .

.fuse
 *(.fuse)
 *(.lfuse)
 *(.hfuse)
 *(.efuse)

.lock
 *(.lock*)

.signature
 *(.signature*)

.user_signatures
 *(.user_signatures*)

.stab
 *(.stab)

.stabstr
 *(.stabstr)

.stab.excl
 *(.stab.excl)

.stab.exclstr
 *(.stab.exclstr)

.stab.index
 *(.stab.index)

.stab.indexstr
 *(.stab.indexstr)

.comment        0x00000000       0x30
 *(.comment)
 .comment       0x00000000       0x30 main.o
                                 0x31 (size before relaxing)
 .comment       0x00000030       0x31 c:/program files (x86)/atmel/studio/7.0/toolchain/avr8/avr8-gnu-toolchain/bin/../lib/gcc/avr/4.9.2/../../../../avr/lib/avr5\libc.a(malloc.o)

.note.gnu.avr.deviceinfo
                0x00000000       0x3c
 .note.gnu.avr.deviceinfo
                0x00000000       0x3c C:/Program Files (x86)/Atmel/Studio/7.0/Packs/atmel/ATmega_DFP/1.0.90/gcc/dev/atmega16a/avr5/crtatmega16a.o

.note.gnu.build-id
 *(.note.gnu.build-id)

.debug
 *(.debug)

.line
 *(.line)

.debug_srcinfo
 *(.debug_srcinfo)

.debug_sfnames
 *(.debug_sfnames)

.debug_aranges  0x00000000      0x5d0
 *(.debug_aranges)
 .debug_aranges
                0x00000000      0x5d0 main.o

.debug_pubnames
 *(.debug_pubnames)

.debug_info     0x00000000     0x7711
 *(.debug_info .gnu.linkonce.wi.*)
 .debug_info    0x00000000     0x7711 main.o

.debug_abbrev   0x00000000      0x6a8
 *(.debug_abbrev)
 .debug_abbrev  0x00000000      0x6a8 main.o

.debug_line     0x00000000     0x14ab
 *(.debug_line .debug_line.* .debug_line_end)
 .debug_line    0x00000000     0x14ab main.o

.debug_frame    0x00000000      0xce8
 *(.debug_frame)
 .debug_frame   0x00000000      0xce8 main.o

.debug_str      0x00000000     0xaba8
 *(.debug_str)
 .debug_str     0x00000000     0xaba8 main.o
                               0xae3e (size before relaxing)

.debug_loc      0x00000000     0x1fb7
 *(.debug_loc)
 .debug_loc     0x00000000     0x1fb7 main.o

.debug_macinfo
 *(.debug_macinfo)

.debug_weaknames
 *(.debug_weaknames)

.debug_funcnames
 *(.debug_funcnames)

.debug_typenames
 *(.debug_typenames)

.debug_varnames
 *(.debug_varnames)

.debug_pubtypes
 *(.debug_pubtypes)

.debug_ranges   0x00000000      0x610
 *(.debug_ranges)
 .debug_ranges  0x00000000      0x610 main.o

.debug_macro    0x00000000     0x2e0b
 *(.debug_macro)
 .debug_macro   0x00000000      0x183 main.o
 .debug_macro   0x00000183      0xaa2 main.o
 .debug_macro   0x00000c25       0x10 main.o
 .debug_macro   0x00000c35       0x1c main.o
 .debug_macro   0x00000c51      0x1ad main.o
 .debug_macro   0x00000dfe      0x293 main.o
 .debug_macro   0x00001091       0x9e main.o
 .debug_macro   0x0000112f     0x13fe main.o
 .debug_macro   0x0000252d      0x171 main.o
 .debug_macro   0x0000269e       0xbd main.o
 .debug_macro   0x0000275b       0x34 main.o
 .debug_macro   0x0000278f       0x18 main.o
 .debug_macro   0x000027a7       0x6c main.o
 .debug_macro   0x00002813       0x1c main.o
 .debug_macro   0x0000282f      0x10e main.o
 .debug_macro   0x0000293d       0x66 main.o
 .debug_macro   0x000029a3       0x16 main.o
 .debug_macro   0x000029b9       0x20 main.o
 .debug_macro   0x000029d9       0x10 main.o
 .debug_macro   0x000029e9      0x160 main.o
 .debug_macro   0x00002b49       0x69 main.o
 .debug_macro   0x00002bb2       0x16 main.o
 .debug_macro   0x00002bc8       0x10 main.o
 .debug_macro   0x00002bd8       0x58 main.o
 .debug_macro   0x00002c30       0x10 main.o
 .debug_macro   0x00002c40       0xeb main.o
 .debug_macro   0x00002d2b       0x10 main.o
 .debug_macro   0x00002d3b       0x10 main.o
 .debug_macro   0x00002d4b       0x8d main.o
 .debug_macro   0x00002dd8       0x33 main.o
OUTPUT(MotorServoController.elf elf32-avr)
LOAD linker stubs
