Archive member included to satisfy reference by file (symbol)

c:/program files (x86)/atmel/studio/7.0/toolchain/avr8/avr8-gnu-toolchain/bin/../lib/gcc/avr/4.9.2/avr5\libgcc.a(_exit.o)
                              C:/Program Files (x86)/Atmel/Studio/7.0/Packs/atmel/ATmega_DFP/1.0.90/gcc/dev/atmega16a/avr5/crtatmega16a.o (exit)
c:/program files (x86)/atmel/studio/7.0/toolchain/avr8/avr8-gnu-toolchain/bin/../lib/gcc/avr/4.9.2/avr5\libgcc.a(_copy_data.o)
                              Helpers/Screen.o (__do_copy_data)
c:/program files (x86)/atmel/studio/7.0/toolchain/avr8/avr8-gnu-toolchain/bin/../lib/gcc/avr/4.9.2/avr5\libgcc.a(_clear_bss.o)
                              main.o (__do_clear_bss)
c:/program files (x86)/atmel/studio/7.0/toolchain/avr8/avr8-gnu-toolchain/bin/../lib/gcc/avr/4.9.2/avr5\libgcc.a(_ctors.o)
                              main.o (__do_global_ctors)
c:/program files (x86)/atmel/studio/7.0/toolchain/avr8/avr8-gnu-toolchain/bin/../lib/gcc/avr/4.9.2/avr5\libgcc.a(_dtors.o)
                              main.o (__do_global_dtors)
c:/program files (x86)/atmel/studio/7.0/toolchain/avr8/avr8-gnu-toolchain/bin/../lib/gcc/avr/4.9.2/avr5\libgcc.a(_umulhisi3.o)
                              main.o (__umulhisi3)
c:/program files (x86)/atmel/studio/7.0/toolchain/avr8/avr8-gnu-toolchain/bin/../lib/gcc/avr/4.9.2/avr5\libgcc.a(_tablejump2.o)
                              c:/program files (x86)/atmel/studio/7.0/toolchain/avr8/avr8-gnu-toolchain/bin/../lib/gcc/avr/4.9.2/avr5\libgcc.a(_ctors.o) (__tablejump2__)
c:/program files (x86)/atmel/studio/7.0/toolchain/avr8/avr8-gnu-toolchain/bin/../lib/gcc/avr/4.9.2/../../../../avr/lib/avr5\libc.a(malloc.o)
                              main.o (malloc)

Allocating common symbols
Common symbol       size              file

__brkval            0x2               c:/program files (x86)/atmel/studio/7.0/toolchain/avr8/avr8-gnu-toolchain/bin/../lib/gcc/avr/4.9.2/../../../../avr/lib/avr5\libc.a(malloc.o)
__flp               0x2               c:/program files (x86)/atmel/studio/7.0/toolchain/avr8/avr8-gnu-toolchain/bin/../lib/gcc/avr/4.9.2/../../../../avr/lib/avr5\libc.a(malloc.o)

Discarded input sections

 .data          0x00000000        0x0 C:/Program Files (x86)/Atmel/Studio/7.0/Packs/atmel/ATmega_DFP/1.0.90/gcc/dev/atmega16a/avr5/crtatmega16a.o
 .bss           0x00000000        0x0 C:/Program Files (x86)/Atmel/Studio/7.0/Packs/atmel/ATmega_DFP/1.0.90/gcc/dev/atmega16a/avr5/crtatmega16a.o
 .group         0x00000000        0x8 HD44780.o
 .group         0x00000000        0x8 HD44780.o
 .group         0x00000000        0x8 HD44780.o
 .group         0x00000000        0x8 HD44780.o
 .group         0x00000000        0x8 HD44780.o
 .group         0x00000000        0x8 HD44780.o
 .group         0x00000000        0x8 HD44780.o
 .group         0x00000000        0x8 HD44780.o
 .group         0x00000000        0x8 HD44780.o
 .group         0x00000000        0x8 HD44780.o
 .group         0x00000000        0x8 HD44780.o
 .group         0x00000000        0x8 HD44780.o
 .group         0x00000000        0x8 HD44780.o
 .group         0x00000000        0x8 HD44780.o
 .text          0x00000000      0x360 HD44780.o
 .data          0x00000000        0x0 HD44780.o
 .bss           0x00000000        0x0 HD44780.o
 .debug_info    0x00000000      0x9b4 HD44780.o
 .debug_abbrev  0x00000000      0x22d HD44780.o
 .debug_loc     0x00000000      0x40d HD44780.o
 .debug_aranges
                0x00000000       0x20 HD44780.o
 .debug_ranges  0x00000000       0x48 HD44780.o
 .debug_macro   0x00000000       0xb2 HD44780.o
 .debug_macro   0x00000000      0xa4e HD44780.o
 .debug_macro   0x00000000       0x10 HD44780.o
 .debug_macro   0x00000000      0x1ad HD44780.o
 .debug_macro   0x00000000      0x293 HD44780.o
 .debug_macro   0x00000000       0x9e HD44780.o
 .debug_macro   0x00000000     0x13fe HD44780.o
 .debug_macro   0x00000000      0x171 HD44780.o
 .debug_macro   0x00000000       0xbd HD44780.o
 .debug_macro   0x00000000       0x34 HD44780.o
 .debug_macro   0x00000000       0x18 HD44780.o
 .debug_macro   0x00000000       0x6c HD44780.o
 .debug_macro   0x00000000       0x10 HD44780.o
 .debug_macro   0x00000000      0x166 HD44780.o
 .debug_macro   0x00000000      0x154 HD44780.o
 .debug_line    0x00000000      0x4f9 HD44780.o
 .debug_str     0x00000000     0x6f72 HD44780.o
 .comment       0x00000000       0x31 HD44780.o
 .debug_frame   0x00000000      0x100 HD44780.o
 .group         0x00000000        0x8 Helpers/Screen.o
 .group         0x00000000        0x8 Helpers/Screen.o
 .group         0x00000000        0x8 Helpers/Screen.o
 .group         0x00000000        0x8 Helpers/Screen.o
 .group         0x00000000        0x8 Helpers/Screen.o
 .group         0x00000000        0x8 Helpers/Screen.o
 .group         0x00000000        0x8 Helpers/Screen.o
 .group         0x00000000        0x8 Helpers/Screen.o
 .group         0x00000000        0x8 Helpers/Screen.o
 .group         0x00000000        0x8 Helpers/Screen.o
 .group         0x00000000        0x8 Helpers/Screen.o
 .group         0x00000000        0x8 Helpers/Screen.o
 .group         0x00000000        0x8 Helpers/Screen.o
 .group         0x00000000        0x8 Helpers/Screen.o
 .group         0x00000000        0x8 Helpers/Screen.o
 .group         0x00000000        0x8 Helpers/Screen.o
 .group         0x00000000        0x8 Helpers/Screen.o
 .group         0x00000000        0x8 Helpers/Screen.o
 .group         0x00000000        0x8 Helpers/Screen.o
 .text          0x00000000       0x4a Helpers/Screen.o
 .data          0x00000000       0x21 Helpers/Screen.o
 .bss           0x00000000        0x0 Helpers/Screen.o
 .debug_info    0x00000000       0xf6 Helpers/Screen.o
 .debug_abbrev  0x00000000       0xbb Helpers/Screen.o
 .debug_loc     0x00000000       0x77 Helpers/Screen.o
 .debug_aranges
                0x00000000       0x20 Helpers/Screen.o
 .debug_macro   0x00000000       0xdc Helpers/Screen.o
 .debug_macro   0x00000000      0xa4e Helpers/Screen.o
 .debug_macro   0x00000000       0x10 Helpers/Screen.o
 .debug_macro   0x00000000      0x1ad Helpers/Screen.o
 .debug_macro   0x00000000      0x293 Helpers/Screen.o
 .debug_macro   0x00000000       0x9e Helpers/Screen.o
 .debug_macro   0x00000000     0x13fe Helpers/Screen.o
 .debug_macro   0x00000000      0x171 Helpers/Screen.o
 .debug_macro   0x00000000       0xbd Helpers/Screen.o
 .debug_macro   0x00000000       0x34 Helpers/Screen.o
 .debug_macro   0x00000000       0x18 Helpers/Screen.o
 .debug_macro   0x00000000       0x6c Helpers/Screen.o
 .debug_macro   0x00000000       0x1c Helpers/Screen.o
 .debug_macro   0x00000000      0x10e Helpers/Screen.o
 .debug_macro   0x00000000       0x66 Helpers/Screen.o
 .debug_macro   0x00000000       0x58 Helpers/Screen.o
 .debug_macro   0x00000000       0x10 Helpers/Screen.o
 .debug_macro   0x00000000       0x20 Helpers/Screen.o
 .debug_macro   0x00000000       0xeb Helpers/Screen.o
 .debug_macro   0x00000000       0x16 Helpers/Screen.o
 .debug_line    0x00000000      0x277 Helpers/Screen.o
 .debug_str     0x00000000     0x706d Helpers/Screen.o
 .comment       0x00000000       0x31 Helpers/Screen.o
 .debug_frame   0x00000000       0x30 Helpers/Screen.o
 .group         0x00000000        0x8 Key/atkeyboard.o
 .group         0x00000000        0x8 Key/atkeyboard.o
 .group         0x00000000        0x8 Key/atkeyboard.o
 .group         0x00000000        0x8 Key/atkeyboard.o
 .group         0x00000000        0x8 Key/atkeyboard.o
 .group         0x00000000        0x8 Key/atkeyboard.o
 .group         0x00000000        0x8 Key/atkeyboard.o
 .group         0x00000000        0x8 Key/atkeyboard.o
 .group         0x00000000        0x8 Key/atkeyboard.o
 .group         0x00000000        0x8 Key/atkeyboard.o
 .group         0x00000000        0x8 Key/atkeyboard.o
 .group         0x00000000        0x8 Key/atkeyboard.o
 .group         0x00000000        0x8 Key/atkeyboard.o
 .text          0x00000000        0x0 Key/atkeyboard.o
 .data          0x00000000        0x0 Key/atkeyboard.o
 .bss           0x00000000        0x0 Key/atkeyboard.o
 .debug_info    0x00000000       0x5a Key/atkeyboard.o
 .debug_abbrev  0x00000000       0x29 Key/atkeyboard.o
 .debug_aranges
                0x00000000       0x18 Key/atkeyboard.o
 .debug_macro   0x00000000       0x99 Key/atkeyboard.o
 .debug_macro   0x00000000      0xa4e Key/atkeyboard.o
 .debug_macro   0x00000000       0x10 Key/atkeyboard.o
 .debug_macro   0x00000000      0x1ad Key/atkeyboard.o
 .debug_macro   0x00000000      0x293 Key/atkeyboard.o
 .debug_macro   0x00000000       0x9e Key/atkeyboard.o
 .debug_macro   0x00000000     0x13fe Key/atkeyboard.o
 .debug_macro   0x00000000      0x171 Key/atkeyboard.o
 .debug_macro   0x00000000       0xbd Key/atkeyboard.o
 .debug_macro   0x00000000       0x34 Key/atkeyboard.o
 .debug_macro   0x00000000       0x18 Key/atkeyboard.o
 .debug_macro   0x00000000       0x6c Key/atkeyboard.o
 .debug_macro   0x00000000       0x69 Key/atkeyboard.o
 .debug_macro   0x00000000       0x5e Key/atkeyboard.o
 .debug_line    0x00000000      0x239 Key/atkeyboard.o
 .debug_str     0x00000000     0x6b65 Key/atkeyboard.o
 .comment       0x00000000       0x31 Key/atkeyboard.o
 .group         0x00000000        0x8 main.o
 .group         0x00000000        0x8 main.o
 .group         0x00000000        0x8 main.o
 .group         0x00000000        0x8 main.o
 .group         0x00000000        0x8 main.o
 .group         0x00000000        0x8 main.o
 .group         0x00000000        0x8 main.o
 .group         0x00000000        0x8 main.o
 .group         0x00000000        0x8 main.o
 .group         0x00000000        0x8 main.o
 .group         0x00000000        0x8 main.o
 .group         0x00000000        0xc main.o
 .group         0x00000000        0x8 main.o
 .group         0x00000000        0x8 main.o
 .group         0x00000000        0x8 main.o
 .group         0x00000000        0x8 main.o
 .group         0x00000000        0x8 main.o
 .group         0x00000000        0x8 main.o
 .group         0x00000000        0x8 main.o
 .group         0x00000000        0x8 main.o
 .group         0x00000000        0x8 main.o
 .group         0x00000000        0x8 main.o
 .group         0x00000000        0x8 main.o
 .group         0x00000000        0xc main.o
 .group         0x00000000        0xc main.o
 .group         0x00000000        0xc main.o
 .group         0x00000000        0xc main.o
 .group         0x00000000        0x8 main.o
 .group         0x00000000        0x8 main.o
 .group         0x00000000        0x8 main.o
 .group         0x00000000        0x8 main.o
 .group         0x00000000        0x8 main.o
 .group         0x00000000        0x8 main.o
 .group         0x00000000        0x8 main.o
 .group         0x00000000        0x8 main.o
 .group         0x00000000        0x8 main.o
 .group         0x00000000        0x8 main.o
 .group         0x00000000        0x8 main.o
 .group         0x00000000        0x8 main.o
 .group         0x00000000        0x8 main.o
 .group         0x00000000        0x8 main.o
 .group         0x00000000        0x8 main.o
 .group         0x00000000        0x8 main.o
 .group         0x00000000        0x8 main.o
 .group         0x00000000        0x8 main.o
 .group         0x00000000        0x8 main.o
 .group         0x00000000        0x8 main.o
 .group         0x00000000        0x8 main.o
 .group         0x00000000        0x8 main.o
 .group         0x00000000        0x8 main.o
 .group         0x00000000        0x8 main.o
 .group         0x00000000        0x8 main.o
 .group         0x00000000        0x8 main.o
 .group         0x00000000        0x8 main.o
 .group         0x00000000        0x8 main.o
 .group         0x00000000        0x8 main.o
 .group         0x00000000        0x8 main.o
 .group         0x00000000        0x8 main.o
 .group         0x00000000        0x8 main.o
 .group         0x00000000        0x8 main.o
 .group         0x00000000        0x8 main.o
 .group         0x00000000        0x8 main.o
 .group         0x00000000        0x8 main.o
 .group         0x00000000        0x8 main.o
 .group         0x00000000        0x8 main.o
 .group         0x00000000        0x8 main.o
 .group         0x00000000        0x8 main.o
 .group         0x00000000        0x8 main.o
 .group         0x00000000        0x8 main.o
 .group         0x00000000        0x8 main.o
 .group         0x00000000        0x8 main.o
 .group         0x00000000        0x8 main.o
 .group         0x00000000        0x8 main.o
 .group         0x00000000        0x8 main.o
 .group         0x00000000        0x8 main.o
 .group         0x00000000        0x8 main.o
 .group         0x00000000        0x8 main.o
 .group         0x00000000        0x8 main.o
 .group         0x00000000        0x8 main.o
 .group         0x00000000        0x8 main.o
 .group         0x00000000        0x8 main.o
 .group         0x00000000        0x8 main.o
 .group         0x00000000        0x8 main.o
 .group         0x00000000        0x8 main.o
 .group         0x00000000        0x8 main.o
 .group         0x00000000        0x8 main.o
 .group         0x00000000        0x8 main.o
 .group         0x00000000        0x8 main.o
 .group         0x00000000        0x8 main.o
 .group         0x00000000        0x8 main.o
 .group         0x00000000        0x8 main.o
 .text._ZN8PinSBase7FastSetEv
                0x00000000        0x2 main.o
 .text._ZN8PinSBase9FastClearEv
                0x00000000        0x2 main.o
 .text._ZN8PinSBase10FastToggleEv
                0x00000000        0x2 main.o
 .text._ZN8PinSBase12FastAsOutputEv
                0x00000000        0x2 main.o
 .text._ZN8PinSBase11FastAsInputEv
                0x00000000        0x2 main.o
 .text._ZN8PinSBase7BoolSetEb
                0x00000000        0x2 main.o
 .text._ZN8PinSBase3SetEv
                0x00000000        0x2 main.o
 .text._ZN8PinSBase5ClearEv
                0x00000000        0x2 main.o
 .text._ZN8PinSBase6ToggleEv
                0x00000000        0x2 main.o
 .text._ZN8PinSBase8AsOutputEv
                0x00000000        0x2 main.o
 .text._ZN8PinSBase7AsInputEv
                0x00000000        0x2 main.o
 .text._ZN8PinSBaseD2Ev
                0x00000000        0x2 main.o
 .text._ZN8PinSBaseD0Ev
                0x00000000        0x4 main.o
 .debug_macro   0x00000000       0x10 main.o
 .debug_macro   0x00000000      0x1ad main.o
 .debug_macro   0x00000000      0x293 main.o
 .debug_macro   0x00000000       0x9e main.o
 .debug_macro   0x00000000     0x13fe main.o
 .debug_macro   0x00000000      0x171 main.o
 .debug_macro   0x00000000       0xbd main.o
 .debug_macro   0x00000000       0x34 main.o
 .debug_macro   0x00000000       0x18 main.o
 .debug_macro   0x00000000       0x6c main.o
 .debug_macro   0x00000000       0x1c main.o
 .debug_macro   0x00000000       0x66 main.o
 .debug_macro   0x00000000       0x58 main.o
 .debug_macro   0x00000000       0x10 main.o
 .debug_macro   0x00000000       0xeb main.o
 .debug_macro   0x00000000       0x16 main.o
 .debug_macro   0x00000000       0x10 main.o
 .debug_macro   0x00000000      0x154 main.o
 .group         0x00000000        0x8 SPL/Atmega16A_SPL.o
 .group         0x00000000        0x8 SPL/Atmega16A_SPL.o
 .group         0x00000000        0x8 SPL/Atmega16A_SPL.o
 .group         0x00000000        0x8 SPL/Atmega16A_SPL.o
 .group         0x00000000        0x8 SPL/Atmega16A_SPL.o
 .group         0x00000000        0x8 SPL/Atmega16A_SPL.o
 .group         0x00000000        0x8 SPL/Atmega16A_SPL.o
 .group         0x00000000        0x8 SPL/Atmega16A_SPL.o
 .group         0x00000000        0x8 SPL/Atmega16A_SPL.o
 .group         0x00000000        0x8 SPL/Atmega16A_SPL.o
 .group         0x00000000        0x8 SPL/Atmega16A_SPL.o
 .group         0x00000000        0x8 SPL/Atmega16A_SPL.o
 .group         0x00000000        0x8 SPL/Atmega16A_SPL.o
 .group         0x00000000        0x8 SPL/Atmega16A_SPL.o
 .group         0x00000000        0x8 SPL/Atmega16A_SPL.o
 .group         0x00000000        0x8 SPL/Atmega16A_SPL.o
 .group         0x00000000        0x8 SPL/Atmega16A_SPL.o
 .group         0x00000000        0x8 SPL/Atmega16A_SPL.o
 .group         0x00000000        0x8 SPL/Atmega16A_SPL.o
 .text          0x00000000        0x0 SPL/Atmega16A_SPL.o
 .data          0x00000000        0x0 SPL/Atmega16A_SPL.o
 .bss           0x00000000        0x0 SPL/Atmega16A_SPL.o
 .debug_info    0x00000000       0x68 SPL/Atmega16A_SPL.o
 .debug_abbrev  0x00000000       0x29 SPL/Atmega16A_SPL.o
 .debug_aranges
                0x00000000       0x18 SPL/Atmega16A_SPL.o
 .debug_macro   0x00000000       0xcf SPL/Atmega16A_SPL.o
 .debug_macro   0x00000000      0xaa2 SPL/Atmega16A_SPL.o
 .debug_macro   0x00000000       0x10 SPL/Atmega16A_SPL.o
 .debug_macro   0x00000000       0x1c SPL/Atmega16A_SPL.o
 .debug_macro   0x00000000      0x1ad SPL/Atmega16A_SPL.o
 .debug_macro   0x00000000      0x293 SPL/Atmega16A_SPL.o
 .debug_macro   0x00000000       0x9e SPL/Atmega16A_SPL.o
 .debug_macro   0x00000000     0x13fe SPL/Atmega16A_SPL.o
 .debug_macro   0x00000000      0x171 SPL/Atmega16A_SPL.o
 .debug_macro   0x00000000       0xbd SPL/Atmega16A_SPL.o
 .debug_macro   0x00000000       0x34 SPL/Atmega16A_SPL.o
 .debug_macro   0x00000000       0x18 SPL/Atmega16A_SPL.o
 .debug_macro   0x00000000       0x6c SPL/Atmega16A_SPL.o
 .debug_macro   0x00000000       0x58 SPL/Atmega16A_SPL.o
 .debug_macro   0x00000000       0x10 SPL/Atmega16A_SPL.o
 .debug_macro   0x00000000       0x97 SPL/Atmega16A_SPL.o
 .debug_macro   0x00000000       0xeb SPL/Atmega16A_SPL.o
 .debug_macro   0x00000000       0x1c SPL/Atmega16A_SPL.o
 .debug_macro   0x00000000       0x97 SPL/Atmega16A_SPL.o
 .debug_macro   0x00000000       0x66 SPL/Atmega16A_SPL.o
 .debug_line    0x00000000      0x24e SPL/Atmega16A_SPL.o
 .debug_str     0x00000000     0x7106 SPL/Atmega16A_SPL.o
 .comment       0x00000000       0x31 SPL/Atmega16A_SPL.o
 .group         0x00000000        0x8 SPL/Avr5Lib.o
 .group         0x00000000        0x8 SPL/Avr5Lib.o
 .group         0x00000000        0x8 SPL/Avr5Lib.o
 .group         0x00000000        0x8 SPL/Avr5Lib.o
 .group         0x00000000        0x8 SPL/Avr5Lib.o
 .group         0x00000000        0x8 SPL/Avr5Lib.o
 .group         0x00000000        0x8 SPL/Avr5Lib.o
 .group         0x00000000        0x8 SPL/Avr5Lib.o
 .group         0x00000000        0x8 SPL/Avr5Lib.o
 .group         0x00000000        0x8 SPL/Avr5Lib.o
 .group         0x00000000        0x8 SPL/Avr5Lib.o
 .group         0x00000000        0x8 SPL/Avr5Lib.o
 .group         0x00000000        0x8 SPL/Avr5Lib.o
 .group         0x00000000        0x8 SPL/Avr5Lib.o
 .group         0x00000000        0x8 SPL/Avr5Lib.o
 .group         0x00000000        0x8 SPL/Avr5Lib.o
 .text          0x00000000        0x0 SPL/Avr5Lib.o
 .data          0x00000000        0x0 SPL/Avr5Lib.o
 .bss           0x00000000        0x0 SPL/Avr5Lib.o
 .debug_info    0x00000000       0x68 SPL/Avr5Lib.o
 .debug_abbrev  0x00000000       0x34 SPL/Avr5Lib.o
 .debug_aranges
                0x00000000       0x18 SPL/Avr5Lib.o
 .debug_macro   0x00000000       0xbe SPL/Avr5Lib.o
 .debug_macro   0x00000000      0xaa2 SPL/Avr5Lib.o
 .debug_macro   0x00000000       0x10 SPL/Avr5Lib.o
 .debug_macro   0x00000000       0x1c SPL/Avr5Lib.o
 .debug_macro   0x00000000      0x1ad SPL/Avr5Lib.o
 .debug_macro   0x00000000      0x293 SPL/Avr5Lib.o
 .debug_macro   0x00000000       0x9e SPL/Avr5Lib.o
 .debug_macro   0x00000000     0x13fe SPL/Avr5Lib.o
 .debug_macro   0x00000000      0x171 SPL/Avr5Lib.o
 .debug_macro   0x00000000       0xbd SPL/Avr5Lib.o
 .debug_macro   0x00000000       0x34 SPL/Avr5Lib.o
 .debug_macro   0x00000000       0x18 SPL/Avr5Lib.o
 .debug_macro   0x00000000       0x6c SPL/Avr5Lib.o
 .debug_macro   0x00000000       0x63 SPL/Avr5Lib.o
 .debug_macro   0x00000000       0x1c SPL/Avr5Lib.o
 .debug_macro   0x00000000      0x10e SPL/Avr5Lib.o
 .debug_macro   0x00000000       0x66 SPL/Avr5Lib.o
 .debug_line    0x00000000      0x242 SPL/Avr5Lib.o
 .debug_str     0x00000000     0x7004 SPL/Avr5Lib.o
 .comment       0x00000000       0x31 SPL/Avr5Lib.o
 .group         0x00000000        0x8 TaskManager/MainAsyncChainedTaskManager.o
 .group         0x00000000        0x8 TaskManager/MainAsyncChainedTaskManager.o
 .group         0x00000000        0x8 TaskManager/MainAsyncChainedTaskManager.o
 .group         0x00000000        0x8 TaskManager/MainAsyncChainedTaskManager.o
 .group         0x00000000        0x8 TaskManager/MainAsyncChainedTaskManager.o
 .group         0x00000000        0x8 TaskManager/MainAsyncChainedTaskManager.o
 .group         0x00000000        0x8 TaskManager/MainAsyncChainedTaskManager.o
 .group         0x00000000        0x8 TaskManager/MainAsyncChainedTaskManager.o
 .group         0x00000000        0x8 TaskManager/MainAsyncChainedTaskManager.o
 .group         0x00000000        0x8 TaskManager/MainAsyncChainedTaskManager.o
 .group         0x00000000        0x8 TaskManager/MainAsyncChainedTaskManager.o
 .group         0x00000000        0x8 TaskManager/MainAsyncChainedTaskManager.o
 .group         0x00000000        0x8 TaskManager/MainAsyncChainedTaskManager.o
 .group         0x00000000        0x8 TaskManager/MainAsyncChainedTaskManager.o
 .group         0x00000000        0x8 TaskManager/MainAsyncChainedTaskManager.o
 .group         0x00000000        0x8 TaskManager/MainAsyncChainedTaskManager.o
 .text          0x00000000        0x0 TaskManager/MainAsyncChainedTaskManager.o
 .data          0x00000000        0x0 TaskManager/MainAsyncChainedTaskManager.o
 .bss           0x00000000        0x0 TaskManager/MainAsyncChainedTaskManager.o
 .debug_info    0x00000000       0x61 TaskManager/MainAsyncChainedTaskManager.o
 .debug_abbrev  0x00000000       0x29 TaskManager/MainAsyncChainedTaskManager.o
 .debug_aranges
                0x00000000       0x18 TaskManager/MainAsyncChainedTaskManager.o
 .debug_macro   0x00000000       0xb2 TaskManager/MainAsyncChainedTaskManager.o
 .debug_macro   0x00000000      0xaa2 TaskManager/MainAsyncChainedTaskManager.o
 .debug_macro   0x00000000       0x10 TaskManager/MainAsyncChainedTaskManager.o
 .debug_macro   0x00000000       0x1c TaskManager/MainAsyncChainedTaskManager.o
 .debug_macro   0x00000000      0x1ad TaskManager/MainAsyncChainedTaskManager.o
 .debug_macro   0x00000000      0x293 TaskManager/MainAsyncChainedTaskManager.o
 .debug_macro   0x00000000       0x9e TaskManager/MainAsyncChainedTaskManager.o
 .debug_macro   0x00000000     0x13fe TaskManager/MainAsyncChainedTaskManager.o
 .debug_macro   0x00000000      0x171 TaskManager/MainAsyncChainedTaskManager.o
 .debug_macro   0x00000000       0xbd TaskManager/MainAsyncChainedTaskManager.o
 .debug_macro   0x00000000       0x34 TaskManager/MainAsyncChainedTaskManager.o
 .debug_macro   0x00000000       0x18 TaskManager/MainAsyncChainedTaskManager.o
 .debug_macro   0x00000000       0x6c TaskManager/MainAsyncChainedTaskManager.o
 .debug_macro   0x00000000       0x63 TaskManager/MainAsyncChainedTaskManager.o
 .debug_macro   0x00000000       0x1c TaskManager/MainAsyncChainedTaskManager.o
 .debug_macro   0x00000000      0x10e TaskManager/MainAsyncChainedTaskManager.o
 .debug_macro   0x00000000       0x66 TaskManager/MainAsyncChainedTaskManager.o
 .debug_line    0x00000000      0x25e TaskManager/MainAsyncChainedTaskManager.o
 .debug_str     0x00000000     0x6fc5 TaskManager/MainAsyncChainedTaskManager.o
 .comment       0x00000000       0x31 TaskManager/MainAsyncChainedTaskManager.o
 .text          0x00000000        0x0 c:/program files (x86)/atmel/studio/7.0/toolchain/avr8/avr8-gnu-toolchain/bin/../lib/gcc/avr/4.9.2/avr5\libgcc.a(_exit.o)
 .data          0x00000000        0x0 c:/program files (x86)/atmel/studio/7.0/toolchain/avr8/avr8-gnu-toolchain/bin/../lib/gcc/avr/4.9.2/avr5\libgcc.a(_exit.o)
 .bss           0x00000000        0x0 c:/program files (x86)/atmel/studio/7.0/toolchain/avr8/avr8-gnu-toolchain/bin/../lib/gcc/avr/4.9.2/avr5\libgcc.a(_exit.o)
 .text.libgcc.mul
                0x00000000        0x0 c:/program files (x86)/atmel/studio/7.0/toolchain/avr8/avr8-gnu-toolchain/bin/../lib/gcc/avr/4.9.2/avr5\libgcc.a(_exit.o)
 .text.libgcc.div
                0x00000000        0x0 c:/program files (x86)/atmel/studio/7.0/toolchain/avr8/avr8-gnu-toolchain/bin/../lib/gcc/avr/4.9.2/avr5\libgcc.a(_exit.o)
 .text.libgcc   0x00000000        0x0 c:/program files (x86)/atmel/studio/7.0/toolchain/avr8/avr8-gnu-toolchain/bin/../lib/gcc/avr/4.9.2/avr5\libgcc.a(_exit.o)
 .text.libgcc.prologue
                0x00000000        0x0 c:/program files (x86)/atmel/studio/7.0/toolchain/avr8/avr8-gnu-toolchain/bin/../lib/gcc/avr/4.9.2/avr5\libgcc.a(_exit.o)
 .text.libgcc.builtins
                0x00000000        0x0 c:/program files (x86)/atmel/studio/7.0/toolchain/avr8/avr8-gnu-toolchain/bin/../lib/gcc/avr/4.9.2/avr5\libgcc.a(_exit.o)
 .text.libgcc.fmul
                0x00000000        0x0 c:/program files (x86)/atmel/studio/7.0/toolchain/avr8/avr8-gnu-toolchain/bin/../lib/gcc/avr/4.9.2/avr5\libgcc.a(_exit.o)
 .text.libgcc.fixed
                0x00000000        0x0 c:/program files (x86)/atmel/studio/7.0/toolchain/avr8/avr8-gnu-toolchain/bin/../lib/gcc/avr/4.9.2/avr5\libgcc.a(_exit.o)
 .text          0x00000000        0x0 c:/program files (x86)/atmel/studio/7.0/toolchain/avr8/avr8-gnu-toolchain/bin/../lib/gcc/avr/4.9.2/avr5\libgcc.a(_copy_data.o)
 .data          0x00000000        0x0 c:/program files (x86)/atmel/studio/7.0/toolchain/avr8/avr8-gnu-toolchain/bin/../lib/gcc/avr/4.9.2/avr5\libgcc.a(_copy_data.o)
 .bss           0x00000000        0x0 c:/program files (x86)/atmel/studio/7.0/toolchain/avr8/avr8-gnu-toolchain/bin/../lib/gcc/avr/4.9.2/avr5\libgcc.a(_copy_data.o)
 .text.libgcc.mul
                0x00000000        0x0 c:/program files (x86)/atmel/studio/7.0/toolchain/avr8/avr8-gnu-toolchain/bin/../lib/gcc/avr/4.9.2/avr5\libgcc.a(_copy_data.o)
 .text.libgcc.div
                0x00000000        0x0 c:/program files (x86)/atmel/studio/7.0/toolchain/avr8/avr8-gnu-toolchain/bin/../lib/gcc/avr/4.9.2/avr5\libgcc.a(_copy_data.o)
 .text.libgcc   0x00000000        0x0 c:/program files (x86)/atmel/studio/7.0/toolchain/avr8/avr8-gnu-toolchain/bin/../lib/gcc/avr/4.9.2/avr5\libgcc.a(_copy_data.o)
 .text.libgcc.prologue
                0x00000000        0x0 c:/program files (x86)/atmel/studio/7.0/toolchain/avr8/avr8-gnu-toolchain/bin/../lib/gcc/avr/4.9.2/avr5\libgcc.a(_copy_data.o)
 .text.libgcc.builtins
                0x00000000        0x0 c:/program files (x86)/atmel/studio/7.0/toolchain/avr8/avr8-gnu-toolchain/bin/../lib/gcc/avr/4.9.2/avr5\libgcc.a(_copy_data.o)
 .text.libgcc.fmul
                0x00000000        0x0 c:/program files (x86)/atmel/studio/7.0/toolchain/avr8/avr8-gnu-toolchain/bin/../lib/gcc/avr/4.9.2/avr5\libgcc.a(_copy_data.o)
 .text.libgcc.fixed
                0x00000000        0x0 c:/program files (x86)/atmel/studio/7.0/toolchain/avr8/avr8-gnu-toolchain/bin/../lib/gcc/avr/4.9.2/avr5\libgcc.a(_copy_data.o)
 .text          0x00000000        0x0 c:/program files (x86)/atmel/studio/7.0/toolchain/avr8/avr8-gnu-toolchain/bin/../lib/gcc/avr/4.9.2/avr5\libgcc.a(_clear_bss.o)
 .data          0x00000000        0x0 c:/program files (x86)/atmel/studio/7.0/toolchain/avr8/avr8-gnu-toolchain/bin/../lib/gcc/avr/4.9.2/avr5\libgcc.a(_clear_bss.o)
 .bss           0x00000000        0x0 c:/program files (x86)/atmel/studio/7.0/toolchain/avr8/avr8-gnu-toolchain/bin/../lib/gcc/avr/4.9.2/avr5\libgcc.a(_clear_bss.o)
 .text.libgcc.mul
                0x00000000        0x0 c:/program files (x86)/atmel/studio/7.0/toolchain/avr8/avr8-gnu-toolchain/bin/../lib/gcc/avr/4.9.2/avr5\libgcc.a(_clear_bss.o)
 .text.libgcc.div
                0x00000000        0x0 c:/program files (x86)/atmel/studio/7.0/toolchain/avr8/avr8-gnu-toolchain/bin/../lib/gcc/avr/4.9.2/avr5\libgcc.a(_clear_bss.o)
 .text.libgcc   0x00000000        0x0 c:/program files (x86)/atmel/studio/7.0/toolchain/avr8/avr8-gnu-toolchain/bin/../lib/gcc/avr/4.9.2/avr5\libgcc.a(_clear_bss.o)
 .text.libgcc.prologue
                0x00000000        0x0 c:/program files (x86)/atmel/studio/7.0/toolchain/avr8/avr8-gnu-toolchain/bin/../lib/gcc/avr/4.9.2/avr5\libgcc.a(_clear_bss.o)
 .text.libgcc.builtins
                0x00000000        0x0 c:/program files (x86)/atmel/studio/7.0/toolchain/avr8/avr8-gnu-toolchain/bin/../lib/gcc/avr/4.9.2/avr5\libgcc.a(_clear_bss.o)
 .text.libgcc.fmul
                0x00000000        0x0 c:/program files (x86)/atmel/studio/7.0/toolchain/avr8/avr8-gnu-toolchain/bin/../lib/gcc/avr/4.9.2/avr5\libgcc.a(_clear_bss.o)
 .text.libgcc.fixed
                0x00000000        0x0 c:/program files (x86)/atmel/studio/7.0/toolchain/avr8/avr8-gnu-toolchain/bin/../lib/gcc/avr/4.9.2/avr5\libgcc.a(_clear_bss.o)
 .text          0x00000000        0x0 c:/program files (x86)/atmel/studio/7.0/toolchain/avr8/avr8-gnu-toolchain/bin/../lib/gcc/avr/4.9.2/avr5\libgcc.a(_ctors.o)
 .data          0x00000000        0x0 c:/program files (x86)/atmel/studio/7.0/toolchain/avr8/avr8-gnu-toolchain/bin/../lib/gcc/avr/4.9.2/avr5\libgcc.a(_ctors.o)
 .bss           0x00000000        0x0 c:/program files (x86)/atmel/studio/7.0/toolchain/avr8/avr8-gnu-toolchain/bin/../lib/gcc/avr/4.9.2/avr5\libgcc.a(_ctors.o)
 .text.libgcc.mul
                0x00000000        0x0 c:/program files (x86)/atmel/studio/7.0/toolchain/avr8/avr8-gnu-toolchain/bin/../lib/gcc/avr/4.9.2/avr5\libgcc.a(_ctors.o)
 .text.libgcc.div
                0x00000000        0x0 c:/program files (x86)/atmel/studio/7.0/toolchain/avr8/avr8-gnu-toolchain/bin/../lib/gcc/avr/4.9.2/avr5\libgcc.a(_ctors.o)
 .text.libgcc   0x00000000        0x0 c:/program files (x86)/atmel/studio/7.0/toolchain/avr8/avr8-gnu-toolchain/bin/../lib/gcc/avr/4.9.2/avr5\libgcc.a(_ctors.o)
 .text.libgcc.prologue
                0x00000000        0x0 c:/program files (x86)/atmel/studio/7.0/toolchain/avr8/avr8-gnu-toolchain/bin/../lib/gcc/avr/4.9.2/avr5\libgcc.a(_ctors.o)
 .text.libgcc.builtins
                0x00000000        0x0 c:/program files (x86)/atmel/studio/7.0/toolchain/avr8/avr8-gnu-toolchain/bin/../lib/gcc/avr/4.9.2/avr5\libgcc.a(_ctors.o)
 .text.libgcc.fmul
                0x00000000        0x0 c:/program files (x86)/atmel/studio/7.0/toolchain/avr8/avr8-gnu-toolchain/bin/../lib/gcc/avr/4.9.2/avr5\libgcc.a(_ctors.o)
 .text.libgcc.fixed
                0x00000000        0x0 c:/program files (x86)/atmel/studio/7.0/toolchain/avr8/avr8-gnu-toolchain/bin/../lib/gcc/avr/4.9.2/avr5\libgcc.a(_ctors.o)
 .text          0x00000000        0x0 c:/program files (x86)/atmel/studio/7.0/toolchain/avr8/avr8-gnu-toolchain/bin/../lib/gcc/avr/4.9.2/avr5\libgcc.a(_dtors.o)
 .data          0x00000000        0x0 c:/program files (x86)/atmel/studio/7.0/toolchain/avr8/avr8-gnu-toolchain/bin/../lib/gcc/avr/4.9.2/avr5\libgcc.a(_dtors.o)
 .bss           0x00000000        0x0 c:/program files (x86)/atmel/studio/7.0/toolchain/avr8/avr8-gnu-toolchain/bin/../lib/gcc/avr/4.9.2/avr5\libgcc.a(_dtors.o)
 .text.libgcc.mul
                0x00000000        0x0 c:/program files (x86)/atmel/studio/7.0/toolchain/avr8/avr8-gnu-toolchain/bin/../lib/gcc/avr/4.9.2/avr5\libgcc.a(_dtors.o)
 .text.libgcc.div
                0x00000000        0x0 c:/program files (x86)/atmel/studio/7.0/toolchain/avr8/avr8-gnu-toolchain/bin/../lib/gcc/avr/4.9.2/avr5\libgcc.a(_dtors.o)
 .text.libgcc   0x00000000        0x0 c:/program files (x86)/atmel/studio/7.0/toolchain/avr8/avr8-gnu-toolchain/bin/../lib/gcc/avr/4.9.2/avr5\libgcc.a(_dtors.o)
 .text.libgcc.prologue
                0x00000000        0x0 c:/program files (x86)/atmel/studio/7.0/toolchain/avr8/avr8-gnu-toolchain/bin/../lib/gcc/avr/4.9.2/avr5\libgcc.a(_dtors.o)
 .text.libgcc.builtins
                0x00000000        0x0 c:/program files (x86)/atmel/studio/7.0/toolchain/avr8/avr8-gnu-toolchain/bin/../lib/gcc/avr/4.9.2/avr5\libgcc.a(_dtors.o)
 .text.libgcc.fmul
                0x00000000        0x0 c:/program files (x86)/atmel/studio/7.0/toolchain/avr8/avr8-gnu-toolchain/bin/../lib/gcc/avr/4.9.2/avr5\libgcc.a(_dtors.o)
 .text.libgcc.fixed
                0x00000000        0x0 c:/program files (x86)/atmel/studio/7.0/toolchain/avr8/avr8-gnu-toolchain/bin/../lib/gcc/avr/4.9.2/avr5\libgcc.a(_dtors.o)
 .text          0x00000000        0x0 c:/program files (x86)/atmel/studio/7.0/toolchain/avr8/avr8-gnu-toolchain/bin/../lib/gcc/avr/4.9.2/avr5\libgcc.a(_umulhisi3.o)
 .data          0x00000000        0x0 c:/program files (x86)/atmel/studio/7.0/toolchain/avr8/avr8-gnu-toolchain/bin/../lib/gcc/avr/4.9.2/avr5\libgcc.a(_umulhisi3.o)
 .bss           0x00000000        0x0 c:/program files (x86)/atmel/studio/7.0/toolchain/avr8/avr8-gnu-toolchain/bin/../lib/gcc/avr/4.9.2/avr5\libgcc.a(_umulhisi3.o)
 .text.libgcc.div
                0x00000000        0x0 c:/program files (x86)/atmel/studio/7.0/toolchain/avr8/avr8-gnu-toolchain/bin/../lib/gcc/avr/4.9.2/avr5\libgcc.a(_umulhisi3.o)
 .text.libgcc   0x00000000        0x0 c:/program files (x86)/atmel/studio/7.0/toolchain/avr8/avr8-gnu-toolchain/bin/../lib/gcc/avr/4.9.2/avr5\libgcc.a(_umulhisi3.o)
 .text.libgcc.prologue
                0x00000000        0x0 c:/program files (x86)/atmel/studio/7.0/toolchain/avr8/avr8-gnu-toolchain/bin/../lib/gcc/avr/4.9.2/avr5\libgcc.a(_umulhisi3.o)
 .text.libgcc.builtins
                0x00000000        0x0 c:/program files (x86)/atmel/studio/7.0/toolchain/avr8/avr8-gnu-toolchain/bin/../lib/gcc/avr/4.9.2/avr5\libgcc.a(_umulhisi3.o)
 .text.libgcc.fmul
                0x00000000        0x0 c:/program files (x86)/atmel/studio/7.0/toolchain/avr8/avr8-gnu-toolchain/bin/../lib/gcc/avr/4.9.2/avr5\libgcc.a(_umulhisi3.o)
 .text.libgcc.fixed
                0x00000000        0x0 c:/program files (x86)/atmel/studio/7.0/toolchain/avr8/avr8-gnu-toolchain/bin/../lib/gcc/avr/4.9.2/avr5\libgcc.a(_umulhisi3.o)
 .text          0x00000000        0x0 c:/program files (x86)/atmel/studio/7.0/toolchain/avr8/avr8-gnu-toolchain/bin/../lib/gcc/avr/4.9.2/avr5\libgcc.a(_tablejump2.o)
 .data          0x00000000        0x0 c:/program files (x86)/atmel/studio/7.0/toolchain/avr8/avr8-gnu-toolchain/bin/../lib/gcc/avr/4.9.2/avr5\libgcc.a(_tablejump2.o)
 .bss           0x00000000        0x0 c:/program files (x86)/atmel/studio/7.0/toolchain/avr8/avr8-gnu-toolchain/bin/../lib/gcc/avr/4.9.2/avr5\libgcc.a(_tablejump2.o)
 .text.libgcc.mul
                0x00000000        0x0 c:/program files (x86)/atmel/studio/7.0/toolchain/avr8/avr8-gnu-toolchain/bin/../lib/gcc/avr/4.9.2/avr5\libgcc.a(_tablejump2.o)
 .text.libgcc.div
                0x00000000        0x0 c:/program files (x86)/atmel/studio/7.0/toolchain/avr8/avr8-gnu-toolchain/bin/../lib/gcc/avr/4.9.2/avr5\libgcc.a(_tablejump2.o)
 .text.libgcc.prologue
                0x00000000        0x0 c:/program files (x86)/atmel/studio/7.0/toolchain/avr8/avr8-gnu-toolchain/bin/../lib/gcc/avr/4.9.2/avr5\libgcc.a(_tablejump2.o)
 .text.libgcc.builtins
                0x00000000        0x0 c:/program files (x86)/atmel/studio/7.0/toolchain/avr8/avr8-gnu-toolchain/bin/../lib/gcc/avr/4.9.2/avr5\libgcc.a(_tablejump2.o)
 .text.libgcc.fmul
                0x00000000        0x0 c:/program files (x86)/atmel/studio/7.0/toolchain/avr8/avr8-gnu-toolchain/bin/../lib/gcc/avr/4.9.2/avr5\libgcc.a(_tablejump2.o)
 .text.libgcc.fixed
                0x00000000        0x0 c:/program files (x86)/atmel/studio/7.0/toolchain/avr8/avr8-gnu-toolchain/bin/../lib/gcc/avr/4.9.2/avr5\libgcc.a(_tablejump2.o)
 .text          0x00000000        0x0 c:/program files (x86)/atmel/studio/7.0/toolchain/avr8/avr8-gnu-toolchain/bin/../lib/gcc/avr/4.9.2/../../../../avr/lib/avr5\libc.a(malloc.o)
 .bss           0x00000000        0x0 c:/program files (x86)/atmel/studio/7.0/toolchain/avr8/avr8-gnu-toolchain/bin/../lib/gcc/avr/4.9.2/../../../../avr/lib/avr5\libc.a(malloc.o)

Memory Configuration

Name             Origin             Length             Attributes
text             0x00000000         0x00020000         xr
data             0x00800060         0x0000ffa0         rw !x
eeprom           0x00810000         0x00010000         rw !x
fuse             0x00820000         0x00000400         rw !x
lock             0x00830000         0x00000400         rw !x
signature        0x00840000         0x00000400         rw !x
user_signatures  0x00850000         0x00000400         rw !x
*default*        0x00000000         0xffffffff

Linker script and memory map

LOAD C:/Program Files (x86)/Atmel/Studio/7.0/Packs/atmel/ATmega_DFP/1.0.90/gcc/dev/atmega16a/avr5/crtatmega16a.o
LOAD HD44780.o
LOAD Helpers/Screen.o
LOAD Key/atkeyboard.o
LOAD main.o
LOAD SPL/Atmega16A_SPL.o
LOAD SPL/Avr5Lib.o
LOAD TaskManager/MainAsyncChainedTaskManager.o
START GROUP
LOAD c:/program files (x86)/atmel/studio/7.0/toolchain/avr8/avr8-gnu-toolchain/bin/../lib/gcc/avr/4.9.2/../../../../avr/lib/avr5\libm.a
END GROUP
LOAD c:/program files (x86)/atmel/studio/7.0/toolchain/avr8/avr8-gnu-toolchain/bin/../lib/gcc/avr/4.9.2/avr5\libgcc.a
LOAD c:/program files (x86)/atmel/studio/7.0/toolchain/avr8/avr8-gnu-toolchain/bin/../lib/gcc/avr/4.9.2/../../../../avr/lib/avr5\libm.a
START GROUP
LOAD c:/program files (x86)/atmel/studio/7.0/toolchain/avr8/avr8-gnu-toolchain/bin/../lib/gcc/avr/4.9.2/avr5\libgcc.a
LOAD c:/program files (x86)/atmel/studio/7.0/toolchain/avr8/avr8-gnu-toolchain/bin/../lib/gcc/avr/4.9.2/../../../../avr/lib/avr5\libm.a
LOAD c:/program files (x86)/atmel/studio/7.0/toolchain/avr8/avr8-gnu-toolchain/bin/../lib/gcc/avr/4.9.2/../../../../avr/lib/avr5\libc.a
LOAD C:/Program Files (x86)/Atmel/Studio/7.0/Packs/atmel/ATmega_DFP/1.0.90/gcc/dev/atmega16a/avr5\libatmega16a.a
END GROUP

.hash
 *(.hash)

.dynsym
 *(.dynsym)

.dynstr
 *(.dynstr)

.gnu.version
 *(.gnu.version)

.gnu.version_d
 *(.gnu.version_d)

.gnu.version_r
 *(.gnu.version_r)

.rel.init
 *(.rel.init)

.rela.init
 *(.rela.init)

.rel.text
 *(.rel.text)
 *(.rel.text.*)
 *(.rel.gnu.linkonce.t*)

.rela.text
 *(.rela.text)
 *(.rela.text.*)
 *(.rela.gnu.linkonce.t*)

.rel.fini
 *(.rel.fini)

.rela.fini
 *(.rela.fini)

.rel.rodata
 *(.rel.rodata)
 *(.rel.rodata.*)
 *(.rel.gnu.linkonce.r*)

.rela.rodata
 *(.rela.rodata)
 *(.rela.rodata.*)
 *(.rela.gnu.linkonce.r*)

.rel.data
 *(.rel.data)
 *(.rel.data.*)
 *(.rel.gnu.linkonce.d*)

.rela.data
 *(.rela.data)
 *(.rela.data.*)
 *(.rela.gnu.linkonce.d*)

.rel.ctors
 *(.rel.ctors)

.rela.ctors
 *(.rela.ctors)

.rel.dtors
 *(.rel.dtors)

.rela.dtors
 *(.rela.dtors)

.rel.got
 *(.rel.got)

.rela.got
 *(.rela.got)

.rel.bss
 *(.rel.bss)

.rela.bss
 *(.rela.bss)

.rel.plt
 *(.rel.plt)

.rela.plt
 *(.rela.plt)

.text           0x00000000      0xf92
 *(.vectors)
 .vectors       0x00000000       0x54 C:/Program Files (x86)/Atmel/Studio/7.0/Packs/atmel/ATmega_DFP/1.0.90/gcc/dev/atmega16a/avr5/crtatmega16a.o
                0x00000000                __vector_default
                0x00000000                __vectors
 *(.vectors)
 *(.progmem.gcc*)
                0x00000054                . = ALIGN (0x2)
                0x00000054                __trampolines_start = .
 *(.trampolines)
 .trampolines   0x00000054        0x0 linker stubs
 *(.trampolines*)
                0x00000054                __trampolines_end = .
 *(.progmem*)
                0x00000054                . = ALIGN (0x2)
 *(.jumptables)
 *(.jumptables*)
 *(.lowtext)
 *(.lowtext*)
                0x00000054                __ctors_start = .
 *(.ctors)
 .ctors         0x00000054        0x2 main.o
                0x00000056                __ctors_end = .
                0x00000056                __dtors_start = .
 *(.dtors)
 .dtors         0x00000056        0x2 main.o
                0x00000058                __dtors_end = .
 SORT(*)(.ctors)
 SORT(*)(.dtors)
 *(.init0)
 .init0         0x00000058        0x0 C:/Program Files (x86)/Atmel/Studio/7.0/Packs/atmel/ATmega_DFP/1.0.90/gcc/dev/atmega16a/avr5/crtatmega16a.o
                0x00000058                __init
 *(.init0)
 *(.init1)
 *(.init1)
 *(.init2)
 .init2         0x00000058        0xc C:/Program Files (x86)/Atmel/Studio/7.0/Packs/atmel/ATmega_DFP/1.0.90/gcc/dev/atmega16a/avr5/crtatmega16a.o
 *(.init2)
 *(.init3)
 *(.init3)
 *(.init4)
 .init4         0x00000064       0x16 c:/program files (x86)/atmel/studio/7.0/toolchain/avr8/avr8-gnu-toolchain/bin/../lib/gcc/avr/4.9.2/avr5\libgcc.a(_copy_data.o)
                0x00000064                __do_copy_data
 .init4         0x0000007a       0x10 c:/program files (x86)/atmel/studio/7.0/toolchain/avr8/avr8-gnu-toolchain/bin/../lib/gcc/avr/4.9.2/avr5\libgcc.a(_clear_bss.o)
                0x0000007a                __do_clear_bss
 *(.init4)
 *(.init5)
 *(.init5)
 *(.init6)
 .init6         0x0000008a       0x16 c:/program files (x86)/atmel/studio/7.0/toolchain/avr8/avr8-gnu-toolchain/bin/../lib/gcc/avr/4.9.2/avr5\libgcc.a(_ctors.o)
                0x0000008a                __do_global_ctors
 *(.init6)
 *(.init7)
 *(.init7)
 *(.init8)
 *(.init8)
 *(.init9)
 .init9         0x000000a0        0x8 C:/Program Files (x86)/Atmel/Studio/7.0/Packs/atmel/ATmega_DFP/1.0.90/gcc/dev/atmega16a/avr5/crtatmega16a.o
 *(.init9)
 *(.text)
 .text          0x000000a8        0x4 C:/Program Files (x86)/Atmel/Studio/7.0/Packs/atmel/ATmega_DFP/1.0.90/gcc/dev/atmega16a/avr5/crtatmega16a.o
                0x000000a8                __vector_1
                0x000000a8                __vector_12
                0x000000a8                __bad_interrupt
                0x000000a8                __vector_6
                0x000000a8                __vector_3
                0x000000a8                __vector_11
                0x000000a8                __vector_13
                0x000000a8                __vector_17
                0x000000a8                __vector_7
                0x000000a8                __vector_5
                0x000000a8                __vector_4
                0x000000a8                __vector_9
                0x000000a8                __vector_2
                0x000000a8                __vector_15
                0x000000a8                __vector_8
                0x000000a8                __vector_14
                0x000000a8                __vector_10
                0x000000a8                __vector_16
                0x000000a8                __vector_18
                0x000000a8                __vector_20
 .text          0x000000ac      0xa6a main.o
                0x000000ac                _Z26LedBlinkPerDelayVariableMsP4Task
                0x000000ea                _Z15KeyboardHandlerP4Task
                0x000001d8                _Znwj
                0x000001dc                _ZdlPv
                0x000001e0                _Z13str_t_bfr_cpyhPc
                0x00000228                __vector_19
                0x000002a4                _Z14_LCD_OutNibbleh
                0x000002d4                _Z13_LCD_InNibblev
                0x000002e6                _Z10_LCD_Writeh
                0x000003be                _Z3LedP4Task
                0x00000404                _Z9_LCD_Readv
                0x00000442                _Z16LCD_WriteCommandh
                0x00000448                _Z14LCD_ReadStatusv
                0x00000488                _Z13LCD_WriteDatah
                0x0000048e                _Z12LCD_ReadDatav
                0x000004ce                _Z13LCD_WriteTextPc
                0x000004ee                _Z8LCD_GoTohh
                0x000004fe                _Z9LCD_Clearv
                0x00000514                _Z8LCD_Homev
                0x0000052a                _Z13LCD_Initalizev
                0x00000602                _Z13RegisterTasksv
                0x00000854                _Z9LCD_Setupv
                0x0000086e                _Z17InitializeProgramv
                0x00000b16                . = ALIGN (0x2)
 *(.text.*)
 .text._ZN4PinSILh56ELh54ELh55ELh1EE6ToggleEv
                0x00000b16        0xa main.o
                0x00000b16                _ZN4PinSILh56ELh54ELh55ELh1EE6ToggleEv
 .text._ZN4PinSILh56ELh54ELh55ELh1EE3SetEv
                0x00000b20        0x4 main.o
                0x00000b20                _ZN4PinSILh56ELh54ELh55ELh1EE3SetEv
 .text._ZN4PinSILh56ELh54ELh55ELh2EE6ToggleEv
                0x00000b24        0xa main.o
                0x00000b24                _ZN4PinSILh56ELh54ELh55ELh2EE6ToggleEv
 .text._ZN4PinSILh50ELh48ELh49ELh7EE7AsInputEv
                0x00000b2e        0x6 main.o
                0x00000b2e                _ZN4PinSILh50ELh48ELh49ELh7EE7AsInputEv
 .text._ZN4PinSILh50ELh48ELh49ELh7EE3SetEv
                0x00000b34        0x4 main.o
                0x00000b34                _ZN4PinSILh50ELh48ELh49ELh7EE3SetEv
 .text._ZN4PinSILh56ELh54ELh55ELh2EE12FastAsOutputEv
                0x00000b38        0x4 main.o
                0x00000b38                _ZN4PinSILh56ELh54ELh55ELh2EE12FastAsOutputEv
 .text._ZN4PinSILh56ELh54ELh55ELh0EE12FastAsOutputEv
                0x00000b3c        0x4 main.o
                0x00000b3c                _ZN4PinSILh56ELh54ELh55ELh0EE12FastAsOutputEv
 .text._ZN4PinSILh56ELh54ELh55ELh1EE12FastAsOutputEv
                0x00000b40        0x4 main.o
                0x00000b40                _ZN4PinSILh56ELh54ELh55ELh1EE12FastAsOutputEv
 .text._ZN4PinSILh56ELh54ELh55ELh2EE7FastSetEv
                0x00000b44        0x4 main.o
                0x00000b44                _ZN4PinSILh56ELh54ELh55ELh2EE7FastSetEv
 .text._ZN4PinSILh56ELh54ELh55ELh0EE7FastSetEv
                0x00000b48        0x4 main.o
                0x00000b48                _ZN4PinSILh56ELh54ELh55ELh0EE7FastSetEv
 .text._ZN4PinSILh56ELh54ELh55ELh1EE7FastSetEv
                0x00000b4c        0x4 main.o
                0x00000b4c                _ZN4PinSILh56ELh54ELh55ELh1EE7FastSetEv
 .text._ZN4PinSILh56ELh54ELh55ELh1EED2Ev
                0x00000b50        0x2 main.o
                0x00000b50                _ZN4PinSILh56ELh54ELh55ELh1EED1Ev
                0x00000b50                _ZN4PinSILh56ELh54ELh55ELh1EED2Ev
 .text._ZN4PinSILh56ELh54ELh55ELh0EED2Ev
                0x00000b52        0x2 main.o
                0x00000b52                _ZN4PinSILh56ELh54ELh55ELh0EED1Ev
                0x00000b52                _ZN4PinSILh56ELh54ELh55ELh0EED2Ev
 .text._ZN4PinSILh56ELh54ELh55ELh2EED2Ev
                0x00000b54        0x2 main.o
                0x00000b54                _ZN4PinSILh56ELh54ELh55ELh2EED2Ev
                0x00000b54                _ZN4PinSILh56ELh54ELh55ELh2EED1Ev
 .text._ZN4PinSILh50ELh48ELh49ELh7EED2Ev
                0x00000b56        0x2 main.o
                0x00000b56                _ZN4PinSILh50ELh48ELh49ELh7EED2Ev
                0x00000b56                _ZN4PinSILh50ELh48ELh49ELh7EED1Ev
 .text._ZN4PinSILh56ELh54ELh55ELh1EE9FastClearEv
                0x00000b58        0x4 main.o
                0x00000b58                _ZN4PinSILh56ELh54ELh55ELh1EE9FastClearEv
 .text._ZN4PinSILh56ELh54ELh55ELh1EE10FastToggleEv
                0x00000b5c        0xa main.o
                0x00000b5c                _ZN4PinSILh56ELh54ELh55ELh1EE10FastToggleEv
 .text._ZN4PinSILh56ELh54ELh55ELh1EE11FastAsInputEv
                0x00000b66        0x4 main.o
                0x00000b66                _ZN4PinSILh56ELh54ELh55ELh1EE11FastAsInputEv
 .text._ZN4PinSILh56ELh54ELh55ELh1EE5ClearEv
                0x00000b6a        0x4 main.o
                0x00000b6a                _ZN4PinSILh56ELh54ELh55ELh1EE5ClearEv
 .text._ZN4PinSILh56ELh54ELh55ELh1EE8AsOutputEv
                0x00000b6e        0x4 main.o
                0x00000b6e                _ZN4PinSILh56ELh54ELh55ELh1EE8AsOutputEv
 .text._ZN4PinSILh56ELh54ELh55ELh1EE7AsInputEv
                0x00000b72        0x6 main.o
                0x00000b72                _ZN4PinSILh56ELh54ELh55ELh1EE7AsInputEv
 .text._ZN4PinSILh56ELh54ELh55ELh0EE9FastClearEv
                0x00000b78        0x4 main.o
                0x00000b78                _ZN4PinSILh56ELh54ELh55ELh0EE9FastClearEv
 .text._ZN4PinSILh56ELh54ELh55ELh0EE10FastToggleEv
                0x00000b7c        0xa main.o
                0x00000b7c                _ZN4PinSILh56ELh54ELh55ELh0EE10FastToggleEv
 .text._ZN4PinSILh56ELh54ELh55ELh0EE11FastAsInputEv
                0x00000b86        0x4 main.o
                0x00000b86                _ZN4PinSILh56ELh54ELh55ELh0EE11FastAsInputEv
 .text._ZN4PinSILh56ELh54ELh55ELh0EE3SetEv
                0x00000b8a        0x4 main.o
                0x00000b8a                _ZN4PinSILh56ELh54ELh55ELh0EE3SetEv
 .text._ZN4PinSILh56ELh54ELh55ELh0EE5ClearEv
                0x00000b8e        0x4 main.o
                0x00000b8e                _ZN4PinSILh56ELh54ELh55ELh0EE5ClearEv
 .text._ZN4PinSILh56ELh54ELh55ELh0EE6ToggleEv
                0x00000b92        0xa main.o
                0x00000b92                _ZN4PinSILh56ELh54ELh55ELh0EE6ToggleEv
 .text._ZN4PinSILh56ELh54ELh55ELh0EE8AsOutputEv
                0x00000b9c        0x4 main.o
                0x00000b9c                _ZN4PinSILh56ELh54ELh55ELh0EE8AsOutputEv
 .text._ZN4PinSILh56ELh54ELh55ELh0EE7AsInputEv
                0x00000ba0        0x6 main.o
                0x00000ba0                _ZN4PinSILh56ELh54ELh55ELh0EE7AsInputEv
 .text._ZN4PinSILh56ELh54ELh55ELh2EE9FastClearEv
                0x00000ba6        0x4 main.o
                0x00000ba6                _ZN4PinSILh56ELh54ELh55ELh2EE9FastClearEv
 .text._ZN4PinSILh56ELh54ELh55ELh2EE10FastToggleEv
                0x00000baa        0xa main.o
                0x00000baa                _ZN4PinSILh56ELh54ELh55ELh2EE10FastToggleEv
 .text._ZN4PinSILh56ELh54ELh55ELh2EE11FastAsInputEv
                0x00000bb4        0x4 main.o
                0x00000bb4                _ZN4PinSILh56ELh54ELh55ELh2EE11FastAsInputEv
 .text._ZN4PinSILh56ELh54ELh55ELh2EE3SetEv
                0x00000bb8        0x4 main.o
                0x00000bb8                _ZN4PinSILh56ELh54ELh55ELh2EE3SetEv
 .text._ZN4PinSILh56ELh54ELh55ELh2EE5ClearEv
                0x00000bbc        0x4 main.o
                0x00000bbc                _ZN4PinSILh56ELh54ELh55ELh2EE5ClearEv
 .text._ZN4PinSILh56ELh54ELh55ELh2EE8AsOutputEv
                0x00000bc0        0x4 main.o
                0x00000bc0                _ZN4PinSILh56ELh54ELh55ELh2EE8AsOutputEv
 .text._ZN4PinSILh56ELh54ELh55ELh2EE7AsInputEv
                0x00000bc4        0x6 main.o
                0x00000bc4                _ZN4PinSILh56ELh54ELh55ELh2EE7AsInputEv
 .text._ZN4PinSILh50ELh48ELh49ELh7EE7FastSetEv
                0x00000bca        0x4 main.o
                0x00000bca                _ZN4PinSILh50ELh48ELh49ELh7EE7FastSetEv
 .text._ZN4PinSILh50ELh48ELh49ELh7EE9FastClearEv
                0x00000bce        0x4 main.o
                0x00000bce                _ZN4PinSILh50ELh48ELh49ELh7EE9FastClearEv
 .text._ZN4PinSILh50ELh48ELh49ELh7EE10FastToggleEv
                0x00000bd2        0x8 main.o
                0x00000bd2                _ZN4PinSILh50ELh48ELh49ELh7EE10FastToggleEv
 .text._ZN4PinSILh50ELh48ELh49ELh7EE12FastAsOutputEv
                0x00000bda        0x4 main.o
                0x00000bda                _ZN4PinSILh50ELh48ELh49ELh7EE12FastAsOutputEv
 .text._ZN4PinSILh50ELh48ELh49ELh7EE11FastAsInputEv
                0x00000bde        0x4 main.o
                0x00000bde                _ZN4PinSILh50ELh48ELh49ELh7EE11FastAsInputEv
 .text._ZN4PinSILh50ELh48ELh49ELh7EE5ClearEv
                0x00000be2        0x4 main.o
                0x00000be2                _ZN4PinSILh50ELh48ELh49ELh7EE5ClearEv
 .text._ZN4PinSILh50ELh48ELh49ELh7EE6ToggleEv
                0x00000be6        0x8 main.o
                0x00000be6                _ZN4PinSILh50ELh48ELh49ELh7EE6ToggleEv
 .text._ZN4PinSILh50ELh48ELh49ELh7EE8AsOutputEv
                0x00000bee        0x4 main.o
                0x00000bee                _ZN4PinSILh50ELh48ELh49ELh7EE8AsOutputEv
 .text._ZN4PinSILh50ELh48ELh49ELh7EED0Ev
                0x00000bf2        0x4 main.o
                0x00000bf2                _ZN4PinSILh50ELh48ELh49ELh7EED0Ev
 .text._ZN4PinSILh56ELh54ELh55ELh2EED0Ev
                0x00000bf6        0x4 main.o
                0x00000bf6                _ZN4PinSILh56ELh54ELh55ELh2EED0Ev
 .text._ZN4PinSILh56ELh54ELh55ELh0EED0Ev
                0x00000bfa        0x4 main.o
                0x00000bfa                _ZN4PinSILh56ELh54ELh55ELh0EED0Ev
 .text._ZN4PinSILh56ELh54ELh55ELh1EED0Ev
                0x00000bfe        0x4 main.o
                0x00000bfe                _ZN4PinSILh56ELh54ELh55ELh1EED0Ev
 .text._ZN4PinSILh56ELh54ELh55ELh1EE7BoolSetEb
                0x00000c02       0x30 main.o
                0x00000c02                _ZN4PinSILh56ELh54ELh55ELh1EE7BoolSetEb
 .text._ZN4PinSILh56ELh54ELh55ELh0EE7BoolSetEb
                0x00000c32       0x30 main.o
                0x00000c32                _ZN4PinSILh56ELh54ELh55ELh0EE7BoolSetEb
 .text._ZN4PinSILh56ELh54ELh55ELh2EE7BoolSetEb
                0x00000c62       0x30 main.o
                0x00000c62                _ZN4PinSILh56ELh54ELh55ELh2EE7BoolSetEb
 .text._ZN4PinSILh50ELh48ELh49ELh7EE7BoolSetEb
                0x00000c92       0x30 main.o
                0x00000c92                _ZN4PinSILh50ELh48ELh49ELh7EE7BoolSetEb
 .text.startup  0x00000cc2       0x30 main.o
                0x00000cc2                main
 .text.exit     0x00000cf2        0x2 main.o
 .text.libgcc.mul
                0x00000cf4       0x1e c:/program files (x86)/atmel/studio/7.0/toolchain/avr8/avr8-gnu-toolchain/bin/../lib/gcc/avr/4.9.2/avr5\libgcc.a(_umulhisi3.o)
                0x00000cf4                __umulhisi3
 .text.libgcc   0x00000d12        0xc c:/program files (x86)/atmel/studio/7.0/toolchain/avr8/avr8-gnu-toolchain/bin/../lib/gcc/avr/4.9.2/avr5\libgcc.a(_tablejump2.o)
                0x00000d12                __tablejump2__
 .text.avr-libc
                0x00000d1e      0x25a c:/program files (x86)/atmel/studio/7.0/toolchain/avr8/avr8-gnu-toolchain/bin/../lib/gcc/avr/4.9.2/../../../../avr/lib/avr5\libc.a(malloc.o)
                0x00000d1e                malloc
                0x00000e48                free
                0x00000f78                . = ALIGN (0x2)
 *(.fini9)
 .fini9         0x00000f78        0x0 c:/program files (x86)/atmel/studio/7.0/toolchain/avr8/avr8-gnu-toolchain/bin/../lib/gcc/avr/4.9.2/avr5\libgcc.a(_exit.o)
                0x00000f78                _exit
                0x00000f78                exit
 *(.fini9)
 *(.fini8)
 *(.fini8)
 *(.fini7)
 *(.fini7)
 *(.fini6)
 .fini6         0x00000f78       0x16 c:/program files (x86)/atmel/studio/7.0/toolchain/avr8/avr8-gnu-toolchain/bin/../lib/gcc/avr/4.9.2/avr5\libgcc.a(_dtors.o)
                0x00000f78                __do_global_dtors
 *(.fini6)
 *(.fini5)
 *(.fini5)
 *(.fini4)
 *(.fini4)
 *(.fini3)
 *(.fini3)
 *(.fini2)
 *(.fini2)
 *(.fini1)
 *(.fini1)
 *(.fini0)
 .fini0         0x00000f8e        0x4 c:/program files (x86)/atmel/studio/7.0/toolchain/avr8/avr8-gnu-toolchain/bin/../lib/gcc/avr/4.9.2/avr5\libgcc.a(_exit.o)
 *(.fini0)
                0x00000f92                _etext = .

.data           0x00800060       0xaa load address 0x00000f92
                0x00800060                PROVIDE (__data_start, .)
 *(.data)
 .data          0x00800060       0x2c main.o
                0x00800060                YellowLed
                0x00800062                RedLed
                0x00800064                GreenLed
                0x00800066                Button
                0x00800068                TextOk
 .data          0x0080008c        0x6 c:/program files (x86)/atmel/studio/7.0/toolchain/avr8/avr8-gnu-toolchain/bin/../lib/gcc/avr/4.9.2/../../../../avr/lib/avr5\libc.a(malloc.o)
                0x0080008c                __malloc_heap_end
                0x0080008e                __malloc_heap_start
                0x00800090                __malloc_margin
 *(.data*)
 *(.rodata)
 *(.rodata*)
 .rodata._ZTV4PinSILh50ELh48ELh49ELh7EE
                0x00800092       0x1e main.o
                0x00800092                _ZTV4PinSILh50ELh48ELh49ELh7EE
 .rodata._ZTV4PinSILh56ELh54ELh55ELh2EE
                0x008000b0       0x1e main.o
                0x008000b0                _ZTV4PinSILh56ELh54ELh55ELh2EE
 .rodata._ZTV4PinSILh56ELh54ELh55ELh0EE
                0x008000ce       0x1e main.o
                0x008000ce                _ZTV4PinSILh56ELh54ELh55ELh0EE
 .rodata._ZTV4PinSILh56ELh54ELh55ELh1EE
                0x008000ec       0x1e main.o
                0x008000ec                _ZTV4PinSILh56ELh54ELh55ELh1EE
 *(.gnu.linkonce.d*)
                0x0080010a                . = ALIGN (0x2)
                0x0080010a                _edata = .
                0x0080010a                PROVIDE (__data_end, .)

.bss            0x0080010a       0x27
                0x0080010a                PROVIDE (__bss_start, .)
 *(.bss)
 .bss           0x0080010a       0x23 main.o
                0x0080010a                ButtonPressTime
                0x0080010c                elapsedTime
                0x0080010d                Leds
                0x00800111                keyboardTask
                0x00800115                taskName
 *(.bss*)
 *(COMMON)
 COMMON         0x0080012d        0x4 c:/program files (x86)/atmel/studio/7.0/toolchain/avr8/avr8-gnu-toolchain/bin/../lib/gcc/avr/4.9.2/../../../../avr/lib/avr5\libc.a(malloc.o)
                0x0080012d                __brkval
                0x0080012f                __flp
                0x00800131                PROVIDE (__bss_end, .)
                0x00000f92                __data_load_start = LOADADDR (.data)
                0x0000103c                __data_load_end = (__data_load_start + SIZEOF (.data))

.noinit         0x00800131        0x0
                0x00800131                PROVIDE (__noinit_start, .)
 *(.noinit*)
                0x00800131                PROVIDE (__noinit_end, .)
                0x00800131                _end = .
                0x00800131                PROVIDE (__heap_start, .)

.eeprom         0x00810000        0x0
 *(.eeprom*)
                0x00810000                __eeprom_end = .

.fuse
 *(.fuse)
 *(.lfuse)
 *(.hfuse)
 *(.efuse)

.lock
 *(.lock*)

.signature
 *(.signature*)

.user_signatures
 *(.user_signatures*)

.stab
 *(.stab)

.stabstr
 *(.stabstr)

.stab.excl
 *(.stab.excl)

.stab.exclstr
 *(.stab.exclstr)

.stab.index
 *(.stab.index)

.stab.indexstr
 *(.stab.indexstr)

.comment        0x00000000       0x30
 *(.comment)
 .comment       0x00000000       0x30 main.o
                                 0x31 (size before relaxing)
 .comment       0x00000030       0x31 c:/program files (x86)/atmel/studio/7.0/toolchain/avr8/avr8-gnu-toolchain/bin/../lib/gcc/avr/4.9.2/../../../../avr/lib/avr5\libc.a(malloc.o)

.note.gnu.avr.deviceinfo
                0x00000000       0x3c
 .note.gnu.avr.deviceinfo
                0x00000000       0x3c C:/Program Files (x86)/Atmel/Studio/7.0/Packs/atmel/ATmega_DFP/1.0.90/gcc/dev/atmega16a/avr5/crtatmega16a.o

.note.gnu.build-id
 *(.note.gnu.build-id)

.debug
 *(.debug)

.line
 *(.line)

.debug_srcinfo
 *(.debug_srcinfo)

.debug_sfnames
 *(.debug_sfnames)

.debug_aranges  0x00000000      0x240
 *(.debug_aranges)
 .debug_aranges
                0x00000000      0x240 main.o

.debug_pubnames
 *(.debug_pubnames)

.debug_info     0x00000000     0x3417
 *(.debug_info .gnu.linkonce.wi.*)
 .debug_info    0x00000000     0x3417 main.o

.debug_abbrev   0x00000000      0x60f
 *(.debug_abbrev)
 .debug_abbrev  0x00000000      0x60f main.o

.debug_line     0x00000000      0xbd7
 *(.debug_line .debug_line.* .debug_line_end)
 .debug_line    0x00000000      0xbd7 main.o

.debug_frame    0x00000000      0x624
 *(.debug_frame)
 .debug_frame   0x00000000      0x624 main.o

.debug_str      0x00000000     0x91b1
 *(.debug_str)
 .debug_str     0x00000000     0x91b1 main.o
                               0x931b (size before relaxing)

.debug_loc      0x00000000     0x1071
 *(.debug_loc)
 .debug_loc     0x00000000     0x1071 main.o

.debug_macinfo
 *(.debug_macinfo)

.debug_weaknames
 *(.debug_weaknames)

.debug_funcnames
 *(.debug_funcnames)

.debug_typenames
 *(.debug_typenames)

.debug_varnames
 *(.debug_varnames)

.debug_pubtypes
 *(.debug_pubtypes)

.debug_ranges   0x00000000      0x518
 *(.debug_ranges)
 .debug_ranges  0x00000000      0x518 main.o

.debug_macro    0x00000000      0xf5c
 *(.debug_macro)
 .debug_macro   0x00000000      0x171 main.o
 .debug_macro   0x00000171      0xaa2 main.o
 .debug_macro   0x00000c13       0x1c main.o
 .debug_macro   0x00000c2f      0x10e main.o
 .debug_macro   0x00000d3d       0x20 main.o
 .debug_macro   0x00000d5d       0x69 main.o
 .debug_macro   0x00000dc6       0x16 main.o
 .debug_macro   0x00000ddc       0x10 main.o
 .debug_macro   0x00000dec       0x10 main.o
 .debug_macro   0x00000dfc      0x160 main.o
OUTPUT(MotorServoController.elf elf32-avr)
LOAD linker stubs
